Archive member included to satisfy reference by file (symbol)

/data/riotbuild/riotbase/ProyectoIARS/buttons/bin/cc2650stk/core.a(sched.o)
                              /data/riotbuild/riotbase/ProyectoIARS/buttons/bin/cc2650stk/newlib_syscalls_default/syscalls.o (sched_active_pid)
/data/riotbuild/riotbase/ProyectoIARS/buttons/bin/cc2650stk/cortexm_common.a(thread_arch.o)
                              /data/riotbuild/riotbase/ProyectoIARS/buttons/bin/cc2650stk/core.a(sched.o) (cpu_switch_context_exit)
/data/riotbuild/riotbase/ProyectoIARS/buttons/bin/cc2650stk/cortexm_common.a(vectors_cortexm.o)
                              /data/riotbuild/riotbase/ProyectoIARS/buttons/bin/cc2650stk/cpu/vectors.o (dummy_handler_default)
/data/riotbuild/riotbase/ProyectoIARS/buttons/bin/cc2650stk/cortexm_common.a(irq_arch.o)
                              /data/riotbuild/riotbase/ProyectoIARS/buttons/bin/cc2650stk/newlib_syscalls_default/syscalls.o (irq_disable)
/data/riotbuild/riotbase/ProyectoIARS/buttons/bin/cc2650stk/div.a(div.o)
                              /data/riotbuild/riotbase/ProyectoIARS/buttons/bin/cc2650stk/newlib_syscalls_default/syscalls.o (_div_mulhi64)
/data/riotbuild/riotbase/ProyectoIARS/buttons/bin/cc2650stk/stdio_uart.a(stdio_uart.o)
                              /data/riotbuild/riotbase/ProyectoIARS/buttons/bin/cc2650stk/newlib_syscalls_default/syscalls.o (stdio_init)
/data/riotbuild/riotbase/ProyectoIARS/buttons/bin/cc2650stk/xtimer.a(xtimer_core.o)
                              /data/riotbuild/riotbase/ProyectoIARS/buttons/bin/cc2650stk/newlib_syscalls_default/syscalls.o (_xtimer_now64)
/data/riotbuild/riotbase/ProyectoIARS/buttons/bin/cc2650stk/periph_common.a(pm.o)
                              /data/riotbuild/riotbase/ProyectoIARS/buttons/bin/cc2650stk/newlib_syscalls_default/syscalls.o (pm_off)
/data/riotbuild/riotbase/ProyectoIARS/buttons/bin/cc2650stk/board.a(board.o)
                              /data/riotbuild/riotbase/ProyectoIARS/buttons/bin/cc2650stk/cortexm_common.a(vectors_cortexm.o) (board_init)
/data/riotbuild/riotbase/ProyectoIARS/buttons/bin/cc2650stk/core.a(panic.o)
                              /data/riotbuild/riotbase/ProyectoIARS/buttons/bin/cc2650stk/cortexm_common.a(vectors_cortexm.o) (core_panic)
/data/riotbuild/riotbase/ProyectoIARS/buttons/bin/cc2650stk/core.a(kernel_init.o)
                              /data/riotbuild/riotbase/ProyectoIARS/buttons/bin/cc2650stk/cortexm_common.a(vectors_cortexm.o) (kernel_init)
/data/riotbuild/riotbase/ProyectoIARS/buttons/bin/cc2650stk/core.a(thread.o)
                              /data/riotbuild/riotbase/ProyectoIARS/buttons/bin/cc2650stk/core.a(kernel_init.o) (thread_create)
/data/riotbuild/riotbase/ProyectoIARS/buttons/bin/cc2650stk/cpu.a(cpu.o)
                              /data/riotbuild/riotbase/ProyectoIARS/buttons/bin/cc2650stk/board.a(board.o) (cpu_init)
/data/riotbuild/riotbase/ProyectoIARS/buttons/bin/cc2650stk/periph.a(uart.o)
                              /data/riotbuild/riotbase/ProyectoIARS/buttons/bin/cc2650stk/stdio_uart.a(stdio_uart.o) (uart_write)
/data/riotbuild/riotbase/ProyectoIARS/buttons/bin/cc2650stk/periph.a(pm.o)
                              /data/riotbuild/riotbase/ProyectoIARS/buttons/bin/cc2650stk/core.a(kernel_init.o) (pm_set_lowest)
/data/riotbuild/riotbase/ProyectoIARS/buttons/bin/cc2650stk/periph.a(gpio.o)
                              /data/riotbuild/riotbase/ProyectoIARS/buttons/bin/cc2650stk/board.a(board.o) (gpio_init)
/data/riotbuild/riotbase/ProyectoIARS/buttons/bin/cc2650stk/periph.a(timer.o)
                              /data/riotbuild/riotbase/ProyectoIARS/buttons/bin/cc2650stk/xtimer.a(xtimer_core.o) (timer_init)
/data/riotbuild/riotbase/ProyectoIARS/buttons/bin/cc2650stk/periph_common.a(init.o)
                              /data/riotbuild/riotbase/ProyectoIARS/buttons/bin/cc2650stk/cpu.a(cpu.o) (periph_init)
/data/riotbuild/riotbase/ProyectoIARS/buttons/bin/cc2650stk/application_IARS_buttons.a(main.o)
                              /data/riotbuild/riotbase/ProyectoIARS/buttons/bin/cc2650stk/core.a(kernel_init.o) (main)
/data/riotbuild/riotbase/ProyectoIARS/buttons/bin/cc2650stk/auto_init.a(auto_init.o)
                              /data/riotbuild/riotbase/ProyectoIARS/buttons/bin/cc2650stk/core.a(kernel_init.o) (auto_init)
/data/riotbuild/riotbase/ProyectoIARS/buttons/bin/cc2650stk/cortexm_common.a(cortexm_init.o)
                              /data/riotbuild/riotbase/ProyectoIARS/buttons/bin/cc2650stk/cpu.a(cpu.o) (cortexm_init)
/opt/gcc-arm-none-eabi-7-2018-q2-update/bin/../lib/gcc/arm-none-eabi/7.3.1/../../../../arm-none-eabi/lib/thumb/v7-m/libc_nano.a(lib_a-errno.o)
                              /data/riotbuild/riotbase/ProyectoIARS/buttons/bin/cc2650stk/newlib_syscalls_default/syscalls.o (__errno)
/opt/gcc-arm-none-eabi-7-2018-q2-update/bin/../lib/gcc/arm-none-eabi/7.3.1/../../../../arm-none-eabi/lib/thumb/v7-m/libc_nano.a(lib_a-impure.o)
[...]
Memory Configuration

Name             Origin             Length             Attributes
rom              0x0000000000000000 0x000000000001ffa8 xr
gpram            0x0000000011000000 0x0000000000002000
ram              0x0000000020000000 0x0000000000005000 w !xr
*default*        0x0000000000000000 0xffffffffffffffff

Linker script and memory map

LOAD /data/riotbuild/riotbase/ProyectoIARS/buttons/bin/cc2650stk/cpu/vectors.o
LOAD /data/riotbuild/riotbase/ProyectoIARS/buttons/bin/cc2650stk/newlib_syscalls_default/syscalls.o
START GROUP
LOAD /data/riotbuild/riotbase/ProyectoIARS/buttons/bin/cc2650stk/application_IARS_buttons.a
LOAD /data/riotbuild/riotbase/ProyectoIARS/buttons/bin/cc2650stk/auto_init.a
LOAD /data/riotbuild/riotbase/ProyectoIARS/buttons/bin/cc2650stk/board.a
LOAD /data/riotbuild/riotbase/ProyectoIARS/buttons/bin/cc2650stk/core.a
LOAD /data/riotbuild/riotbase/ProyectoIARS/buttons/bin/cc2650stk/cortexm_common.a
LOAD /data/riotbuild/riotbase/ProyectoIARS/buttons/bin/cc2650stk/cortexm_common_periph.a
LOAD /data/riotbuild/riotbase/ProyectoIARS/buttons/bin/cc2650stk/cpu.a
LOAD /data/riotbuild/riotbase/ProyectoIARS/buttons/bin/cc2650stk/div.a
LOAD /data/riotbuild/riotbase/ProyectoIARS/buttons/bin/cc2650stk/newlib_syscalls_default.a
LOAD /data/riotbuild/riotbase/ProyectoIARS/buttons/bin/cc2650stk/periph.a
LOAD /data/riotbuild/riotbase/ProyectoIARS/buttons/bin/cc2650stk/stdio_uart.a
LOAD /data/riotbuild/riotbase/ProyectoIARS/buttons/bin/cc2650stk/sys.a
LOAD /data/riotbuild/riotbase/ProyectoIARS/buttons/bin/cc2650stk/xtimer.a
LOAD /data/riotbuild/riotbase/ProyectoIARS/buttons/bin/cc2650stk/periph_common.a
LOAD /opt/gcc-arm-none-eabi-7-2018-q2-update/bin/../lib/gcc/arm-none-eabi/7.3.1/../../../../arm-none-eabi/lib/thumb/v7-m/libm.a
END GROUP
LOAD /opt/gcc-arm-none-eabi-7-2018-q2-update/bin/../lib/gcc/arm-none-eabi/7.3.1/thumb/v7-m/libgcc.a
LOAD /opt/gcc-arm-none-eabi-7-2018-q2-update/bin/../lib/gcc/arm-none-eabi/7.3.1/../../../../arm-none-eabi/lib/thumb/v7-m/libc_nano.a
START GROUP
LOAD /opt/gcc-arm-none-eabi-7-2018-q2-update/bin/../lib/gcc/arm-none-eabi/7.3.1/thumb/v7-m/libgcc.a
LOAD /opt/gcc-arm-none-eabi-7-2018-q2-update/bin/../lib/gcc/arm-none-eabi/7.3.1/../../../../arm-none-eabi/lib/thumb/v7-m/libg_nano.a
LOAD /opt/gcc-arm-none-eabi-7-2018-q2-update/bin/../lib/gcc/arm-none-eabi/7.3.1/../../../../arm-none-eabi/lib/thumb/v7-m/libc_nano.a
END GROUP
START GROUP
LOAD /opt/gcc-arm-none-eabi-7-2018-q2-update/bin/../lib/gcc/arm-none-eabi/7.3.1/thumb/v7-m/libgcc.a
LOAD /opt/gcc-arm-none-eabi-7-2018-q2-update/bin/../lib/gcc/arm-none-eabi/7.3.1/../../../../arm-none-eabi/lib/thumb/v7-m/libc_nano.a
END GROUP

.text           0x0000000000000000     0x21f4
                0x0000000000000000                . = ALIGN (0x4)
                0x0000000000000000                _sfixed = .
                0x0000000000000000                _isr_vectors = DEFINED (_isr_vectors)?_isr_vectors:.
 *(SORT_BY_NAME(.vectors*))
 .vectors.0     0x0000000000000000       0x40 /data/riotbuild/riotbase/ProyectoIARS/buttons/bin/cc2650stk/cortexm_common.a(vectors_cortexm.o)
                0x0000000000000000                cortex_vector_base
 .vectors.1     0x0000000000000040       0x88 /data/riotbuild/riotbase/ProyectoIARS/buttons/bin/cc2650stk/cpu/vectors.o
                0x0000000000000040                vector_cpu
 *(.text .text.* .gnu.linkonce.t.*)
 .text.dummy_handler
                0x00000000000000c8        0x4 /data/riotbuild/riotbase/ProyectoIARS/buttons/bin/cc2650stk/cpu/vectors.o
                0x00000000000000c8                isr_ssi1
                0x00000000000000c8                isr_rfc_cpe1
                0x00000000000000c8                isr_watchdog
                0x00000000000000c8                isr_crypto_res
                0x00000000000000c8                isr_aon_rtc
                0x00000000000000c8                isr_i2s
                0x00000000000000c8                isr_scse1_aon
                0x00000000000000c8                dummy_handler
                0x00000000000000c8                isr_adc
                0x00000000000000c8                isr_aux_ce
                0x00000000000000c8                isr_rfc_cpe0
                0x00000000000000c8                isr_comp
                0x00000000000000c8                isr_aon_prog
                0x00000000000000c8                isr_aon_rx_tx_cs
                0x00000000000000c8                isr_flash
                0x00000000000000c8                isr_i2c
                0x00000000000000c8                isr_dma
                0x00000000000000c8                isr_ssi0
                0x00000000000000c8                isr_rfc_cmd_ack
                0x00000000000000c8                isr_dyn_prog
                0x00000000000000c8                isr_scse0_aon
                0x00000000000000c8                isr_trng
                0x00000000000000c8                isr_se0
                0x00000000000000c8                isr_rfc_hw
                0x00000000000000c8                isr_dmaerr
 .text._init    0x00000000000000cc        0x4 /data/riotbuild/riotbase/ProyectoIARS/buttons/bin/cc2650stk/newlib_syscalls_default/syscalls.o
                0x00000000000000cc                _init
 .text._fini    0x00000000000000d0        0x2 /data/riotbuild/riotbase/ProyectoIARS/buttons/bin/cc2650stk/newlib_syscalls_default/syscalls.o
                0x00000000000000d0                _fini
 *fill*         0x00000000000000d2        0x2 
 .text._sbrk_r  0x00000000000000d4       0x3c /data/riotbuild/riotbase/ProyectoIARS/buttons/bin/cc2650stk/newlib_syscalls_default/syscalls.o
                0x00000000000000d4                _sbrk_r
 .text._read_r  0x0000000000000110        0x8 /data/riotbuild/riotbase/ProyectoIARS/buttons/bin/cc2650stk/newlib_syscalls_default/syscalls.o
                0x0000000000000110                _read_r
 .text._write_r
                0x0000000000000118        0x8 /data/riotbuild/riotbase/ProyectoIARS/buttons/bin/cc2650stk/newlib_syscalls_default/syscalls.o
                0x0000000000000118                _write_r
 .text._close_r
                0x0000000000000120        0xa /data/riotbuild/riotbase/ProyectoIARS/buttons/bin/cc2650stk/newlib_syscalls_default/syscalls.o
                0x0000000000000120                _close_r
 .text._lseek_r
                0x000000000000012a        0xa /data/riotbuild/riotbase/ProyectoIARS/buttons/bin/cc2650stk/newlib_syscalls_default/syscalls.o
                0x000000000000012a                _lseek_r
 .text._fstat_r
                0x0000000000000134        0xa /data/riotbuild/riotbase/ProyectoIARS/buttons/bin/cc2650stk/newlib_syscalls_default/syscalls.o
                0x0000000000000134                _fstat_r
 .text._isatty_r
                0x000000000000013e        0xe /data/riotbuild/riotbase/ProyectoIARS/buttons/bin/cc2650stk/newlib_syscalls_default/syscalls.o
                0x000000000000013e                _isatty_r
 .text.sched_run
                0x000000000000014c       0x64 /data/riotbuild/riotbase/ProyectoIARS/buttons/bin/cc2650stk/core.a(sched.o)
                0x000000000000014c                sched_run
 .text.sched_set_status
                0x00000000000001b0       0x80 /data/riotbuild/riotbase/ProyectoIARS/buttons/bin/cc2650stk/core.a(sched.o)
                0x00000000000001b0                sched_set_status
 .text.sched_switch
                0x0000000000000230       0x30 /data/riotbuild/riotbase/ProyectoIARS/buttons/bin/cc2650stk/core.a(sched.o)
                0x0000000000000230                sched_switch
 .text.sched_task_exit
                0x0000000000000260       0x3c /data/riotbuild/riotbase/ProyectoIARS/buttons/bin/cc2650stk/core.a(sched.o)
                0x0000000000000260                sched_task_exit
 .text.thread_stack_init
                0x000000000000029c       0x64 /data/riotbuild/riotbase/ProyectoIARS/buttons/bin/cc2650stk/cortexm_common.a(thread_arch.o)
                0x000000000000029c                thread_stack_init
 .text.cpu_switch_context_exit
                0x0000000000000300        0x8 /data/riotbuild/riotbase/ProyectoIARS/buttons/bin/cc2650stk/cortexm_common.a(thread_arch.o)
                0x0000000000000300                cpu_switch_context_exit
 .text.thread_yield_higher
                0x0000000000000308       0x10 /data/riotbuild/riotbase/ProyectoIARS/buttons/bin/cc2650stk/cortexm_common.a(thread_arch.o)
                0x0000000000000308                thread_yield_higher
 .text.isr_pendsv
                0x0000000000000318       0x1c /data/riotbuild/riotbase/ProyectoIARS/buttons/bin/cc2650stk/cortexm_common.a(thread_arch.o)
                0x0000000000000318                isr_pendsv
 .text.isr_svc  0x0000000000000334       0x1c /data/riotbuild/riotbase/ProyectoIARS/buttons/bin/cc2650stk/cortexm_common.a(thread_arch.o)
                0x0000000000000334                isr_svc
 .text.hard_fault_default
                0x0000000000000350       0x44 /data/riotbuild/riotbase/ProyectoIARS/buttons/bin/cc2650stk/cortexm_common.a(vectors_cortexm.o)
                0x0000000000000350                hard_fault_default
 .text.nmi_default
                0x0000000000000394       0x10 /data/riotbuild/riotbase/ProyectoIARS/buttons/bin/cc2650stk/cortexm_common.a(vectors_cortexm.o)
                0x0000000000000394                nmi_default
 .text.mem_manage_default
                0x00000000000003a4       0x10 /data/riotbuild/riotbase/ProyectoIARS/buttons/bin/cc2650stk/cortexm_common.a(vectors_cortexm.o)
                0x00000000000003a4                mem_manage_default
 .text.bus_fault_default
                0x00000000000003b4       0x10 /data/riotbuild/riotbase/ProyectoIARS/buttons/bin/cc2650stk/cortexm_common.a(vectors_cortexm.o)
                0x00000000000003b4                bus_fault_default
 .text.usage_fault_default
                0x00000000000003c4       0x10 /data/riotbuild/riotbase/ProyectoIARS/buttons/bin/cc2650stk/cortexm_common.a(vectors_cortexm.o)
                0x00000000000003c4                usage_fault_default
 .text.debug_mon_default
                0x00000000000003d4       0x10 /data/riotbuild/riotbase/ProyectoIARS/buttons/bin/cc2650stk/cortexm_common.a(vectors_cortexm.o)
                0x00000000000003d4                debug_mon_default
 .text.dummy_handler_default
                0x00000000000003e4       0x10 /data/riotbuild/riotbase/ProyectoIARS/buttons/bin/cc2650stk/cortexm_common.a(vectors_cortexm.o)
                0x00000000000003e4                dummy_handler_default
                0x00000000000003e4                isr_systick
 .text.pre_startup
                0x00000000000003f4        0x2 /data/riotbuild/riotbase/ProyectoIARS/buttons/bin/cc2650stk/cortexm_common.a(vectors_cortexm.o)
                0x00000000000003f4                pre_startup
 .text.post_startup
                0x00000000000003f6        0x2 /data/riotbuild/riotbase/ProyectoIARS/buttons/bin/cc2650stk/cortexm_common.a(vectors_cortexm.o)
                0x00000000000003f6                post_startup
 .text.reset_handler_default
                0x00000000000003f8       0x6c /data/riotbuild/riotbase/ProyectoIARS/buttons/bin/cc2650stk/cortexm_common.a(vectors_cortexm.o)
                0x00000000000003f8                reset_handler_default
 .text.hard_fault_handler
                0x0000000000000464      0x188 /data/riotbuild/riotbase/ProyectoIARS/buttons/bin/cc2650stk/cortexm_common.a(vectors_cortexm.o)
                0x0000000000000464                hard_fault_handler
 .text.irq_disable
                0x00000000000005ec        0x8 /data/riotbuild/riotbase/ProyectoIARS/buttons/bin/cc2650stk/cortexm_common.a(irq_arch.o)
                0x00000000000005ec                irq_disable
 .text.irq_enable
                0x00000000000005f4        0x8 /data/riotbuild/riotbase/ProyectoIARS/buttons/bin/cc2650stk/cortexm_common.a(irq_arch.o)
                0x00000000000005f4                irq_enable
 .text.irq_restore
                0x00000000000005fc        0x6 /data/riotbuild/riotbase/ProyectoIARS/buttons/bin/cc2650stk/cortexm_common.a(irq_arch.o)
                0x00000000000005fc                irq_restore
 .text.irq_is_in
                0x0000000000000602        0x8 /data/riotbuild/riotbase/ProyectoIARS/buttons/bin/cc2650stk/cortexm_common.a(irq_arch.o)
                0x0000000000000602                irq_is_in
 .text.stdio_init
                0x000000000000060a        0xe /data/riotbuild/riotbase/ProyectoIARS/buttons/bin/cc2650stk/stdio_uart.a(stdio_uart.o)
                0x000000000000060a                stdio_init
 .text.stdio_read
                0x0000000000000618        0x6 /data/riotbuild/riotbase/ProyectoIARS/buttons/bin/cc2650stk/stdio_uart.a(stdio_uart.o)
                0x0000000000000618                stdio_read
 .text.stdio_write
                0x000000000000061e       0x12 /data/riotbuild/riotbase/ProyectoIARS/buttons/bin/cc2650stk/stdio_uart.a(stdio_uart.o)
                0x000000000000061e                stdio_write
 .text._xtimer_lltimer_now
                0x0000000000000630        0x6 /data/riotbuild/riotbase/ProyectoIARS/buttons/bin/cc2650stk/xtimer.a(xtimer_core.o)
 *fill*         0x0000000000000636        0x2 
 .text._xtimer_now
                0x0000000000000638       0x18 /data/riotbuild/riotbase/ProyectoIARS/buttons/bin/cc2650stk/xtimer.a(xtimer_core.o)
 .text._lltimer_set
                0x0000000000000650       0x14 /data/riotbuild/riotbase/ProyectoIARS/buttons/bin/cc2650stk/xtimer.a(xtimer_core.o)
 .text._next_period
                0x0000000000000664       0xc4 /data/riotbuild/riotbase/ProyectoIARS/buttons/bin/cc2650stk/xtimer.a(xtimer_core.o)
 .text._periph_timer_callback
                0x0000000000000728       0xd8 /data/riotbuild/riotbase/ProyectoIARS/buttons/bin/cc2650stk/xtimer.a(xtimer_core.o)
 .text.xtimer_init
                0x0000000000000800       0x24 /data/riotbuild/riotbase/ProyectoIARS/buttons/bin/cc2650stk/xtimer.a(xtimer_core.o)
                0x0000000000000800                xtimer_init
 .text.pm_off   0x0000000000000824        0x8 /data/riotbuild/riotbase/ProyectoIARS/buttons/bin/cc2650stk/periph_common.a(pm.o)
                0x0000000000000824                pm_off
 .text.board_init
                0x000000000000082c       0x1e /data/riotbuild/riotbase/ProyectoIARS/buttons/bin/cc2650stk/board.a(board.o)
                0x000000000000082c                board_init
 .text.panic_arch
                0x000000000000084a        0x2 /data/riotbuild/riotbase/ProyectoIARS/buttons/bin/cc2650stk/core.a(panic.o)
                0x000000000000084a                panic_arch
 .text.core_panic
                0x000000000000084c       0x44 /data/riotbuild/riotbase/ProyectoIARS/buttons/bin/cc2650stk/core.a(panic.o)
                0x000000000000084c                core_panic
 .text.main_trampoline
                0x0000000000000890       0x18 /data/riotbuild/riotbase/ProyectoIARS/buttons/bin/cc2650stk/core.a(kernel_init.o)
 .text.idle_thread
                0x00000000000008a8        0x8 /data/riotbuild/riotbase/ProyectoIARS/buttons/bin/cc2650stk/core.a(kernel_init.o)
 .text.kernel_init
                0x00000000000008b0       0x58 /data/riotbuild/riotbase/ProyectoIARS/buttons/bin/cc2650stk/core.a(kernel_init.o)
                0x00000000000008b0                kernel_init
 .text.thread_create
                0x0000000000000908       0xec /data/riotbuild/riotbase/ProyectoIARS/buttons/bin/cc2650stk/core.a(thread.o)
                0x0000000000000908                thread_create
 .text.cpu_init
                0x00000000000009f4       0x3c /data/riotbuild/riotbase/ProyectoIARS/buttons/bin/cc2650stk/cpu.a(cpu.o)
                0x00000000000009f4                cpu_init
 .text.uart_write
                0x0000000000000a30       0x1c /data/riotbuild/riotbase/ProyectoIARS/buttons/bin/cc2650stk/periph.a(uart.o)
                0x0000000000000a30                uart_write
 .text.uart_poweron
                0x0000000000000a4c       0x20 /data/riotbuild/riotbase/ProyectoIARS/buttons/bin/cc2650stk/periph.a(uart.o)
                0x0000000000000a4c                uart_poweron
 .text.uart_init
                0x0000000000000a6c       0x80 /data/riotbuild/riotbase/ProyectoIARS/buttons/bin/cc2650stk/periph.a(uart.o)
                0x0000000000000a6c                uart_init
 .text.isr_uart
                0x0000000000000aec       0x34 /data/riotbuild/riotbase/ProyectoIARS/buttons/bin/cc2650stk/periph.a(uart.o)
                0x0000000000000aec                isr_uart
 .text.pm_set_lowest
                0x0000000000000b20        0x2 /data/riotbuild/riotbase/ProyectoIARS/buttons/bin/cc2650stk/periph.a(pm.o)
                0x0000000000000b20                pm_set_lowest
 *fill*         0x0000000000000b22        0x2 
 .text.gpio_init
                0x0000000000000b24       0x78 /data/riotbuild/riotbase/ProyectoIARS/buttons/bin/cc2650stk/periph.a(gpio.o)
                0x0000000000000b24                gpio_init
 .text.gpio_set
                0x0000000000000b9c       0x14 /data/riotbuild/riotbase/ProyectoIARS/buttons/bin/cc2650stk/periph.a(gpio.o)
                0x0000000000000b9c                gpio_set
 .text.gpio_irq_enable
                0x0000000000000bb0       0x14 /data/riotbuild/riotbase/ProyectoIARS/buttons/bin/cc2650stk/periph.a(gpio.o)
                0x0000000000000bb0                gpio_irq_enable
 .text.gpio_init_int
                0x0000000000000bc4       0x60 /data/riotbuild/riotbase/ProyectoIARS/buttons/bin/cc2650stk/periph.a(gpio.o)
                0x0000000000000bc4                gpio_init_int
 .text.isr_edge
                0x0000000000000c24       0x50 /data/riotbuild/riotbase/ProyectoIARS/buttons/bin/cc2650stk/periph.a(gpio.o)
                0x0000000000000c24                isr_edge
 .text.dev      0x0000000000000c74       0x20 /data/riotbuild/riotbase/ProyectoIARS/buttons/bin/cc2650stk/periph.a(timer.o)
 .text.irq_handler
                0x0000000000000c94       0x78 /data/riotbuild/riotbase/ProyectoIARS/buttons/bin/cc2650stk/periph.a(timer.o)
 .text.timer_init
                0x0000000000000d0c      0x13c /data/riotbuild/riotbase/ProyectoIARS/buttons/bin/cc2650stk/periph.a(timer.o)
                0x0000000000000d0c                timer_init
 .text.timer_set_absolute
                0x0000000000000e48       0x74 /data/riotbuild/riotbase/ProyectoIARS/buttons/bin/cc2650stk/periph.a(timer.o)
                0x0000000000000e48                timer_set_absolute
 .text.timer_read
                0x0000000000000ebc       0x2c /data/riotbuild/riotbase/ProyectoIARS/buttons/bin/cc2650stk/periph.a(timer.o)
                0x0000000000000ebc                timer_read
 .text.isr_timer0_chan0
                0x0000000000000ee8        0x8 /data/riotbuild/riotbase/ProyectoIARS/buttons/bin/cc2650stk/periph.a(timer.o)
                0x0000000000000ee8                isr_timer0_chan0
 .text.isr_timer0_chan1
                0x0000000000000ef0        0x8 /data/riotbuild/riotbase/ProyectoIARS/buttons/bin/cc2650stk/periph.a(timer.o)
                0x0000000000000ef0                isr_timer0_chan1
 .text.isr_timer1_chan0
                0x0000000000000ef8        0x8 /data/riotbuild/riotbase/ProyectoIARS/buttons/bin/cc2650stk/periph.a(timer.o)
                0x0000000000000ef8                isr_timer1_chan0
 .text.isr_timer1_chan1
                0x0000000000000f00        0x8 /data/riotbuild/riotbase/ProyectoIARS/buttons/bin/cc2650stk/periph.a(timer.o)
                0x0000000000000f00                isr_timer1_chan1
 .text.isr_timer2_chan0
                0x0000000000000f08        0x8 /data/riotbuild/riotbase/ProyectoIARS/buttons/bin/cc2650stk/periph.a(timer.o)
                0x0000000000000f08                isr_timer2_chan0
 .text.isr_timer2_chan1
                0x0000000000000f10        0x8 /data/riotbuild/riotbase/ProyectoIARS/buttons/bin/cc2650stk/periph.a(timer.o)
                0x0000000000000f10                isr_timer2_chan1
 .text.isr_timer3_chan0
                0x0000000000000f18        0x8 /data/riotbuild/riotbase/ProyectoIARS/buttons/bin/cc2650stk/periph.a(timer.o)
                0x0000000000000f18                isr_timer3_chan0
 .text.isr_timer3_chan1
                0x0000000000000f20        0x8 /data/riotbuild/riotbase/ProyectoIARS/buttons/bin/cc2650stk/periph.a(timer.o)
                0x0000000000000f20                isr_timer3_chan1
 .text.periph_init
                0x0000000000000f28        0x2 /data/riotbuild/riotbase/ProyectoIARS/buttons/bin/cc2650stk/periph_common.a(init.o)
                0x0000000000000f28                periph_init
 *fill*         0x0000000000000f2a        0x2 
 .text.cb       0x0000000000000f2c        0xc /data/riotbuild/riotbase/ProyectoIARS/buttons/bin/cc2650stk/application_IARS_buttons.a(main.o)
 .text.startup.main
                0x0000000000000f38       0x78 /data/riotbuild/riotbase/ProyectoIARS/buttons/bin/cc2650stk/application_IARS_buttons.a(main.o)
                0x0000000000000f38                main
 .text.auto_init
                0x0000000000000fb0        0x4 /data/riotbuild/riotbase/ProyectoIARS/buttons/bin/cc2650stk/auto_init.a(auto_init.o)
                0x0000000000000fb0                auto_init
 .text.cortexm_init
                0x0000000000000fb4       0x40 /data/riotbuild/riotbase/ProyectoIARS/buttons/bin/cc2650stk/cortexm_common.a(cortexm_init.o)
                0x0000000000000fb4                cortexm_init
 .text.__libc_init_array
                0x0000000000000ff4       0x48 /opt/gcc-arm-none-eabi-7-2018-q2-update/bin/../lib/gcc/arm-none-eabi/7.3.1/../../../../arm-none-eabi/lib/thumb/v7-m/libc_nano.a(lib_a-init.o)
                0x0000000000000ff4                __libc_init_array
 .text.printf   0x000000000000103c       0x30 /opt/gcc-arm-none-eabi-7-2018-q2-update/bin/../lib/gcc/arm-none-eabi/7.3.1/../../../../arm-none-eabi/lib/thumb/v7-m/libc_nano.a(lib_a-printf.o)
                0x000000000000103c                printf
                0x000000000000103c                iprintf
 .text._puts_r  0x000000000000106c       0xb8 /opt/gcc-arm-none-eabi-7-2018-q2-update/bin/../lib/gcc/arm-none-eabi/7.3.1/../../../../arm-none-eabi/lib/thumb/v7-m/libc_nano.a(lib_a-puts.o)
                0x000000000000106c                _puts_r
 .text.puts     0x0000000000001124       0x10 /opt/gcc-arm-none-eabi-7-2018-q2-update/bin/../lib/gcc/arm-none-eabi/7.3.1/../../../../arm-none-eabi/lib/thumb/v7-m/libc_nano.a(lib_a-puts.o)
                0x0000000000001124                puts
 .text.__swbuf_r
                0x0000000000001134       0xa4 /opt/gcc-arm-none-eabi-7-2018-q2-update/bin/../lib/gcc/arm-none-eabi/7.3.1/../../../../arm-none-eabi/lib/thumb/v7-m/libc_nano.a(lib_a-wbuf.o)
                0x0000000000001134                __swbuf_r
 .text.__swsetup_r
                0x00000000000011d8       0xdc /opt/gcc-arm-none-eabi-7-2018-q2-update/bin/../lib/gcc/arm-none-eabi/7.3.1/../../../../arm-none-eabi/lib/thumb/v7-m/libc_nano.a(lib_a-wsetup.o)
                0x00000000000011d8                __swsetup_r
 .text.__sflush_r
                0x00000000000012b4      0x10c /opt/gcc-arm-none-eabi-7-2018-q2-update/bin/../lib/gcc/arm-none-eabi/7.3.1/../../../../arm-none-eabi/lib/thumb/v7-m/libc_nano.a(lib_a-fflush.o)
                0x00000000000012b4                __sflush_r
 .text._fflush_r
                0x00000000000013c0       0x54 /opt/gcc-arm-none-eabi-7-2018-q2-update/bin/../lib/gcc/arm-none-eabi/7.3.1/../../../../arm-none-eabi/lib/thumb/v7-m/libc_nano.a(lib_a-fflush.o)
                0x00000000000013c0                _fflush_r
 .text.std      0x0000000000001414       0x48 /opt/gcc-arm-none-eabi-7-2018-q2-update/bin/../lib/gcc/arm-none-eabi/7.3.1/../../../../arm-none-eabi/lib/thumb/v7-m/libc_nano.a(lib_a-findfp.o)
 .text._cleanup_r
                0x000000000000145c        0xc /opt/gcc-arm-none-eabi-7-2018-q2-update/bin/../lib/gcc/arm-none-eabi/7.3.1/../../../../arm-none-eabi/lib/thumb/v7-m/libc_nano.a(lib_a-findfp.o)
                0x000000000000145c                _cleanup_r
 .text.__sfmoreglue
                0x0000000000001468       0x2c /opt/gcc-arm-none-eabi-7-2018-q2-update/bin/../lib/gcc/arm-none-eabi/7.3.1/../../../../arm-none-eabi/lib/thumb/v7-m/libc_nano.a(lib_a-findfp.o)
                0x0000000000001468                __sfmoreglue
 .text.__sinit  0x0000000000001494       0x60 /opt/gcc-arm-none-eabi-7-2018-q2-update/bin/../lib/gcc/arm-none-eabi/7.3.1/../../../../arm-none-eabi/lib/thumb/v7-m/libc_nano.a(lib_a-findfp.o)
                0x0000000000001494                __sinit
 .text.__sfp    0x00000000000014f4       0x78 /opt/gcc-arm-none-eabi-7-2018-q2-update/bin/../lib/gcc/arm-none-eabi/7.3.1/../../../../arm-none-eabi/lib/thumb/v7-m/libc_nano.a(lib_a-findfp.o)
                0x00000000000014f4                __sfp
 .text._fwalk_reent
                0x000000000000156c       0x3c /opt/gcc-arm-none-eabi-7-2018-q2-update/bin/../lib/gcc/arm-none-eabi/7.3.1/../../../../arm-none-eabi/lib/thumb/v7-m/libc_nano.a(lib_a-fwalk.o)
                0x000000000000156c                _fwalk_reent
 .text.__swhatbuf_r
                0x00000000000015a8       0x48 /opt/gcc-arm-none-eabi-7-2018-q2-update/bin/../lib/gcc/arm-none-eabi/7.3.1/../../../../arm-none-eabi/lib/thumb/v7-m/libc_nano.a(lib_a-makebuf.o)
                0x00000000000015a8                __swhatbuf_r
 .text.__smakebuf_r
                0x00000000000015f0       0x80 /opt/gcc-arm-none-eabi-7-2018-q2-update/bin/../lib/gcc/arm-none-eabi/7.3.1/../../../../arm-none-eabi/lib/thumb/v7-m/libc_nano.a(lib_a-makebuf.o)
                0x00000000000015f0                __smakebuf_r
 .text.memset   0x0000000000001670       0x10 /opt/gcc-arm-none-eabi-7-2018-q2-update/bin/../lib/gcc/arm-none-eabi/7.3.1/../../../../arm-none-eabi/lib/thumb/v7-m/libc_nano.a(lib_a-memset.o)
                0x0000000000001670                memset
 .text._free_r  0x0000000000001680       0x98 /opt/gcc-arm-none-eabi-7-2018-q2-update/bin/../lib/gcc/arm-none-eabi/7.3.1/../../../../arm-none-eabi/lib/thumb/v7-m/libc_nano.a(lib_a-nano-freer.o)
                0x0000000000001680                _free_r
 .text._malloc_r
                0x0000000000001718       0xb4 /opt/gcc-arm-none-eabi-7-2018-q2-update/bin/../lib/gcc/arm-none-eabi/7.3.1/../../../../arm-none-eabi/lib/thumb/v7-m/libc_nano.a(lib_a-nano-mallocr.o)
                0x0000000000001718                _malloc_r
 .text.__sfputc_r
                0x00000000000017cc       0x2a /opt/gcc-arm-none-eabi-7-2018-q2-update/bin/../lib/gcc/arm-none-eabi/7.3.1/../../../../arm-none-eabi/lib/thumb/v7-m/libc_nano.a(lib_a-nano-vfprintf.o)
 .text.__sfputs_r
                0x00000000000017f6       0x24 /opt/gcc-arm-none-eabi-7-2018-q2-update/bin/../lib/gcc/arm-none-eabi/7.3.1/../../../../arm-none-eabi/lib/thumb/v7-m/libc_nano.a(lib_a-nano-vfprintf.o)
                0x00000000000017f6                __sfputs_r
 *fill*         0x000000000000181a        0x2 
 .text._vfprintf_r
                0x000000000000181c      0x22c /opt/gcc-arm-none-eabi-7-2018-q2-update/bin/../lib/gcc/arm-none-eabi/7.3.1/../../../../arm-none-eabi/lib/thumb/v7-m/libc_nano.a(lib_a-nano-vfprintf.o)
                0x000000000000181c                _vfiprintf_r
                0x000000000000181c                _vfprintf_r
 .text._printf_common
                0x0000000000001a48       0xec /opt/gcc-arm-none-eabi-7-2018-q2-update/bin/../lib/gcc/arm-none-eabi/7.3.1/../../../../arm-none-eabi/lib/thumb/v7-m/libc_nano.a(lib_a-nano-vfprintf_i.o)
                0x0000000000001a48                _printf_common
 .text._printf_i
                0x0000000000001b34      0x224 /opt/gcc-arm-none-eabi-7-2018-q2-update/bin/../lib/gcc/arm-none-eabi/7.3.1/../../../../arm-none-eabi/lib/thumb/v7-m/libc_nano.a(lib_a-nano-vfprintf_i.o)
                0x0000000000001b34                _printf_i
 .text.__sread  0x0000000000001d58       0x22 /opt/gcc-arm-none-eabi-7-2018-q2-update/bin/../lib/gcc/arm-none-eabi/7.3.1/../../../../arm-none-eabi/lib/thumb/v7-m/libc_nano.a(lib_a-stdio.o)
                0x0000000000001d58                __sread
 .text.__swrite
                0x0000000000001d7a       0x38 /opt/gcc-arm-none-eabi-7-2018-q2-update/bin/../lib/gcc/arm-none-eabi/7.3.1/../../../../arm-none-eabi/lib/thumb/v7-m/libc_nano.a(lib_a-stdio.o)
                0x0000000000001d7a                __swrite
 .text.__sseek  0x0000000000001db2       0x24 /opt/gcc-arm-none-eabi-7-2018-q2-update/bin/../lib/gcc/arm-none-eabi/7.3.1/../../../../arm-none-eabi/lib/thumb/v7-m/libc_nano.a(lib_a-stdio.o)
                0x0000000000001db2                __sseek
 .text.__sclose
                0x0000000000001dd6        0x8 /opt/gcc-arm-none-eabi-7-2018-q2-update/bin/../lib/gcc/arm-none-eabi/7.3.1/../../../../arm-none-eabi/lib/thumb/v7-m/libc_nano.a(lib_a-stdio.o)
                0x0000000000001dd6                __sclose
 .text.memchr   0x0000000000001dde       0x1c /opt/gcc-arm-none-eabi-7-2018-q2-update/bin/../lib/gcc/arm-none-eabi/7.3.1/../../../../arm-none-eabi/lib/thumb/v7-m/libc_nano.a(lib_a-memchr-stub.o)
                0x0000000000001dde                memchr
 .text.__malloc_lock
                0x0000000000001dfa        0x2 /opt/gcc-arm-none-eabi-7-2018-q2-update/bin/../lib/gcc/arm-none-eabi/7.3.1/../../../../arm-none-eabi/lib/thumb/v7-m/libc_nano.a(lib_a-mlock.o)
                0x0000000000001dfa                __malloc_lock
 .text.__malloc_unlock
                0x0000000000001dfc        0x2 /opt/gcc-arm-none-eabi-7-2018-q2-update/bin/../lib/gcc/arm-none-eabi/7.3.1/../../../../arm-none-eabi/lib/thumb/v7-m/libc_nano.a(lib_a-mlock.o)
                0x0000000000001dfc                __malloc_unlock
 *(.glue_7t)
 .glue_7t       0x0000000000001dfe        0x0 linker stubs
 *(.glue_7)
 .glue_7        0x0000000000001dfe        0x0 linker stubs
 *(.rodata .rodata* .gnu.linkonce.r.*)
 .rodata.bus_fault_default.str1.1
                0x0000000000001dfe       0x12 /data/riotbuild/riotbase/ProyectoIARS/buttons/bin/cc2650stk/cortexm_common.a(vectors_cortexm.o)
 .rodata.debug_mon_default.str1.1
                0x0000000000001e10       0x12 /data/riotbuild/riotbase/ProyectoIARS/buttons/bin/cc2650stk/cortexm_common.a(vectors_cortexm.o)
 .rodata.dummy_handler_default.str1.1
                0x0000000000001e22        0xe /data/riotbuild/riotbase/ProyectoIARS/buttons/bin/cc2650stk/cortexm_common.a(vectors_cortexm.o)
 .rodata.hard_fault_handler.str1.1
                0x0000000000001e30      0x1f4 /data/riotbuild/riotbase/ProyectoIARS/buttons/bin/cc2650stk/cortexm_common.a(vectors_cortexm.o)
 .rodata.mem_manage_default.str1.1
                0x0000000000002024       0x13 /data/riotbuild/riotbase/ProyectoIARS/buttons/bin/cc2650stk/cortexm_common.a(vectors_cortexm.o)
 .rodata.nmi_default.str1.1
                0x0000000000002037        0xc /data/riotbuild/riotbase/ProyectoIARS/buttons/bin/cc2650stk/cortexm_common.a(vectors_cortexm.o)
 .rodata.usage_fault_default.str1.1
                0x0000000000002043       0x14 /data/riotbuild/riotbase/ProyectoIARS/buttons/bin/cc2650stk/cortexm_common.a(vectors_cortexm.o)
 .rodata.assert_crash_message
                0x0000000000002057       0x12 /data/riotbuild/riotbase/ProyectoIARS/buttons/bin/cc2650stk/core.a(panic.o)
                0x0000000000002057                assert_crash_message
 .rodata.core_panic.str1.1
                0x0000000000002069       0x2e /data/riotbuild/riotbase/ProyectoIARS/buttons/bin/cc2650stk/core.a(panic.o)
 .rodata.main_trampoline.str1.1
                0x0000000000002097       0x3a /data/riotbuild/riotbase/ProyectoIARS/buttons/bin/cc2650stk/core.a(kernel_init.o)
 .rodata.str1.1
                0x00000000000020d1        0xa /data/riotbuild/riotbase/ProyectoIARS/buttons/bin/cc2650stk/core.a(kernel_init.o)
 *fill*         0x00000000000020db        0x1 
 .rodata.chn_isr_cfg
                0x00000000000020dc        0x8 /data/riotbuild/riotbase/ProyectoIARS/buttons/bin/cc2650stk/periph.a(timer.o)
 .rodata.timer_config
                0x00000000000020e4        0x8 /data/riotbuild/riotbase/ProyectoIARS/buttons/bin/cc2650stk/periph.a(timer.o)
 .rodata.cb.str1.1
                0x00000000000020ec        0xf /data/riotbuild/riotbase/ProyectoIARS/buttons/bin/cc2650stk/application_IARS_buttons.a(main.o)
 .rodata.main.str1.1
                0x00000000000020fb       0x5f /data/riotbuild/riotbase/ProyectoIARS/buttons/bin/cc2650stk/application_IARS_buttons.a(main.o)
 *fill*         0x000000000000215a        0x2 
 .rodata._global_impure_ptr
                0x000000000000215c        0x4 /opt/gcc-arm-none-eabi-7-2018-q2-update/bin/../lib/gcc/arm-none-eabi/7.3.1/../../../../arm-none-eabi/lib/thumb/v7-m/libc_nano.a(lib_a-impure.o)
                0x000000000000215c                _global_impure_ptr
 .rodata.__sf_fake_stderr
                0x0000000000002160       0x20 /opt/gcc-arm-none-eabi-7-2018-q2-update/bin/../lib/gcc/arm-none-eabi/7.3.1/../../../../arm-none-eabi/lib/thumb/v7-m/libc_nano.a(lib_a-findfp.o)
                0x0000000000002160                __sf_fake_stderr
 .rodata.__sf_fake_stdin
                0x0000000000002180       0x20 /opt/gcc-arm-none-eabi-7-2018-q2-update/bin/../lib/gcc/arm-none-eabi/7.3.1/../../../../arm-none-eabi/lib/thumb/v7-m/libc_nano.a(lib_a-findfp.o)
                0x0000000000002180                __sf_fake_stdin
 .rodata.__sf_fake_stdout
                0x00000000000021a0       0x20 /opt/gcc-arm-none-eabi-7-2018-q2-update/bin/../lib/gcc/arm-none-eabi/7.3.1/../../../../arm-none-eabi/lib/thumb/v7-m/libc_nano.a(lib_a-findfp.o)
                0x00000000000021a0                __sf_fake_stdout
 .rodata._vfprintf_r.str1.1
                0x00000000000021c0       0x11 /opt/gcc-arm-none-eabi-7-2018-q2-update/bin/../lib/gcc/arm-none-eabi/7.3.1/../../../../arm-none-eabi/lib/thumb/v7-m/libc_nano.a(lib_a-nano-vfprintf.o)
 .rodata._printf_i.str1.1
                0x00000000000021d1       0x22 /opt/gcc-arm-none-eabi-7-2018-q2-update/bin/../lib/gcc/arm-none-eabi/7.3.1/../../../../arm-none-eabi/lib/thumb/v7-m/libc_nano.a(lib_a-nano-vfprintf_i.o)
 *(.ARM.extab* .gnu.linkonce.armextab.*)
                0x00000000000021f4                . = ALIGN (0x4)
 *fill*         0x00000000000021f3        0x1 
 *(.init)
                0x00000000000021f4                . = ALIGN (0x4)
                0x00000000000021f4                __preinit_array_start = .
 *(.preinit_array)
                0x00000000000021f4                __preinit_array_end = .
                0x00000000000021f4                . = ALIGN (0x4)
                0x00000000000021f4                __init_array_start = .
 *(SORT_BY_NAME(.init_array.*))
 *(.init_array)
                0x00000000000021f4                __init_array_end = .
                0x00000000000021f4                . = ALIGN (0x4)
 *crtbegin.o(.ctors)
 *(EXCLUDE_FILE(*crtend.o) .ctors)
 *(SORT_BY_NAME(.ctors.*))
 *crtend.o(.ctors)
                0x00000000000021f4                . = ALIGN (0x4)
 *(.fini)
                0x00000000000021f4                . = ALIGN (0x4)
                0x00000000000021f4                __fini_array_start = .
 *(.fini_array)
 *(SORT_BY_NAME(.fini_array.*))
                0x00000000000021f4                __fini_array_end = .
 *crtbegin.o(.dtors)
 *(EXCLUDE_FILE(*crtend.o) .dtors)
 *(SORT_BY_NAME(.dtors.*))
 *crtend.o(.dtors)
                0x00000000000021f4                . = ALIGN (0x4)
                0x00000000000021f4                _efixed = .
                [!provide]                        PROVIDE (__exidx_start = .)

.vfp11_veneer   0x00000000000021f4        0x0
 .vfp11_veneer  0x00000000000021f4        0x0 linker stubs

.v4_bx          0x00000000000021f4        0x0
 .v4_bx         0x00000000000021f4        0x0 linker stubs

.iplt           0x00000000000021f4        0x0
 .iplt          0x00000000000021f4        0x0 /data/riotbuild/riotbase/ProyectoIARS/buttons/bin/cc2650stk/cpu/vectors.o

.igot.plt       0x00000000000021f4        0x0
 .igot.plt      0x00000000000021f4        0x0 /data/riotbuild/riotbase/ProyectoIARS/buttons/bin/cc2650stk/cpu/vectors.o

.rel.dyn        0x00000000000021f4        0x0
 .rel.iplt      0x00000000000021f4        0x0 /data/riotbuild/riotbase/ProyectoIARS/buttons/bin/cc2650stk/cpu/vectors.o

.ARM.exidx
 *(.ARM.exidx* .gnu.linkonce.armexidx.*)
                [!provide]                        PROVIDE (__exidx_end = .)
                0x00000000000021f4                . = ALIGN (0x4)

.eh_frame
 *(.eh_frame)
                0x00000000000021f4                . = ALIGN (0x4)
                0x00000000000021f4                _etext = .

.stack          0x0000000020000000      0x200
 *(.puf)
                0x0000000020000000                . = ALIGN (0x8)
                0x0000000020000000                _sstack = .
 *(.isr_stack)
 .isr_stack     0x0000000020000000      0x200 /data/riotbuild/riotbase/ProyectoIARS/buttons/bin/cc2650stk/cortexm_common.a(vectors_cortexm.o)
                0x0000000020000000                isr_stack
                0x0000000020000200                . = ALIGN (0x8)
                0x0000000020000200                _estack = .

.relocate       0x0000000020000200       0x74 load address 0x00000000000021f4
                0x0000000020000200                . = ALIGN (0x4)
                0x0000000020000200                _srelocate = .
 *(.ramfunc .ramfunc.*)
 *(.data .data.*)
 .data.heap_top
                0x0000000020000200        0x4 /data/riotbuild/riotbase/ProyectoIARS/buttons/bin/cc2650stk/newlib_syscalls_default/syscalls.o
                0x0000000020000200                heap_top
 .data.idle_name
                0x0000000020000204        0x4 /data/riotbuild/riotbase/ProyectoIARS/buttons/bin/cc2650stk/core.a(kernel_init.o)
                0x0000000020000204                idle_name
 .data.main_name
                0x0000000020000208        0x4 /data/riotbuild/riotbase/ProyectoIARS/buttons/bin/cc2650stk/core.a(kernel_init.o)
                0x0000000020000208                main_name
 .data._impure_ptr
                0x000000002000020c        0x4 /opt/gcc-arm-none-eabi-7-2018-q2-update/bin/../lib/gcc/arm-none-eabi/7.3.1/../../../../arm-none-eabi/lib/thumb/v7-m/libc_nano.a(lib_a-impure.o)
                0x000000002000020c                _impure_ptr
 .data.impure_data
                0x0000000020000210       0x60 /opt/gcc-arm-none-eabi-7-2018-q2-update/bin/../lib/gcc/arm-none-eabi/7.3.1/../../../../arm-none-eabi/lib/thumb/v7-m/libc_nano.a(lib_a-impure.o)
 *(.openocd .openocd.*)
 .openocd       0x0000000020000270        0x2 /data/riotbuild/riotbase/ProyectoIARS/buttons/bin/cc2650stk/core.a(sched.o)
                0x0000000020000270                _tcb_name_offset
                0x0000000020000271                max_threads
                0x0000000020000274                . = ALIGN (0x4)
 *fill*         0x0000000020000272        0x2 
                0x0000000020000274                _erelocate = .

.bss            0x0000000020000274      0x924 load address 0x0000000000002268
                0x0000000020000274                . = ALIGN (0x4)
                0x0000000020000274                _sbss = .
                0x0000000020000274                _szero = .
 *(.bss .bss.*)
 .bss.runqueue_bitcache
                0x0000000020000274        0x4 /data/riotbuild/riotbase/ProyectoIARS/buttons/bin/cc2650stk/core.a(sched.o)
 .bss.sched_active_pid
                0x0000000020000278        0x2 /data/riotbuild/riotbase/ProyectoIARS/buttons/bin/cc2650stk/core.a(sched.o)
                0x0000000020000278                sched_active_pid
 *fill*         0x000000002000027a        0x2 
 .bss.sched_active_thread
                0x000000002000027c        0x4 /data/riotbuild/riotbase/ProyectoIARS/buttons/bin/cc2650stk/core.a(sched.o)
                0x000000002000027c                sched_active_thread
 .bss.sched_context_switch_request
                0x0000000020000280        0x4 /data/riotbuild/riotbase/ProyectoIARS/buttons/bin/cc2650stk/core.a(sched.o)
                0x0000000020000280                sched_context_switch_request
 .bss.sched_num_threads
                0x0000000020000284        0x4 /data/riotbuild/riotbase/ProyectoIARS/buttons/bin/cc2650stk/core.a(sched.o)
                0x0000000020000284                sched_num_threads
 .bss.sched_runqueues
                0x0000000020000288       0x40 /data/riotbuild/riotbase/ProyectoIARS/buttons/bin/cc2650stk/core.a(sched.o)
                0x0000000020000288                sched_runqueues
 .bss.sched_threads
                0x00000000200002c8       0x84 /data/riotbuild/riotbase/ProyectoIARS/buttons/bin/cc2650stk/core.a(sched.o)
                0x00000000200002c8                sched_threads
 .bss._in_handler
                0x000000002000034c        0x4 /data/riotbuild/riotbase/ProyectoIARS/buttons/bin/cc2650stk/xtimer.a(xtimer_core.o)
 .bss._long_cnt
                0x0000000020000350        0x4 /data/riotbuild/riotbase/ProyectoIARS/buttons/bin/cc2650stk/xtimer.a(xtimer_core.o)
 .bss._xtimer_high_cnt
                0x0000000020000354        0x4 /data/riotbuild/riotbase/ProyectoIARS/buttons/bin/cc2650stk/xtimer.a(xtimer_core.o)
                0x0000000020000354                _xtimer_high_cnt
 .bss.long_list_head
                0x0000000020000358        0x4 /data/riotbuild/riotbase/ProyectoIARS/buttons/bin/cc2650stk/xtimer.a(xtimer_core.o)
 .bss.overflow_list_head
                0x000000002000035c        0x4 /data/riotbuild/riotbase/ProyectoIARS/buttons/bin/cc2650stk/xtimer.a(xtimer_core.o)
 .bss.timer_list_head
                0x0000000020000360        0x4 /data/riotbuild/riotbase/ProyectoIARS/buttons/bin/cc2650stk/xtimer.a(xtimer_core.o)
 .bss.crashed   0x0000000020000364        0x4 /data/riotbuild/riotbase/ProyectoIARS/buttons/bin/cc2650stk/core.a(panic.o)
 .bss.idle_stack
                0x0000000020000368      0x100 /data/riotbuild/riotbase/ProyectoIARS/buttons/bin/cc2650stk/core.a(kernel_init.o)
 .bss.main_stack
                0x0000000020000468      0x600 /data/riotbuild/riotbase/ProyectoIARS/buttons/bin/cc2650stk/core.a(kernel_init.o)
 .bss.ctx       0x0000000020000a68        0x8 /data/riotbuild/riotbase/ProyectoIARS/buttons/bin/cc2650stk/periph.a(uart.o)
 .bss.gpio_chan
                0x0000000020000a70      0x100 /data/riotbuild/riotbase/ProyectoIARS/buttons/bin/cc2650stk/periph.a(gpio.o)
 .bss.isr_ctx   0x0000000020000b70       0x20 /data/riotbuild/riotbase/ProyectoIARS/buttons/bin/cc2650stk/periph.a(timer.o)
 .bss.__malloc_free_list
                0x0000000020000b90        0x4 /opt/gcc-arm-none-eabi-7-2018-q2-update/bin/../lib/gcc/arm-none-eabi/7.3.1/../../../../arm-none-eabi/lib/thumb/v7-m/libc_nano.a(lib_a-nano-mallocr.o)
                0x0000000020000b90                __malloc_free_list
 .bss.__malloc_sbrk_start
                0x0000000020000b94        0x4 /opt/gcc-arm-none-eabi-7-2018-q2-update/bin/../lib/gcc/arm-none-eabi/7.3.1/../../../../arm-none-eabi/lib/thumb/v7-m/libc_nano.a(lib_a-nano-mallocr.o)
                0x0000000020000b94                __malloc_sbrk_start
 *(COMMON)
                0x0000000020000b98                . = ALIGN (0x4)
                0x0000000020000b98                _ebss = .
                0x0000000020000b98                _ezero = .

.noinit         0x0000000020000b98        0x0 load address 0x0000000000002268
                0x0000000020000b98                __noinit_start = .
 *(.noinit)
                0x0000000020000b98                . = ALIGN (0x4)
                0x0000000020000b98                __noinit_end = .
                0x0000000020000b98                . = ALIGN (0x4)
                0x0000000020000b98                _sheap = .
                0x0000000020005000                _eheap = (ORIGIN (ram) + LENGTH (ram))
                0x0000000020000000                _sram = ORIGIN (ram)
                0x0000000020005000                _eram = (ORIGIN (ram) + LENGTH (ram))
OUTPUT(/data/riotbuild/riotbase/ProyectoIARS/buttons/bin/cc2650stk/IARS_buttons.elf elf32-littlearm)

.debug_info     0x0000000000000000    0x1605b
 .debug_info    0x0000000000000000      0xd55 /data/riotbuild/riotbase/ProyectoIARS/buttons/bin/cc2650stk/cpu/vectors.o
 .debug_info    0x0000000000000d55     0x1635 /data/riotbuild/riotbase/ProyectoIARS/buttons/bin/cc2650stk/newlib_syscalls_default/syscalls.o
 .debug_info    0x000000000000238a      0xe48 /data/riotbuild/riotbase/ProyectoIARS/buttons/bin/cc2650stk/core.a(sched.o)
 .debug_info    0x00000000000031d2      0xfdc /data/riotbuild/riotbase/ProyectoIARS/buttons/bin/cc2650stk/cortexm_common.a(thread_arch.o)
 .debug_info    0x00000000000041ae     0x14bb /data/riotbuild/riotbase/ProyectoIARS/buttons/bin/cc2650stk/cortexm_common.a(vectors_cortexm.o)
 .debug_info    0x0000000000005669      0xcf3 /data/riotbuild/riotbase/ProyectoIARS/buttons/bin/cc2650stk/cortexm_common.a(irq_arch.o)
 .debug_info    0x000000000000635c      0xd7f /data/riotbuild/riotbase/ProyectoIARS/buttons/bin/cc2650stk/stdio_uart.a(stdio_uart.o)
 .debug_info    0x00000000000070db     0x1983 /data/riotbuild/riotbase/ProyectoIARS/buttons/bin/cc2650stk/xtimer.a(xtimer_core.o)
 .debug_info    0x0000000000008a5e      0xba5 /data/riotbuild/riotbase/ProyectoIARS/buttons/bin/cc2650stk/periph_common.a(pm.o)
 .debug_info    0x0000000000009603      0xc87 /data/riotbuild/riotbase/ProyectoIARS/buttons/bin/cc2650stk/board.a(board.o)
 .debug_info    0x000000000000a28a      0xd3f /data/riotbuild/riotbase/ProyectoIARS/buttons/bin/cc2650stk/core.a(panic.o)
 .debug_info    0x000000000000afc9      0xda9 /data/riotbuild/riotbase/ProyectoIARS/buttons/bin/cc2650stk/core.a(kernel_init.o)
 .debug_info    0x000000000000bd72     0x1213 /data/riotbuild/riotbase/ProyectoIARS/buttons/bin/cc2650stk/core.a(thread.o)
 .debug_info    0x000000000000cf85      0xf1c /data/riotbuild/riotbase/ProyectoIARS/buttons/bin/cc2650stk/cpu.a(cpu.o)
 .debug_info    0x000000000000dea1     0x15f9 /data/riotbuild/riotbase/ProyectoIARS/buttons/bin/cc2650stk/periph.a(uart.o)
 .debug_info    0x000000000000f49a      0xb8c /data/riotbuild/riotbase/ProyectoIARS/buttons/bin/cc2650stk/periph.a(pm.o)
 .debug_info    0x0000000000010026     0x1737 /data/riotbuild/riotbase/ProyectoIARS/buttons/bin/cc2650stk/periph.a(gpio.o)
 .debug_info    0x000000000001175d     0x1d6e /data/riotbuild/riotbase/ProyectoIARS/buttons/bin/cc2650stk/periph.a(timer.o)
 .debug_info    0x00000000000134cb       0x3b /data/riotbuild/riotbase/ProyectoIARS/buttons/bin/cc2650stk/periph_common.a(init.o)
 .debug_info    0x0000000000013506      0xdc7 /data/riotbuild/riotbase/ProyectoIARS/buttons/bin/cc2650stk/application_IARS_buttons.a(main.o)
 .debug_info    0x00000000000142cd      0xc0f /data/riotbuild/riotbase/ProyectoIARS/buttons/bin/cc2650stk/auto_init.a(auto_init.o)
 .debug_info    0x0000000000014edc     0x117f /data/riotbuild/riotbase/ProyectoIARS/buttons/bin/cc2650stk/cortexm_common.a(cortexm_init.o)

.debug_abbrev   0x0000000000000000     0x3be2
 .debug_abbrev  0x0000000000000000      0x204 /data/riotbuild/riotbase/ProyectoIARS/buttons/bin/cc2650stk/cpu/vectors.o
 .debug_abbrev  0x0000000000000204      0x413 /data/riotbuild/riotbase/ProyectoIARS/buttons/bin/cc2650stk/newlib_syscalls_default/syscalls.o
 .debug_abbrev  0x0000000000000617      0x33c /data/riotbuild/riotbase/ProyectoIARS/buttons/bin/cc2650stk/core.a(sched.o)
 .debug_abbrev  0x0000000000000953      0x318 /data/riotbuild/riotbase/ProyectoIARS/buttons/bin/cc2650stk/cortexm_common.a(thread_arch.o)
 .debug_abbrev  0x0000000000000c6b      0x3b6 /data/riotbuild/riotbase/ProyectoIARS/buttons/bin/cc2650stk/cortexm_common.a(vectors_cortexm.o)
 .debug_abbrev  0x0000000000001021      0x289 /data/riotbuild/riotbase/ProyectoIARS/buttons/bin/cc2650stk/cortexm_common.a(irq_arch.o)
 .debug_abbrev  0x00000000000012aa      0x24b /data/riotbuild/riotbase/ProyectoIARS/buttons/bin/cc2650stk/stdio_uart.a(stdio_uart.o)
 .debug_abbrev  0x00000000000014f5      0x516 /data/riotbuild/riotbase/ProyectoIARS/buttons/bin/cc2650stk/xtimer.a(xtimer_core.o)
 .debug_abbrev  0x0000000000001a0b      0x1c5 /data/riotbuild/riotbase/ProyectoIARS/buttons/bin/cc2650stk/periph_common.a(pm.o)
 .debug_abbrev  0x0000000000001bd0      0x20d /data/riotbuild/riotbase/ProyectoIARS/buttons/bin/cc2650stk/board.a(board.o)
 .debug_abbrev  0x0000000000001ddd      0x270 /data/riotbuild/riotbase/ProyectoIARS/buttons/bin/cc2650stk/core.a(panic.o)
 .debug_abbrev  0x000000000000204d      0x241 /data/riotbuild/riotbase/ProyectoIARS/buttons/bin/cc2650stk/core.a(kernel_init.o)
 .debug_abbrev  0x000000000000228e      0x336 /data/riotbuild/riotbase/ProyectoIARS/buttons/bin/cc2650stk/core.a(thread.o)
 .debug_abbrev  0x00000000000025c4      0x200 /data/riotbuild/riotbase/ProyectoIARS/buttons/bin/cc2650stk/cpu.a(cpu.o)
 .debug_abbrev  0x00000000000027c4      0x332 /data/riotbuild/riotbase/ProyectoIARS/buttons/bin/cc2650stk/periph.a(uart.o)
 .debug_abbrev  0x0000000000002af6      0x1a7 /data/riotbuild/riotbase/ProyectoIARS/buttons/bin/cc2650stk/periph.a(pm.o)
 .debug_abbrev  0x0000000000002c9d      0x3a7 /data/riotbuild/riotbase/ProyectoIARS/buttons/bin/cc2650stk/periph.a(gpio.o)
 .debug_abbrev  0x0000000000003044      0x3f7 /data/riotbuild/riotbase/ProyectoIARS/buttons/bin/cc2650stk/periph.a(timer.o)
 .debug_abbrev  0x000000000000343b       0x2f /data/riotbuild/riotbase/ProyectoIARS/buttons/bin/cc2650stk/periph_common.a(init.o)
 .debug_abbrev  0x000000000000346a      0x245 /data/riotbuild/riotbase/ProyectoIARS/buttons/bin/cc2650stk/application_IARS_buttons.a(main.o)
 .debug_abbrev  0x00000000000036af      0x1d7 /data/riotbuild/riotbase/ProyectoIARS/buttons/bin/cc2650stk/auto_init.a(auto_init.o)
 .debug_abbrev  0x0000000000003886      0x35c /data/riotbuild/riotbase/ProyectoIARS/buttons/bin/cc2650stk/cortexm_common.a(cortexm_init.o)

.debug_aranges  0x0000000000000000      0x5c8
 .debug_aranges
                0x0000000000000000       0x20 /data/riotbuild/riotbase/ProyectoIARS/buttons/bin/cc2650stk/cpu/vectors.o
 .debug_aranges
                0x0000000000000020       0xb8 /data/riotbuild/riotbase/ProyectoIARS/buttons/bin/cc2650stk/newlib_syscalls_default/syscalls.o
 .debug_aranges
                0x00000000000000d8       0x38 /data/riotbuild/riotbase/ProyectoIARS/buttons/bin/cc2650stk/core.a(sched.o)
 .debug_aranges
                0x0000000000000110       0x60 /data/riotbuild/riotbase/ProyectoIARS/buttons/bin/cc2650stk/cortexm_common.a(thread_arch.o)
 .debug_aranges
                0x0000000000000170       0x68 /data/riotbuild/riotbase/ProyectoIARS/buttons/bin/cc2650stk/cortexm_common.a(vectors_cortexm.o)
 .debug_aranges
                0x00000000000001d8       0x38 /data/riotbuild/riotbase/ProyectoIARS/buttons/bin/cc2650stk/cortexm_common.a(irq_arch.o)
 .debug_aranges
                0x0000000000000210       0x30 /data/riotbuild/riotbase/ProyectoIARS/buttons/bin/cc2650stk/stdio_uart.a(stdio_uart.o)
 .debug_aranges
                0x0000000000000240       0x80 /data/riotbuild/riotbase/ProyectoIARS/buttons/bin/cc2650stk/xtimer.a(xtimer_core.o)
 .debug_aranges
                0x00000000000002c0       0x20 /data/riotbuild/riotbase/ProyectoIARS/buttons/bin/cc2650stk/periph_common.a(pm.o)
 .debug_aranges
                0x00000000000002e0       0x20 /data/riotbuild/riotbase/ProyectoIARS/buttons/bin/cc2650stk/board.a(board.o)
 .debug_aranges
                0x0000000000000300       0x28 /data/riotbuild/riotbase/ProyectoIARS/buttons/bin/cc2650stk/core.a(panic.o)
 .debug_aranges
                0x0000000000000328       0x30 /data/riotbuild/riotbase/ProyectoIARS/buttons/bin/cc2650stk/core.a(kernel_init.o)
 .debug_aranges
                0x0000000000000358       0x60 /data/riotbuild/riotbase/ProyectoIARS/buttons/bin/cc2650stk/core.a(thread.o)
 .debug_aranges
                0x00000000000003b8       0x20 /data/riotbuild/riotbase/ProyectoIARS/buttons/bin/cc2650stk/cpu.a(cpu.o)
 .debug_aranges
                0x00000000000003d8       0x40 /data/riotbuild/riotbase/ProyectoIARS/buttons/bin/cc2650stk/periph.a(uart.o)
 .debug_aranges
                0x0000000000000418       0x20 /data/riotbuild/riotbase/ProyectoIARS/buttons/bin/cc2650stk/periph.a(pm.o)
 .debug_aranges
                0x0000000000000438       0x68 /data/riotbuild/riotbase/ProyectoIARS/buttons/bin/cc2650stk/periph.a(gpio.o)
 .debug_aranges
                0x00000000000004a0       0x98 /data/riotbuild/riotbase/ProyectoIARS/buttons/bin/cc2650stk/periph.a(timer.o)
 .debug_aranges
                0x0000000000000538       0x20 /data/riotbuild/riotbase/ProyectoIARS/buttons/bin/cc2650stk/periph_common.a(init.o)
 .debug_aranges
                0x0000000000000558       0x28 /data/riotbuild/riotbase/ProyectoIARS/buttons/bin/cc2650stk/application_IARS_buttons.a(main.o)
 .debug_aranges
                0x0000000000000580       0x20 /data/riotbuild/riotbase/ProyectoIARS/buttons/bin/cc2650stk/auto_init.a(auto_init.o)
 .debug_aranges
                0x00000000000005a0       0x28 /data/riotbuild/riotbase/ProyectoIARS/buttons/bin/cc2650stk/cortexm_common.a(cortexm_init.o)

.debug_ranges   0x0000000000000000      0x8f0
 .debug_ranges  0x0000000000000000       0x10 /data/riotbuild/riotbase/ProyectoIARS/buttons/bin/cc2650stk/cpu/vectors.o
 .debug_ranges  0x0000000000000010      0x108 /data/riotbuild/riotbase/ProyectoIARS/buttons/bin/cc2650stk/newlib_syscalls_default/syscalls.o
 .debug_ranges  0x0000000000000118       0x88 /data/riotbuild/riotbase/ProyectoIARS/buttons/bin/cc2650stk/core.a(sched.o)
 .debug_ranges  0x00000000000001a0       0xa0 /data/riotbuild/riotbase/ProyectoIARS/buttons/bin/cc2650stk/cortexm_common.a(thread_arch.o)
 .debug_ranges  0x0000000000000240       0x58 /data/riotbuild/riotbase/ProyectoIARS/buttons/bin/cc2650stk/cortexm_common.a(vectors_cortexm.o)
 .debug_ranges  0x0000000000000298       0x28 /data/riotbuild/riotbase/ProyectoIARS/buttons/bin/cc2650stk/cortexm_common.a(irq_arch.o)
 .debug_ranges  0x00000000000002c0       0x20 /data/riotbuild/riotbase/ProyectoIARS/buttons/bin/cc2650stk/stdio_uart.a(stdio_uart.o)
 .debug_ranges  0x00000000000002e0      0x280 /data/riotbuild/riotbase/ProyectoIARS/buttons/bin/cc2650stk/xtimer.a(xtimer_core.o)
 .debug_ranges  0x0000000000000560       0x10 /data/riotbuild/riotbase/ProyectoIARS/buttons/bin/cc2650stk/periph_common.a(pm.o)
 .debug_ranges  0x0000000000000570       0x10 /data/riotbuild/riotbase/ProyectoIARS/buttons/bin/cc2650stk/board.a(board.o)
 .debug_ranges  0x0000000000000580       0x18 /data/riotbuild/riotbase/ProyectoIARS/buttons/bin/cc2650stk/core.a(panic.o)
 .debug_ranges  0x0000000000000598       0x20 /data/riotbuild/riotbase/ProyectoIARS/buttons/bin/cc2650stk/core.a(kernel_init.o)
 .debug_ranges  0x00000000000005b8       0x80 /data/riotbuild/riotbase/ProyectoIARS/buttons/bin/cc2650stk/core.a(thread.o)
 .debug_ranges  0x0000000000000638       0x10 /data/riotbuild/riotbase/ProyectoIARS/buttons/bin/cc2650stk/cpu.a(cpu.o)
 .debug_ranges  0x0000000000000648       0x60 /data/riotbuild/riotbase/ProyectoIARS/buttons/bin/cc2650stk/periph.a(uart.o)
 .debug_ranges  0x00000000000006a8       0x10 /data/riotbuild/riotbase/ProyectoIARS/buttons/bin/cc2650stk/periph.a(pm.o)
 .debug_ranges  0x00000000000006b8       0x70 /data/riotbuild/riotbase/ProyectoIARS/buttons/bin/cc2650stk/periph.a(gpio.o)
 .debug_ranges  0x0000000000000728      0x128 /data/riotbuild/riotbase/ProyectoIARS/buttons/bin/cc2650stk/periph.a(timer.o)
 .debug_ranges  0x0000000000000850       0x10 /data/riotbuild/riotbase/ProyectoIARS/buttons/bin/cc2650stk/periph_common.a(init.o)
 .debug_ranges  0x0000000000000860       0x18 /data/riotbuild/riotbase/ProyectoIARS/buttons/bin/cc2650stk/application_IARS_buttons.a(main.o)
 .debug_ranges  0x0000000000000878       0x10 /data/riotbuild/riotbase/ProyectoIARS/buttons/bin/cc2650stk/auto_init.a(auto_init.o)
 .debug_ranges  0x0000000000000888       0x68 /data/riotbuild/riotbase/ProyectoIARS/buttons/bin/cc2650stk/cortexm_common.a(cortexm_init.o)

.debug_macro    0x0000000000000000    0x17e6d
 .debug_macro   0x0000000000000000      0x386 /data/riotbuild/riotbase/ProyectoIARS/buttons/bin/cc2650stk/cpu/vectors.o
 .debug_macro   0x0000000000000386      0xa4e /data/riotbuild/riotbase/ProyectoIARS/buttons/bin/cc2650stk/cpu/vectors.o
 .debug_macro   0x0000000000000dd4       0xc4 /data/riotbuild/riotbase/ProyectoIARS/buttons/bin/cc2650stk/cpu/vectors.o
 .debug_macro   0x0000000000000e98       0x22 /data/riotbuild/riotbase/ProyectoIARS/buttons/bin/cc2650stk/cpu/vectors.o
 .debug_macro   0x0000000000000eba       0x56 /data/riotbuild/riotbase/ProyectoIARS/buttons/bin/cc2650stk/cpu/vectors.o
 .debug_macro   0x0000000000000f10       0x51 /data/riotbuild/riotbase/ProyectoIARS/buttons/bin/cc2650stk/cpu/vectors.o
 .debug_macro   0x0000000000000f61       0xef /data/riotbuild/riotbase/ProyectoIARS/buttons/bin/cc2650stk/cpu/vectors.o
 .debug_macro   0x0000000000001050       0x6a /data/riotbuild/riotbase/ProyectoIARS/buttons/bin/cc2650stk/cpu/vectors.o
 .debug_macro   0x00000000000010ba      0x1df /data/riotbuild/riotbase/ProyectoIARS/buttons/bin/cc2650stk/cpu/vectors.o
 .debug_macro   0x0000000000001299       0x46 /data/riotbuild/riotbase/ProyectoIARS/buttons/bin/cc2650stk/cpu/vectors.o
 .debug_macro   0x00000000000012df       0x18 /data/riotbuild/riotbase/ProyectoIARS/buttons/bin/cc2650stk/cpu/vectors.o
 .debug_macro   0x00000000000012f7       0x3c /data/riotbuild/riotbase/ProyectoIARS/buttons/bin/cc2650stk/cpu/vectors.o
 .debug_macro   0x0000000000001333       0x34 /data/riotbuild/riotbase/ProyectoIARS/buttons/bin/cc2650stk/cpu/vectors.o
 .debug_macro   0x0000000000001367       0x16 /data/riotbuild/riotbase/ProyectoIARS/buttons/bin/cc2650stk/cpu/vectors.o
 .debug_macro   0x000000000000137d       0x97 /data/riotbuild/riotbase/ProyectoIARS/buttons/bin/cc2650stk/cpu/vectors.o
 .debug_macro   0x0000000000001414      0x353 /data/riotbuild/riotbase/ProyectoIARS/buttons/bin/cc2650stk/cpu/vectors.o
 .debug_macro   0x0000000000001767       0xf6 /data/riotbuild/riotbase/ProyectoIARS/buttons/bin/cc2650stk/cpu/vectors.o
 .debug_macro   0x000000000000185d       0x10 /data/riotbuild/riotbase/ProyectoIARS/buttons/bin/cc2650stk/cpu/vectors.o
 .debug_macro   0x000000000000186d       0x52 /data/riotbuild/riotbase/ProyectoIARS/buttons/bin/cc2650stk/cpu/vectors.o
 .debug_macro   0x00000000000018bf       0x1f /data/riotbuild/riotbase/ProyectoIARS/buttons/bin/cc2650stk/cpu/vectors.o
 .debug_macro   0x00000000000018de       0x43 /data/riotbuild/riotbase/ProyectoIARS/buttons/bin/cc2650stk/cpu/vectors.o
 .debug_macro   0x0000000000001921       0x20 /data/riotbuild/riotbase/ProyectoIARS/buttons/bin/cc2650stk/cpu/vectors.o
 .debug_macro   0x0000000000001941      0x1a3 /data/riotbuild/riotbase/ProyectoIARS/buttons/bin/cc2650stk/cpu/vectors.o
 .debug_macro   0x0000000000001ae4       0x10 /data/riotbuild/riotbase/ProyectoIARS/buttons/bin/cc2650stk/cpu/vectors.o
 .debug_macro   0x0000000000001af4       0xb6 /data/riotbuild/riotbase/ProyectoIARS/buttons/bin/cc2650stk/cpu/vectors.o
 .debug_macro   0x0000000000001baa       0x16 /data/riotbuild/riotbase/ProyectoIARS/buttons/bin/cc2650stk/cpu/vectors.o
 .debug_macro   0x0000000000001bc0      0x114 /data/riotbuild/riotbase/ProyectoIARS/buttons/bin/cc2650stk/cpu/vectors.o
 .debug_macro   0x0000000000001cd4       0x22 /data/riotbuild/riotbase/ProyectoIARS/buttons/bin/cc2650stk/cpu/vectors.o
 .debug_macro   0x0000000000001cf6       0x2f /data/riotbuild/riotbase/ProyectoIARS/buttons/bin/cc2650stk/cpu/vectors.o
 .debug_macro   0x0000000000001d25       0x2e /data/riotbuild/riotbase/ProyectoIARS/buttons/bin/cc2650stk/cpu/vectors.o
 .debug_macro   0x0000000000001d53       0x28 /data/riotbuild/riotbase/ProyectoIARS/buttons/bin/cc2650stk/cpu/vectors.o
 .debug_macro   0x0000000000001d7b       0x1c /data/riotbuild/riotbase/ProyectoIARS/buttons/bin/cc2650stk/cpu/vectors.o
 .debug_macro   0x0000000000001d97       0x22 /data/riotbuild/riotbase/ProyectoIARS/buttons/bin/cc2650stk/cpu/vectors.o
 .debug_macro   0x0000000000001db9       0xbd /data/riotbuild/riotbase/ProyectoIARS/buttons/bin/cc2650stk/cpu/vectors.o
 .debug_macro   0x0000000000001e76      0xe3b /data/riotbuild/riotbase/ProyectoIARS/buttons/bin/cc2650stk/cpu/vectors.o
 .debug_macro   0x0000000000002cb1      0x11f /data/riotbuild/riotbase/ProyectoIARS/buttons/bin/cc2650stk/cpu/vectors.o
 .debug_macro   0x0000000000002dd0       0x10 /data/riotbuild/riotbase/ProyectoIARS/buttons/bin/cc2650stk/cpu/vectors.o
 .debug_macro   0x0000000000002de0       0xbf /data/riotbuild/riotbase/ProyectoIARS/buttons/bin/cc2650stk/cpu/vectors.o
 .debug_macro   0x0000000000002e9f       0x16 /data/riotbuild/riotbase/ProyectoIARS/buttons/bin/cc2650stk/cpu/vectors.o
 .debug_macro   0x0000000000002eb5       0x17 /data/riotbuild/riotbase/ProyectoIARS/buttons/bin/cc2650stk/cpu/vectors.o
 .debug_macro   0x0000000000002ecc       0x16 /data/riotbuild/riotbase/ProyectoIARS/buttons/bin/cc2650stk/cpu/vectors.o
 .debug_macro   0x0000000000002ee2      0x2fb /data/riotbuild/riotbase/ProyectoIARS/buttons/bin/cc2650stk/cpu/vectors.o
 .debug_macro   0x00000000000031dd       0x72 /data/riotbuild/riotbase/ProyectoIARS/buttons/bin/cc2650stk/cpu/vectors.o
 .debug_macro   0x000000000000324f      0x1d2 /data/riotbuild/riotbase/ProyectoIARS/buttons/bin/cc2650stk/cpu/vectors.o
 .debug_macro   0x0000000000003421      0x28a /data/riotbuild/riotbase/ProyectoIARS/buttons/bin/cc2650stk/cpu/vectors.o
 .debug_macro   0x00000000000036ab      0x172 /data/riotbuild/riotbase/ProyectoIARS/buttons/bin/cc2650stk/cpu/vectors.o
 .debug_macro   0x000000000000381d       0xab /data/riotbuild/riotbase/ProyectoIARS/buttons/bin/cc2650stk/cpu/vectors.o
 .debug_macro   0x00000000000038c8       0x16 /data/riotbuild/riotbase/ProyectoIARS/buttons/bin/cc2650stk/cpu/vectors.o
 .debug_macro   0x00000000000038de       0x16 /data/riotbuild/riotbase/ProyectoIARS/buttons/bin/cc2650stk/cpu/vectors.o
 .debug_macro   0x00000000000038f4       0xd6 /data/riotbuild/riotbase/ProyectoIARS/buttons/bin/cc2650stk/cpu/vectors.o
 .debug_macro   0x00000000000039ca       0x10 /data/riotbuild/riotbase/ProyectoIARS/buttons/bin/cc2650stk/cpu/vectors.o
 .debug_macro   0x00000000000039da       0x35 /data/riotbuild/riotbase/ProyectoIARS/buttons/bin/cc2650stk/cpu/vectors.o
 .debug_macro   0x0000000000003a0f      0x460 /data/riotbuild/riotbase/ProyectoIARS/buttons/bin/cc2650stk/cpu/vectors.o
 .debug_macro   0x0000000000003e6f       0x2b /data/riotbuild/riotbase/ProyectoIARS/buttons/bin/cc2650stk/cpu/vectors.o
 .debug_macro   0x0000000000003e9a       0xee /data/riotbuild/riotbase/ProyectoIARS/buttons/bin/cc2650stk/cpu/vectors.o
 .debug_macro   0x0000000000003f88       0x28 /data/riotbuild/riotbase/ProyectoIARS/buttons/bin/cc2650stk/cpu/vectors.o
 .debug_macro   0x0000000000003fb0       0x17 /data/riotbuild/riotbase/ProyectoIARS/buttons/bin/cc2650stk/cpu/vectors.o
 .debug_macro   0x0000000000003fc7       0x10 /data/riotbuild/riotbase/ProyectoIARS/buttons/bin/cc2650stk/cpu/vectors.o
 .debug_macro   0x0000000000003fd7       0x12 /data/riotbuild/riotbase/ProyectoIARS/buttons/bin/cc2650stk/cpu/vectors.o
 .debug_macro   0x0000000000003fe9       0x5f /data/riotbuild/riotbase/ProyectoIARS/buttons/bin/cc2650stk/cpu/vectors.o
 .debug_macro   0x0000000000004048       0x16 /data/riotbuild/riotbase/ProyectoIARS/buttons/bin/cc2650stk/cpu/vectors.o
 .debug_macro   0x000000000000405e       0x5a /data/riotbuild/riotbase/ProyectoIARS/buttons/bin/cc2650stk/cpu/vectors.o
 .debug_macro   0x00000000000040b8       0x3a /data/riotbuild/riotbase/ProyectoIARS/buttons/bin/cc2650stk/cpu/vectors.o
 .debug_macro   0x00000000000040f2       0x10 /data/riotbuild/riotbase/ProyectoIARS/buttons/bin/cc2650stk/cpu/vectors.o
 .debug_macro   0x0000000000004102       0x5e /data/riotbuild/riotbase/ProyectoIARS/buttons/bin/cc2650stk/cpu/vectors.o
 .debug_macro   0x0000000000004160       0x1c /data/riotbuild/riotbase/ProyectoIARS/buttons/bin/cc2650stk/cpu/vectors.o
 .debug_macro   0x000000000000417c      0x50a /data/riotbuild/riotbase/ProyectoIARS/buttons/bin/cc2650stk/newlib_syscalls_default/syscalls.o
 .debug_macro   0x0000000000004686      0xa4e /data/riotbuild/riotbase/ProyectoIARS/buttons/bin/cc2650stk/newlib_syscalls_default/syscalls.o
 .debug_macro   0x00000000000050d4       0x40 /data/riotbuild/riotbase/ProyectoIARS/buttons/bin/cc2650stk/newlib_syscalls_default/syscalls.o
 .debug_macro   0x0000000000005114       0x5c /data/riotbuild/riotbase/ProyectoIARS/buttons/bin/cc2650stk/newlib_syscalls_default/syscalls.o
 .debug_macro   0x0000000000005170       0x10 /data/riotbuild/riotbase/ProyectoIARS/buttons/bin/cc2650stk/newlib_syscalls_default/syscalls.o
 .debug_macro   0x0000000000005180       0x57 /data/riotbuild/riotbase/ProyectoIARS/buttons/bin/cc2650stk/newlib_syscalls_default/syscalls.o
 .debug_macro   0x00000000000051d7       0xcf /data/riotbuild/riotbase/ProyectoIARS/buttons/bin/cc2650stk/newlib_syscalls_default/syscalls.o
 .debug_macro   0x00000000000052a6       0xb7 /data/riotbuild/riotbase/ProyectoIARS/buttons/bin/cc2650stk/newlib_syscalls_default/syscalls.o
 .debug_macro   0x000000000000535d      0x4fe /data/riotbuild/riotbase/ProyectoIARS/buttons/bin/cc2650stk/newlib_syscalls_default/syscalls.o
 .debug_macro   0x000000000000585b       0x10 /data/riotbuild/riotbase/ProyectoIARS/buttons/bin/cc2650stk/newlib_syscalls_default/syscalls.o
 .debug_macro   0x000000000000586b       0x10 /data/riotbuild/riotbase/ProyectoIARS/buttons/bin/cc2650stk/newlib_syscalls_default/syscalls.o
 .debug_macro   0x000000000000587b      0x241 /data/riotbuild/riotbase/ProyectoIARS/buttons/bin/cc2650stk/newlib_syscalls_default/syscalls.o
 .debug_macro   0x0000000000005abc       0xff /data/riotbuild/riotbase/ProyectoIARS/buttons/bin/cc2650stk/newlib_syscalls_default/syscalls.o
 .debug_macro   0x0000000000005bbb       0x16 /data/riotbuild/riotbase/ProyectoIARS/buttons/bin/cc2650stk/newlib_syscalls_default/syscalls.o
 .debug_macro   0x0000000000005bd1       0x22 /data/riotbuild/riotbase/ProyectoIARS/buttons/bin/cc2650stk/newlib_syscalls_default/syscalls.o
 .debug_macro   0x0000000000005bf3       0x16 /data/riotbuild/riotbase/ProyectoIARS/buttons/bin/cc2650stk/newlib_syscalls_default/syscalls.o
 .debug_macro   0x0000000000005c09       0x16 /data/riotbuild/riotbase/ProyectoIARS/buttons/bin/cc2650stk/newlib_syscalls_default/syscalls.o
 .debug_macro   0x0000000000005c1f       0x10 /data/riotbuild/riotbase/ProyectoIARS/buttons/bin/cc2650stk/newlib_syscalls_default/syscalls.o
 .debug_macro   0x0000000000005c2f       0x10 /data/riotbuild/riotbase/ProyectoIARS/buttons/bin/cc2650stk/newlib_syscalls_default/syscalls.o
 .debug_macro   0x0000000000005c3f       0x2e /data/riotbuild/riotbase/ProyectoIARS/buttons/bin/cc2650stk/newlib_syscalls_default/syscalls.o
 .debug_macro   0x0000000000005c6d       0xf5 /data/riotbuild/riotbase/ProyectoIARS/buttons/bin/cc2650stk/newlib_syscalls_default/syscalls.o
 .debug_macro   0x0000000000005d62       0x34 /data/riotbuild/riotbase/ProyectoIARS/buttons/bin/cc2650stk/newlib_syscalls_default/syscalls.o
 .debug_macro   0x0000000000005d96       0x10 /data/riotbuild/riotbase/ProyectoIARS/buttons/bin/cc2650stk/newlib_syscalls_default/syscalls.o
 .debug_macro   0x0000000000005da6       0x43 /data/riotbuild/riotbase/ProyectoIARS/buttons/bin/cc2650stk/newlib_syscalls_default/syscalls.o
 .debug_macro   0x0000000000005de9       0x1c /data/riotbuild/riotbase/ProyectoIARS/buttons/bin/cc2650stk/newlib_syscalls_default/syscalls.o
 .debug_macro   0x0000000000005e05       0x34 /data/riotbuild/riotbase/ProyectoIARS/buttons/bin/cc2650stk/newlib_syscalls_default/syscalls.o
 .debug_macro   0x0000000000005e39       0x16 /data/riotbuild/riotbase/ProyectoIARS/buttons/bin/cc2650stk/newlib_syscalls_default/syscalls.o
 .debug_macro   0x0000000000005e4f       0x43 /data/riotbuild/riotbase/ProyectoIARS/buttons/bin/cc2650stk/newlib_syscalls_default/syscalls.o
 .debug_macro   0x0000000000005e92       0x10 /data/riotbuild/riotbase/ProyectoIARS/buttons/bin/cc2650stk/newlib_syscalls_default/syscalls.o
 .debug_macro   0x0000000000005ea2       0x10 /data/riotbuild/riotbase/ProyectoIARS/buttons/bin/cc2650stk/newlib_syscalls_default/syscalls.o
 .debug_macro   0x0000000000005eb2      0x377 /data/riotbuild/riotbase/ProyectoIARS/buttons/bin/cc2650stk/core.a(sched.o)
 .debug_macro   0x0000000000006229      0xa4e /data/riotbuild/riotbase/ProyectoIARS/buttons/bin/cc2650stk/core.a(sched.o)
 .debug_macro   0x0000000000006c77      0x16d /data/riotbuild/riotbase/ProyectoIARS/buttons/bin/cc2650stk/core.a(sched.o)
 .debug_macro   0x0000000000006de4       0xc3 /data/riotbuild/riotbase/ProyectoIARS/buttons/bin/cc2650stk/core.a(sched.o)
 .debug_macro   0x0000000000006ea7       0xb9 /data/riotbuild/riotbase/ProyectoIARS/buttons/bin/cc2650stk/core.a(sched.o)
 .debug_macro   0x0000000000006f60       0x3a /data/riotbuild/riotbase/ProyectoIARS/buttons/bin/cc2650stk/core.a(sched.o)
 .debug_macro   0x0000000000006f9a      0x34d /data/riotbuild/riotbase/ProyectoIARS/buttons/bin/cc2650stk/core.a(sched.o)
 .debug_macro   0x00000000000072e7       0x25 /data/riotbuild/riotbase/ProyectoIARS/buttons/bin/cc2650stk/core.a(sched.o)
 .debug_macro   0x000000000000730c       0x2e /data/riotbuild/riotbase/ProyectoIARS/buttons/bin/cc2650stk/core.a(sched.o)
 .debug_macro   0x000000000000733a       0x1c /data/riotbuild/riotbase/ProyectoIARS/buttons/bin/cc2650stk/core.a(sched.o)
 .debug_macro   0x0000000000007356       0x1c /data/riotbuild/riotbase/ProyectoIARS/buttons/bin/cc2650stk/core.a(sched.o)
 .debug_macro   0x0000000000007372      0x355 /data/riotbuild/riotbase/ProyectoIARS/buttons/bin/cc2650stk/cortexm_common.a(thread_arch.o)
 .debug_macro   0x00000000000076c7      0xa4e /data/riotbuild/riotbase/ProyectoIARS/buttons/bin/cc2650stk/cortexm_common.a(thread_arch.o)
 .debug_macro   0x0000000000008115       0x1c /data/riotbuild/riotbase/ProyectoIARS/buttons/bin/cc2650stk/cortexm_common.a(thread_arch.o)
 .debug_macro   0x0000000000008131      0x3b1 /data/riotbuild/riotbase/ProyectoIARS/buttons/bin/cc2650stk/cortexm_common.a(vectors_cortexm.o)
 .debug_macro   0x00000000000084e2      0xa4e /data/riotbuild/riotbase/ProyectoIARS/buttons/bin/cc2650stk/cortexm_common.a(vectors_cortexm.o)
 .debug_macro   0x0000000000008f30       0x16 /data/riotbuild/riotbase/ProyectoIARS/buttons/bin/cc2650stk/cortexm_common.a(vectors_cortexm.o)
 .debug_macro   0x0000000000008f46      0x349 /data/riotbuild/riotbase/ProyectoIARS/buttons/bin/cc2650stk/cortexm_common.a(irq_arch.o)
 .debug_macro   0x000000000000928f      0xa4e /data/riotbuild/riotbase/ProyectoIARS/buttons/bin/cc2650stk/cortexm_common.a(irq_arch.o)
 .debug_macro   0x0000000000009cdd      0x44a /data/riotbuild/riotbase/ProyectoIARS/buttons/bin/cc2650stk/stdio_uart.a(stdio_uart.o)
 .debug_macro   0x000000000000a127      0xa4e /data/riotbuild/riotbase/ProyectoIARS/buttons/bin/cc2650stk/stdio_uart.a(stdio_uart.o)
 .debug_macro   0x000000000000ab75      0x23b /data/riotbuild/riotbase/ProyectoIARS/buttons/bin/cc2650stk/stdio_uart.a(stdio_uart.o)
 .debug_macro   0x000000000000adb0       0x54 /data/riotbuild/riotbase/ProyectoIARS/buttons/bin/cc2650stk/stdio_uart.a(stdio_uart.o)
 .debug_macro   0x000000000000ae04       0x16 /data/riotbuild/riotbase/ProyectoIARS/buttons/bin/cc2650stk/stdio_uart.a(stdio_uart.o)
 .debug_macro   0x000000000000ae1a       0x16 /data/riotbuild/riotbase/ProyectoIARS/buttons/bin/cc2650stk/stdio_uart.a(stdio_uart.o)
 .debug_macro   0x000000000000ae30       0x10 /data/riotbuild/riotbase/ProyectoIARS/buttons/bin/cc2650stk/stdio_uart.a(stdio_uart.o)
 .debug_macro   0x000000000000ae40      0x427 /data/riotbuild/riotbase/ProyectoIARS/buttons/bin/cc2650stk/xtimer.a(xtimer_core.o)
 .debug_macro   0x000000000000b267      0xa4e /data/riotbuild/riotbase/ProyectoIARS/buttons/bin/cc2650stk/xtimer.a(xtimer_core.o)
 .debug_macro   0x000000000000bcb5       0x10 /data/riotbuild/riotbase/ProyectoIARS/buttons/bin/cc2650stk/xtimer.a(xtimer_core.o)
 .debug_macro   0x000000000000bcc5       0x16 /data/riotbuild/riotbase/ProyectoIARS/buttons/bin/cc2650stk/xtimer.a(xtimer_core.o)
 .debug_macro   0x000000000000bcdb      0x379 /data/riotbuild/riotbase/ProyectoIARS/buttons/bin/cc2650stk/periph_common.a(pm.o)
 .debug_macro   0x000000000000c054      0xa4e /data/riotbuild/riotbase/ProyectoIARS/buttons/bin/cc2650stk/periph_common.a(pm.o)
 .debug_macro   0x000000000000caa2      0x377 /data/riotbuild/riotbase/ProyectoIARS/buttons/bin/cc2650stk/board.a(board.o)
 .debug_macro   0x000000000000ce19      0xa4e /data/riotbuild/riotbase/ProyectoIARS/buttons/bin/cc2650stk/board.a(board.o)
 .debug_macro   0x000000000000d867      0x382 /data/riotbuild/riotbase/ProyectoIARS/buttons/bin/cc2650stk/core.a(panic.o)
 .debug_macro   0x000000000000dbe9      0xa4e /data/riotbuild/riotbase/ProyectoIARS/buttons/bin/cc2650stk/core.a(panic.o)
 .debug_macro   0x000000000000e637      0x3c5 /data/riotbuild/riotbase/ProyectoIARS/buttons/bin/cc2650stk/core.a(kernel_init.o)
 .debug_macro   0x000000000000e9fc      0xa4e /data/riotbuild/riotbase/ProyectoIARS/buttons/bin/cc2650stk/core.a(kernel_init.o)
 .debug_macro   0x000000000000f44a       0xdc /data/riotbuild/riotbase/ProyectoIARS/buttons/bin/cc2650stk/core.a(kernel_init.o)
 .debug_macro   0x000000000000f526      0x373 /data/riotbuild/riotbase/ProyectoIARS/buttons/bin/cc2650stk/core.a(thread.o)
 .debug_macro   0x000000000000f899      0xa4e /data/riotbuild/riotbase/ProyectoIARS/buttons/bin/cc2650stk/core.a(thread.o)
 .debug_macro   0x00000000000102e7      0x371 /data/riotbuild/riotbase/ProyectoIARS/buttons/bin/cc2650stk/cpu.a(cpu.o)
 .debug_macro   0x0000000000010658      0xa4e /data/riotbuild/riotbase/ProyectoIARS/buttons/bin/cc2650stk/cpu.a(cpu.o)
 .debug_macro   0x00000000000110a6       0x34 /data/riotbuild/riotbase/ProyectoIARS/buttons/bin/cc2650stk/cpu.a(cpu.o)
 .debug_macro   0x00000000000110da      0x388 /data/riotbuild/riotbase/ProyectoIARS/buttons/bin/cc2650stk/periph.a(uart.o)
 .debug_macro   0x0000000000011462      0xa4e /data/riotbuild/riotbase/ProyectoIARS/buttons/bin/cc2650stk/periph.a(uart.o)
 .debug_macro   0x0000000000011eb0      0x35a /data/riotbuild/riotbase/ProyectoIARS/buttons/bin/cc2650stk/periph.a(pm.o)
 .debug_macro   0x000000000001220a      0xa4e /data/riotbuild/riotbase/ProyectoIARS/buttons/bin/cc2650stk/periph.a(pm.o)
 .debug_macro   0x0000000000012c58      0x374 /data/riotbuild/riotbase/ProyectoIARS/buttons/bin/cc2650stk/periph.a(gpio.o)
 .debug_macro   0x0000000000012fcc      0xa4e /data/riotbuild/riotbase/ProyectoIARS/buttons/bin/cc2650stk/periph.a(gpio.o)
 .debug_macro   0x0000000000013a1a      0x3f4 /data/riotbuild/riotbase/ProyectoIARS/buttons/bin/cc2650stk/periph.a(timer.o)
 .debug_macro   0x0000000000013e0e      0xa4e /data/riotbuild/riotbase/ProyectoIARS/buttons/bin/cc2650stk/periph.a(timer.o)
 .debug_macro   0x000000000001485c      0x10e /data/riotbuild/riotbase/ProyectoIARS/buttons/bin/cc2650stk/periph.a(timer.o)
 .debug_macro   0x000000000001496a       0x86 /data/riotbuild/riotbase/ProyectoIARS/buttons/bin/cc2650stk/periph.a(timer.o)
 .debug_macro   0x00000000000149f0       0x1a /data/riotbuild/riotbase/ProyectoIARS/buttons/bin/cc2650stk/periph_common.a(init.o)
 .debug_macro   0x0000000000014a0a      0xa4e /data/riotbuild/riotbase/ProyectoIARS/buttons/bin/cc2650stk/periph_common.a(init.o)
 .debug_macro   0x0000000000015458      0x383 /data/riotbuild/riotbase/ProyectoIARS/buttons/bin/cc2650stk/application_IARS_buttons.a(main.o)
 .debug_macro   0x00000000000157db      0xa4e /data/riotbuild/riotbase/ProyectoIARS/buttons/bin/cc2650stk/application_IARS_buttons.a(main.o)
 .debug_macro   0x0000000000016229      0x431 /data/riotbuild/riotbase/ProyectoIARS/buttons/bin/cc2650stk/auto_init.a(auto_init.o)
 .debug_macro   0x000000000001665a      0xa4e /data/riotbuild/riotbase/ProyectoIARS/buttons/bin/cc2650stk/auto_init.a(auto_init.o)
 .debug_macro   0x00000000000170a8       0x2e /data/riotbuild/riotbase/ProyectoIARS/buttons/bin/cc2650stk/auto_init.a(auto_init.o)
 .debug_macro   0x00000000000170d6      0x349 /data/riotbuild/riotbase/ProyectoIARS/buttons/bin/cc2650stk/cortexm_common.a(cortexm_init.o)
 .debug_macro   0x000000000001741f      0xa4e /data/riotbuild/riotbase/ProyectoIARS/buttons/bin/cc2650stk/cortexm_common.a(cortexm_init.o)

.debug_line     0x0000000000000000     0xa380
 .debug_line    0x0000000000000000      0x71e /data/riotbuild/riotbase/ProyectoIARS/buttons/bin/cc2650stk/cpu/vectors.o
 .debug_line    0x000000000000071e      0xa6a /data/riotbuild/riotbase/ProyectoIARS/buttons/bin/cc2650stk/newlib_syscalls_default/syscalls.o
 .debug_line    0x0000000000001188      0x739 /data/riotbuild/riotbase/ProyectoIARS/buttons/bin/cc2650stk/core.a(sched.o)
 .debug_line    0x00000000000018c1      0x77d /data/riotbuild/riotbase/ProyectoIARS/buttons/bin/cc2650stk/cortexm_common.a(thread_arch.o)
 .debug_line    0x000000000000203e      0x86a /data/riotbuild/riotbase/ProyectoIARS/buttons/bin/cc2650stk/cortexm_common.a(vectors_cortexm.o)
 .debug_line    0x00000000000028a8      0x6de /data/riotbuild/riotbase/ProyectoIARS/buttons/bin/cc2650stk/cortexm_common.a(irq_arch.o)
 .debug_line    0x0000000000002f86      0x7ef /data/riotbuild/riotbase/ProyectoIARS/buttons/bin/cc2650stk/stdio_uart.a(stdio_uart.o)
 .debug_line    0x0000000000003775      0xab1 /data/riotbuild/riotbase/ProyectoIARS/buttons/bin/cc2650stk/xtimer.a(xtimer_core.o)
 .debug_line    0x0000000000004226      0x6ca /data/riotbuild/riotbase/ProyectoIARS/buttons/bin/cc2650stk/periph_common.a(pm.o)
 .debug_line    0x00000000000048f0      0x710 /data/riotbuild/riotbase/ProyectoIARS/buttons/bin/cc2650stk/board.a(board.o)
 .debug_line    0x0000000000005000      0x701 /data/riotbuild/riotbase/ProyectoIARS/buttons/bin/cc2650stk/core.a(panic.o)
 .debug_line    0x0000000000005701      0x752 /data/riotbuild/riotbase/ProyectoIARS/buttons/bin/cc2650stk/core.a(kernel_init.o)
 .debug_line    0x0000000000005e53      0x7c3 /data/riotbuild/riotbase/ProyectoIARS/buttons/bin/cc2650stk/core.a(thread.o)
 .debug_line    0x0000000000006616      0x704 /data/riotbuild/riotbase/ProyectoIARS/buttons/bin/cc2650stk/cpu.a(cpu.o)
 .debug_line    0x0000000000006d1a      0x7b4 /data/riotbuild/riotbase/ProyectoIARS/buttons/bin/cc2650stk/periph.a(uart.o)
 .debug_line    0x00000000000074ce      0x6bb /data/riotbuild/riotbase/ProyectoIARS/buttons/bin/cc2650stk/periph.a(pm.o)
 .debug_line    0x0000000000007b89      0x7f0 /data/riotbuild/riotbase/ProyectoIARS/buttons/bin/cc2650stk/periph.a(gpio.o)
 .debug_line    0x0000000000008379      0x952 /data/riotbuild/riotbase/ProyectoIARS/buttons/bin/cc2650stk/periph.a(timer.o)
 .debug_line    0x0000000000008ccb       0xbd /data/riotbuild/riotbase/ProyectoIARS/buttons/bin/cc2650stk/periph_common.a(init.o)
 .debug_line    0x0000000000008d88      0x730 /data/riotbuild/riotbase/ProyectoIARS/buttons/bin/cc2650stk/application_IARS_buttons.a(main.o)
 .debug_line    0x00000000000094b8      0x7e8 /data/riotbuild/riotbase/ProyectoIARS/buttons/bin/cc2650stk/auto_init.a(auto_init.o)
 .debug_line    0x0000000000009ca0      0x6e0 /data/riotbuild/riotbase/ProyectoIARS/buttons/bin/cc2650stk/cortexm_common.a(cortexm_init.o)

.debug_str      0x0000000000000000    0x175ef
 .debug_str     0x0000000000000000    0x12f0b /data/riotbuild/riotbase/ProyectoIARS/buttons/bin/cc2650stk/cpu/vectors.o
                                      0x13270 (size before relaxing)
 .debug_str     0x0000000000012f0b     0x223d /data/riotbuild/riotbase/ProyectoIARS/buttons/bin/cc2650stk/newlib_syscalls_default/syscalls.o
                                      0x151c2 (size before relaxing)
 .debug_str     0x0000000000015148      0x34f /data/riotbuild/riotbase/ProyectoIARS/buttons/bin/cc2650stk/core.a(sched.o)
                                      0x12eaf (size before relaxing)
 .debug_str     0x0000000000015497      0x250 /data/riotbuild/riotbase/ProyectoIARS/buttons/bin/cc2650stk/cortexm_common.a(thread_arch.o)
                                      0x12d19 (size before relaxing)
 .debug_str     0x00000000000156e7      0x45d /data/riotbuild/riotbase/ProyectoIARS/buttons/bin/cc2650stk/cortexm_common.a(vectors_cortexm.o)
                                      0x1345e (size before relaxing)
 .debug_str     0x0000000000015b44       0xd2 /data/riotbuild/riotbase/ProyectoIARS/buttons/bin/cc2650stk/cortexm_common.a(irq_arch.o)
                                      0x12bad (size before relaxing)
 .debug_str     0x0000000000015c16      0x201 /data/riotbuild/riotbase/ProyectoIARS/buttons/bin/cc2650stk/stdio_uart.a(stdio_uart.o)
                                      0x146bf (size before relaxing)
 .debug_str     0x0000000000015e17      0x341 /data/riotbuild/riotbase/ProyectoIARS/buttons/bin/cc2650stk/xtimer.a(xtimer_core.o)
                                      0x1370a (size before relaxing)
 .debug_str     0x0000000000016158       0xab /data/riotbuild/riotbase/ProyectoIARS/buttons/bin/cc2650stk/periph_common.a(pm.o)
                                      0x12ddf (size before relaxing)
 .debug_str     0x0000000000016203       0xee /data/riotbuild/riotbase/ProyectoIARS/buttons/bin/cc2650stk/board.a(board.o)
                                      0x12f85 (size before relaxing)
 .debug_str     0x00000000000162f1       0xb0 /data/riotbuild/riotbase/ProyectoIARS/buttons/bin/cc2650stk/core.a(panic.o)
                                      0x12f3b (size before relaxing)
 .debug_str     0x00000000000163a1       0xe9 /data/riotbuild/riotbase/ProyectoIARS/buttons/bin/cc2650stk/core.a(kernel_init.o)
                                      0x1347d (size before relaxing)
 .debug_str     0x000000000001648a      0x16a /data/riotbuild/riotbase/ProyectoIARS/buttons/bin/cc2650stk/core.a(thread.o)
                                      0x13323 (size before relaxing)
 .debug_str     0x00000000000165f4      0x325 /data/riotbuild/riotbase/ProyectoIARS/buttons/bin/cc2650stk/cpu.a(cpu.o)
                                      0x1300b (size before relaxing)
 .debug_str     0x0000000000016919      0x517 /data/riotbuild/riotbase/ProyectoIARS/buttons/bin/cc2650stk/periph.a(uart.o)
                                      0x1350d (size before relaxing)
 .debug_str     0x0000000000016e30       0x5c /data/riotbuild/riotbase/ProyectoIARS/buttons/bin/cc2650stk/periph.a(pm.o)
                                      0x12c7c (size before relaxing)
 .debug_str     0x0000000000016e8c      0x19b /data/riotbuild/riotbase/ProyectoIARS/buttons/bin/cc2650stk/periph.a(gpio.o)
                                      0x13569 (size before relaxing)
 .debug_str     0x0000000000017027      0x284 /data/riotbuild/riotbase/ProyectoIARS/buttons/bin/cc2650stk/periph.a(timer.o)
                                      0x13b08 (size before relaxing)
 .debug_str     0x00000000000172ab       0x82 /data/riotbuild/riotbase/ProyectoIARS/buttons/bin/cc2650stk/periph_common.a(init.o)
                                       0x3004 (size before relaxing)
 .debug_str     0x000000000001732d       0xc6 /data/riotbuild/riotbase/ProyectoIARS/buttons/bin/cc2650stk/application_IARS_buttons.a(main.o)
                                      0x12fd3 (size before relaxing)
 .debug_str     0x00000000000173f3       0xa8 /data/riotbuild/riotbase/ProyectoIARS/buttons/bin/cc2650stk/auto_init.a(auto_init.o)
                                      0x133db (size before relaxing)
 .debug_str     0x000000000001749b      0x154 /data/riotbuild/riotbase/ProyectoIARS/buttons/bin/cc2650stk/cortexm_common.a(cortexm_init.o)
                                      0x12f7f (size before relaxing)

.comment        0x0000000000000000       0x7f
 .comment       0x0000000000000000       0x7f /data/riotbuild/riotbase/ProyectoIARS/buttons/bin/cc2650stk/cpu/vectors.o
                                         0x80 (size before relaxing)
 .comment       0x000000000000007f       0x80 /data/riotbuild/riotbase/ProyectoIARS/buttons/bin/cc2650stk/newlib_syscalls_default/syscalls.o
 .comment       0x000000000000007f       0x80 /data/riotbuild/riotbase/ProyectoIARS/buttons/bin/cc2650stk/core.a(sched.o)
 .comment       0x000000000000007f       0x80 /data/riotbuild/riotbase/ProyectoIARS/buttons/bin/cc2650stk/cortexm_common.a(thread_arch.o)
 .comment       0x000000000000007f       0x80 /data/riotbuild/riotbase/ProyectoIARS/buttons/bin/cc2650stk/cortexm_common.a(vectors_cortexm.o)
 .comment       0x000000000000007f       0x80 /data/riotbuild/riotbase/ProyectoIARS/buttons/bin/cc2650stk/cortexm_common.a(irq_arch.o)
 .comment       0x000000000000007f       0x80 /data/riotbuild/riotbase/ProyectoIARS/buttons/bin/cc2650stk/stdio_uart.a(stdio_uart.o)
 .comment       0x000000000000007f       0x80 /data/riotbuild/riotbase/ProyectoIARS/buttons/bin/cc2650stk/xtimer.a(xtimer_core.o)
 .comment       0x000000000000007f       0x80 /data/riotbuild/riotbase/ProyectoIARS/buttons/bin/cc2650stk/periph_common.a(pm.o)
 .comment       0x000000000000007f       0x80 /data/riotbuild/riotbase/ProyectoIARS/buttons/bin/cc2650stk/board.a(board.o)
 .comment       0x000000000000007f       0x80 /data/riotbuild/riotbase/ProyectoIARS/buttons/bin/cc2650stk/core.a(panic.o)
 .comment       0x000000000000007f       0x80 /data/riotbuild/riotbase/ProyectoIARS/buttons/bin/cc2650stk/core.a(kernel_init.o)
 .comment       0x000000000000007f       0x80 /data/riotbuild/riotbase/ProyectoIARS/buttons/bin/cc2650stk/core.a(thread.o)
 .comment       0x000000000000007f       0x80 /data/riotbuild/riotbase/ProyectoIARS/buttons/bin/cc2650stk/cpu.a(cpu.o)
 .comment       0x000000000000007f       0x80 /data/riotbuild/riotbase/ProyectoIARS/buttons/bin/cc2650stk/periph.a(uart.o)
 .comment       0x000000000000007f       0x80 /data/riotbuild/riotbase/ProyectoIARS/buttons/bin/cc2650stk/periph.a(pm.o)
 .comment       0x000000000000007f       0x80 /data/riotbuild/riotbase/ProyectoIARS/buttons/bin/cc2650stk/periph.a(gpio.o)
 .comment       0x000000000000007f       0x80 /data/riotbuild/riotbase/ProyectoIARS/buttons/bin/cc2650stk/periph.a(timer.o)
 .comment       0x000000000000007f       0x80 /data/riotbuild/riotbase/ProyectoIARS/buttons/bin/cc2650stk/periph_common.a(init.o)
 .comment       0x000000000000007f       0x80 /data/riotbuild/riotbase/ProyectoIARS/buttons/bin/cc2650stk/application_IARS_buttons.a(main.o)
 .comment       0x000000000000007f       0x80 /data/riotbuild/riotbase/ProyectoIARS/buttons/bin/cc2650stk/auto_init.a(auto_init.o)
 .comment       0x000000000000007f       0x80 /data/riotbuild/riotbase/ProyectoIARS/buttons/bin/cc2650stk/cortexm_common.a(cortexm_init.o)

.ARM.attributes
                0x0000000000000000       0x33
 .ARM.attributes
                0x0000000000000000       0x33 /data/riotbuild/riotbase/ProyectoIARS/buttons/bin/cc2650stk/cpu/vectors.o
 .ARM.attributes
                0x0000000000000033       0x33 /data/riotbuild/riotbase/ProyectoIARS/buttons/bin/cc2650stk/newlib_syscalls_default/syscalls.o
 .ARM.attributes
                0x0000000000000066       0x33 /data/riotbuild/riotbase/ProyectoIARS/buttons/bin/cc2650stk/core.a(sched.o)
 .ARM.attributes
                0x0000000000000099       0x33 /data/riotbuild/riotbase/ProyectoIARS/buttons/bin/cc2650stk/cortexm_common.a(thread_arch.o)
 .ARM.attributes
                0x00000000000000cc       0x33 /data/riotbuild/riotbase/ProyectoIARS/buttons/bin/cc2650stk/cortexm_common.a(vectors_cortexm.o)
 .ARM.attributes
                0x00000000000000ff       0x33 /data/riotbuild/riotbase/ProyectoIARS/buttons/bin/cc2650stk/cortexm_common.a(irq_arch.o)
 .ARM.attributes
                0x0000000000000132       0x33 /data/riotbuild/riotbase/ProyectoIARS/buttons/bin/cc2650stk/stdio_uart.a(stdio_uart.o)
 .ARM.attributes
                0x0000000000000165       0x33 /data/riotbuild/riotbase/ProyectoIARS/buttons/bin/cc2650stk/xtimer.a(xtimer_core.o)
 .ARM.attributes
                0x0000000000000198       0x33 /data/riotbuild/riotbase/ProyectoIARS/buttons/bin/cc2650stk/periph_common.a(pm.o)
 .ARM.attributes
                0x00000000000001cb       0x33 /data/riotbuild/riotbase/ProyectoIARS/buttons/bin/cc2650stk/board.a(board.o)
 .ARM.attributes
                0x00000000000001fe       0x33 /data/riotbuild/riotbase/ProyectoIARS/buttons/bin/cc2650stk/core.a(panic.o)
 .ARM.attributes
                0x0000000000000231       0x33 /data/riotbuild/riotbase/ProyectoIARS/buttons/bin/cc2650stk/core.a(kernel_init.o)
 .ARM.attributes
                0x0000000000000264       0x33 /data/riotbuild/riotbase/ProyectoIARS/buttons/bin/cc2650stk/core.a(thread.o)
 .ARM.attributes
                0x0000000000000297       0x33 /data/riotbuild/riotbase/ProyectoIARS/buttons/bin/cc2650stk/cpu.a(cpu.o)
 .ARM.attributes
                0x00000000000002ca       0x33 /data/riotbuild/riotbase/ProyectoIARS/buttons/bin/cc2650stk/periph.a(uart.o)
 .ARM.attributes
                0x00000000000002fd       0x33 /data/riotbuild/riotbase/ProyectoIARS/buttons/bin/cc2650stk/periph.a(pm.o)
 .ARM.attributes
                0x0000000000000330       0x33 /data/riotbuild/riotbase/ProyectoIARS/buttons/bin/cc2650stk/periph.a(gpio.o)
 .ARM.attributes
                0x0000000000000363       0x33 /data/riotbuild/riotbase/ProyectoIARS/buttons/bin/cc2650stk/periph.a(timer.o)
 .ARM.attributes
                0x0000000000000396       0x33 /data/riotbuild/riotbase/ProyectoIARS/buttons/bin/cc2650stk/periph_common.a(init.o)
 .ARM.attributes
                0x00000000000003c9       0x33 /data/riotbuild/riotbase/ProyectoIARS/buttons/bin/cc2650stk/application_IARS_buttons.a(main.o)
 .ARM.attributes
                0x00000000000003fc       0x33 /data/riotbuild/riotbase/ProyectoIARS/buttons/bin/cc2650stk/auto_init.a(auto_init.o)
 .ARM.attributes
                0x000000000000042f       0x33 /data/riotbuild/riotbase/ProyectoIARS/buttons/bin/cc2650stk/cortexm_common.a(cortexm_init.o)
 .ARM.attributes
                0x0000000000000462       0x2d /opt/gcc-arm-none-eabi-7-2018-q2-update/bin/../lib/gcc/arm-none-eabi/7.3.1/../../../../arm-none-eabi/lib/thumb/v7-m/libc_nano.a(lib_a-impure.o)
 .ARM.attributes
                0x000000000000048f       0x2d /opt/gcc-arm-none-eabi-7-2018-q2-update/bin/../lib/gcc/arm-none-eabi/7.3.1/../../../../arm-none-eabi/lib/thumb/v7-m/libc_nano.a(lib_a-init.o)
 .ARM.attributes
                0x00000000000004bc       0x2d /opt/gcc-arm-none-eabi-7-2018-q2-update/bin/../lib/gcc/arm-none-eabi/7.3.1/../../../../arm-none-eabi/lib/thumb/v7-m/libc_nano.a(lib_a-printf.o)
 .ARM.attributes
                0x00000000000004e9       0x2d /opt/gcc-arm-none-eabi-7-2018-q2-update/bin/../lib/gcc/arm-none-eabi/7.3.1/../../../../arm-none-eabi/lib/thumb/v7-m/libc_nano.a(lib_a-puts.o)
 .ARM.attributes
                0x0000000000000516       0x2d /opt/gcc-arm-none-eabi-7-2018-q2-update/bin/../lib/gcc/arm-none-eabi/7.3.1/../../../../arm-none-eabi/lib/thumb/v7-m/libc_nano.a(lib_a-wbuf.o)
 .ARM.attributes
                0x0000000000000543       0x2d /opt/gcc-arm-none-eabi-7-2018-q2-update/bin/../lib/gcc/arm-none-eabi/7.3.1/../../../../arm-none-eabi/lib/thumb/v7-m/libc_nano.a(lib_a-wsetup.o)
 .ARM.attributes
                0x0000000000000570       0x2d /opt/gcc-arm-none-eabi-7-2018-q2-update/bin/../lib/gcc/arm-none-eabi/7.3.1/../../../../arm-none-eabi/lib/thumb/v7-m/libc_nano.a(lib_a-fflush.o)
 .ARM.attributes
                0x000000000000059d       0x2d /opt/gcc-arm-none-eabi-7-2018-q2-update/bin/../lib/gcc/arm-none-eabi/7.3.1/../../../../arm-none-eabi/lib/thumb/v7-m/libc_nano.a(lib_a-findfp.o)
 .ARM.attributes
                0x00000000000005ca       0x2d /opt/gcc-arm-none-eabi-7-2018-q2-update/bin/../lib/gcc/arm-none-eabi/7.3.1/../../../../arm-none-eabi/lib/thumb/v7-m/libc_nano.a(lib_a-fwalk.o)
 .ARM.attributes
                0x00000000000005f7       0x2d /opt/gcc-arm-none-eabi-7-2018-q2-update/bin/../lib/gcc/arm-none-eabi/7.3.1/../../../../arm-none-eabi/lib/thumb/v7-m/libc_nano.a(lib_a-makebuf.o)
 .ARM.attributes
                0x0000000000000624       0x2d /opt/gcc-arm-none-eabi-7-2018-q2-update/bin/../lib/gcc/arm-none-eabi/7.3.1/../../../../arm-none-eabi/lib/thumb/v7-m/libc_nano.a(lib_a-memset.o)
 .ARM.attributes
                0x0000000000000651       0x2d /opt/gcc-arm-none-eabi-7-2018-q2-update/bin/../lib/gcc/arm-none-eabi/7.3.1/../../../../arm-none-eabi/lib/thumb/v7-m/libc_nano.a(lib_a-nano-freer.o)
 .ARM.attributes
                0x000000000000067e       0x2d /opt/gcc-arm-none-eabi-7-2018-q2-update/bin/../lib/gcc/arm-none-eabi/7.3.1/../../../../arm-none-eabi/lib/thumb/v7-m/libc_nano.a(lib_a-nano-mallocr.o)
 .ARM.attributes
                0x00000000000006ab       0x2d /opt/gcc-arm-none-eabi-7-2018-q2-update/bin/../lib/gcc/arm-none-eabi/7.3.1/../../../../arm-none-eabi/lib/thumb/v7-m/libc_nano.a(lib_a-nano-vfprintf.o)
 .ARM.attributes
                0x00000000000006d8       0x2d /opt/gcc-arm-none-eabi-7-2018-q2-update/bin/../lib/gcc/arm-none-eabi/7.3.1/../../../../arm-none-eabi/lib/thumb/v7-m/libc_nano.a(lib_a-nano-vfprintf_i.o)
 .ARM.attributes
                0x0000000000000705       0x2d /opt/gcc-arm-none-eabi-7-2018-q2-update/bin/../lib/gcc/arm-none-eabi/7.3.1/../../../../arm-none-eabi/lib/thumb/v7-m/libc_nano.a(lib_a-stdio.o)
 .ARM.attributes
                0x0000000000000732       0x2d /opt/gcc-arm-none-eabi-7-2018-q2-update/bin/../lib/gcc/arm-none-eabi/7.3.1/../../../../arm-none-eabi/lib/thumb/v7-m/libc_nano.a(lib_a-memchr-stub.o)
 .ARM.attributes
                0x000000000000075f       0x2d /opt/gcc-arm-none-eabi-7-2018-q2-update/bin/../lib/gcc/arm-none-eabi/7.3.1/../../../../arm-none-eabi/lib/thumb/v7-m/libc_nano.a(lib_a-mlock.o)

.debug_frame    0x0000000000000000     0x11cc
 .debug_frame   0x0000000000000000       0x20 /data/riotbuild/riotbase/ProyectoIARS/buttons/bin/cc2650stk/cpu/vectors.o
 .debug_frame   0x0000000000000020      0x178 /data/riotbuild/riotbase/ProyectoIARS/buttons/bin/cc2650stk/newlib_syscalls_default/syscalls.o
 .debug_frame   0x0000000000000198       0x78 /data/riotbuild/riotbase/ProyectoIARS/buttons/bin/cc2650stk/core.a(sched.o)
 .debug_frame   0x0000000000000210       0xbc /data/riotbuild/riotbase/ProyectoIARS/buttons/bin/cc2650stk/cortexm_common.a(thread_arch.o)
 .debug_frame   0x00000000000002cc      0x118 /data/riotbuild/riotbase/ProyectoIARS/buttons/bin/cc2650stk/cortexm_common.a(vectors_cortexm.o)
 .debug_frame   0x00000000000003e4       0x50 /data/riotbuild/riotbase/ProyectoIARS/buttons/bin/cc2650stk/cortexm_common.a(irq_arch.o)
 .debug_frame   0x0000000000000434       0x48 /data/riotbuild/riotbase/ProyectoIARS/buttons/bin/cc2650stk/stdio_uart.a(stdio_uart.o)
 .debug_frame   0x000000000000047c      0x1ac /data/riotbuild/riotbase/ProyectoIARS/buttons/bin/cc2650stk/xtimer.a(xtimer_core.o)
 .debug_frame   0x0000000000000628       0x28 /data/riotbuild/riotbase/ProyectoIARS/buttons/bin/cc2650stk/periph_common.a(pm.o)
 .debug_frame   0x0000000000000650       0x2c /data/riotbuild/riotbase/ProyectoIARS/buttons/bin/cc2650stk/board.a(board.o)
 .debug_frame   0x000000000000067c       0x38 /data/riotbuild/riotbase/ProyectoIARS/buttons/bin/cc2650stk/core.a(panic.o)