Archive member included to satisfy reference by file (symbol)

/data/riotbuild/examples/arduino_hello-world/bin/arduino-mega2560/application_arduino_hello-world.a(_sketches.o)
                              /usr/lib/gcc/avr/5.4.0/../../../avr/lib/avr6/crtatmega2560.o (main)
/data/riotbuild/examples/arduino_hello-world/bin/arduino-mega2560/arduino.a(base.o)
                              /data/riotbuild/examples/arduino_hello-world/bin/arduino-mega2560/application_arduino_hello-world.a(_sketches.o) (_Z7pinModeii)
/data/riotbuild/examples/arduino_hello-world/bin/arduino-mega2560/arduino.a(serialport.o)
                              /data/riotbuild/examples/arduino_hello-world/bin/arduino-mega2560/application_arduino_hello-world.a(_sketches.o) (_ZN10SerialPortC1Ej)
/data/riotbuild/examples/arduino_hello-world/bin/arduino-mega2560/atmega_common.a(irq_arch.o)
                              /data/riotbuild/examples/arduino_hello-world/bin/arduino-mega2560/arduino.a(serialport.o) (irq_disable)
/data/riotbuild/examples/arduino_hello-world/bin/arduino-mega2560/atmega_common_periph.a(uart.o)
                              /data/riotbuild/examples/arduino_hello-world/bin/arduino-mega2560/arduino.a(serialport.o) (uart_init)
/data/riotbuild/examples/arduino_hello-world/bin/arduino-mega2560/atmega_common_periph.a(gpio.o)
                              /data/riotbuild/examples/arduino_hello-world/bin/arduino-mega2560/arduino.a(base.o) (gpio_init)
/data/riotbuild/examples/arduino_hello-world/bin/arduino-mega2560/atmega_common_periph.a(timer.o)
                              /data/riotbuild/examples/arduino_hello-world/bin/arduino-mega2560/arduino.a(base.o) (timer_read)
/data/riotbuild/examples/arduino_hello-world/bin/arduino-mega2560/atmega_common_periph.a(adc.o)
                              /data/riotbuild/examples/arduino_hello-world/bin/arduino-mega2560/arduino.a(base.o) (adc_init)
/data/riotbuild/examples/arduino_hello-world/bin/arduino-mega2560/boards_common_atmega.a(board.o)
                              /data/riotbuild/examples/arduino_hello-world/bin/arduino-mega2560/atmega_common/startup.o (board_init)
/data/riotbuild/examples/arduino_hello-world/bin/arduino-mega2560/core.a(panic.o)
                              /data/riotbuild/examples/arduino_hello-world/bin/arduino-mega2560/arduino.a(base.o) (core_panic)
/data/riotbuild/examples/arduino_hello-world/bin/arduino-mega2560/core.a(mutex.o)
                              /data/riotbuild/examples/arduino_hello-world/bin/arduino-mega2560/atmega_common_periph.a(adc.o) (_mutex_lock)
/data/riotbuild/examples/arduino_hello-world/bin/arduino-mega2560/core.a(sched.o)
                              /data/riotbuild/examples/arduino_hello-world/bin/arduino-mega2560/atmega_common_periph.a(uart.o) (sched_context_switch_request)
/data/riotbuild/examples/arduino_hello-world/bin/arduino-mega2560/core.a(ringbuffer.o)
                              /data/riotbuild/examples/arduino_hello-world/bin/arduino-mega2560/arduino.a(serialport.o) (ringbuffer_add_one)
/data/riotbuild/examples/arduino_hello-world/bin/arduino-mega2560/core.a(kernel_init.o)
                              /data/riotbuild/examples/arduino_hello-world/bin/arduino-mega2560/atmega_common/startup.o (kernel_init)
/data/riotbuild/examples/arduino_hello-world/bin/arduino-mega2560/core.a(thread.o)
                              /data/riotbuild/examples/arduino_hello-world/bin/arduino-mega2560/atmega_common_periph.a(uart.o) (thread_yield)
/data/riotbuild/examples/arduino_hello-world/bin/arduino-mega2560/xtimer.a(xtimer_core.o)
                              /data/riotbuild/examples/arduino_hello-world/bin/arduino-mega2560/arduino.a(base.o) (_xtimer_high_cnt)
/data/riotbuild/examples/arduino_hello-world/bin/arduino-mega2560/xtimer.a(xtimer.o)
                              /data/riotbuild/examples/arduino_hello-world/bin/arduino-mega2560/arduino.a(base.o) (_xtimer_tsleep)
/data/riotbuild/examples/arduino_hello-world/bin/arduino-mega2560/periph_common.a(pm.o)
                              /data/riotbuild/examples/arduino_hello-world/bin/arduino-mega2560/core.a(panic.o) (pm_off)
/data/riotbuild/examples/arduino_hello-world/bin/arduino-mega2560/atmega_common.a(cpu.o)
                              /data/riotbuild/examples/arduino_hello-world/bin/arduino-mega2560/boards_common_atmega.a(board.o) (cpu_init)
/data/riotbuild/examples/arduino_hello-world/bin/arduino-mega2560/atmega_common.a(thread_arch.o)
                              /data/riotbuild/examples/arduino_hello-world/bin/arduino-mega2560/core.a(thread.o) (thread_stack_init)
/data/riotbuild/examples/arduino_hello-world/bin/arduino-mega2560/auto_init.a(auto_init.o)
                              /data/riotbuild/examples/arduino_hello-world/bin/arduino-mega2560/core.a(kernel_init.o) (auto_init)
/data/riotbuild/examples/arduino_hello-world/bin/arduino-mega2560/avr_libc_extra.a(atmega_stdio.o)
[...]
Memory Configuration

Name             Origin             Length             Attributes
text             0x0000000000000000 0x000000000003e000 xr
data             0x0000000000800200 0x0000000000002000 rw !x
eeprom           0x0000000000810000 0x0000000000010000 rw !x
fuse             0x0000000000820000 0x0000000000000003 rw !x
lock             0x0000000000830000 0x0000000000000400 rw !x
signature        0x0000000000840000 0x0000000000000400 rw !x
user_signatures  0x0000000000850000 0x0000000000000400 rw !x
*default*        0x0000000000000000 0xffffffffffffffff

Linker script and memory map

Address of section .data set to 0x800200
LOAD /usr/lib/gcc/avr/5.4.0/../../../avr/lib/avr6/crtatmega2560.o
LOAD /data/riotbuild/examples/arduino_hello-world/bin/arduino-mega2560/atmega_common/startup.o
START GROUP
LOAD /data/riotbuild/examples/arduino_hello-world/bin/arduino-mega2560/application_arduino_hello-world.a
LOAD /data/riotbuild/examples/arduino_hello-world/bin/arduino-mega2560/arduino.a
LOAD /data/riotbuild/examples/arduino_hello-world/bin/arduino-mega2560/atmega_common.a
LOAD /data/riotbuild/examples/arduino_hello-world/bin/arduino-mega2560/atmega_common_periph.a
LOAD /data/riotbuild/examples/arduino_hello-world/bin/arduino-mega2560/auto_init.a
LOAD /data/riotbuild/examples/arduino_hello-world/bin/arduino-mega2560/avr_libc_extra.a
LOAD /data/riotbuild/examples/arduino_hello-world/bin/arduino-mega2560/board.a
LOAD /data/riotbuild/examples/arduino_hello-world/bin/arduino-mega2560/boards_common_arduino-atmega.a
LOAD /data/riotbuild/examples/arduino_hello-world/bin/arduino-mega2560/boards_common_atmega.a
LOAD /data/riotbuild/examples/arduino_hello-world/bin/arduino-mega2560/core.a
LOAD /data/riotbuild/examples/arduino_hello-world/bin/arduino-mega2560/cpu.a
LOAD /data/riotbuild/examples/arduino_hello-world/bin/arduino-mega2560/div.a
LOAD /data/riotbuild/examples/arduino_hello-world/bin/arduino-mega2560/stdio_uart.a
LOAD /data/riotbuild/examples/arduino_hello-world/bin/arduino-mega2560/sys.a
LOAD /data/riotbuild/examples/arduino_hello-world/bin/arduino-mega2560/xtimer.a
LOAD /data/riotbuild/examples/arduino_hello-world/bin/arduino-mega2560/periph_common.a
END GROUP
LOAD /usr/lib/gcc/avr/5.4.0/avr6/libgcc.a
                0x000000000003e000                __TEXT_REGION_LENGTH__ = 0x3e000
                0x0000000000002000                __DATA_REGION_LENGTH__ = 0x2000
LOAD /usr/lib/gcc/avr/5.4.0/avr6/libgcc.a
LOAD /usr/lib/gcc/avr/5.4.0/../../../avr/lib/avr6/libm.a
START GROUP
LOAD /usr/lib/gcc/avr/5.4.0/avr6/libgcc.a
LOAD /usr/lib/gcc/avr/5.4.0/../../../avr/lib/avr6/libm.a
LOAD /usr/lib/gcc/avr/5.4.0/../../../avr/lib/avr6/libc.a
LOAD /usr/lib/gcc/avr/5.4.0/../../../avr/lib/avr6/libatmega2560.a
END GROUP
                0x0000000000100000                __TEXT_REGION_LENGTH__ = DEFINED (__TEXT_REGION_LENGTH__)?__TEXT_REGION_LENGTH__:0x100000
                0x000000000000fe00                __DATA_REGION_LENGTH__ = DEFINED (__DATA_REGION_LENGTH__)?__DATA_REGION_LENGTH__:0xfe00
                0x0000000000010000                __EEPROM_REGION_LENGTH__ = DEFINED (__EEPROM_REGION_LENGTH__)?__EEPROM_REGION_LENGTH__:0x10000
                [0x0000000000000003]                __FUSE_REGION_LENGTH__ = DEFINED (__FUSE_REGION_LENGTH__)?__FUSE_REGION_LENGTH__:0x400
                0x0000000000000400                __LOCK_REGION_LENGTH__ = DEFINED (__LOCK_REGION_LENGTH__)?__LOCK_REGION_LENGTH__:0x400
                0x0000000000000400                __SIGNATURE_REGION_LENGTH__ = DEFINED (__SIGNATURE_REGION_LENGTH__)?__SIGNATURE_REGION_LENGTH__:0x400
                0x0000000000000400                __USER_SIGNATURE_REGION_LENGTH__ = DEFINED (__USER_SIGNATURE_REGION_LENGTH__)?__USER_SIGNATURE_REGION_LENGTH__:0x400

.hash
 *(.hash)

.dynsym
 *(.dynsym)

.dynstr
 *(.dynstr)

.gnu.version
 *(.gnu.version)

.gnu.version_d
 *(.gnu.version_d)

.gnu.version_r
 *(.gnu.version_r)

.rel.init
 *(.rel.init)

.rela.init
 *(.rela.init)

.rel.text
 *(.rel.text)
 *(.rel.text.*)
 *(.rel.gnu.linkonce.t*)

.rela.text
 *(.rela.text)
 *(.rela.text.*)
 *(.rela.gnu.linkonce.t*)

.rel.fini
 *(.rel.fini)

.rela.fini
 *(.rela.fini)

.rel.rodata
 *(.rel.rodata)
 *(.rel.rodata.*)
 *(.rel.gnu.linkonce.r*)

.rela.rodata
 *(.rela.rodata)
 *(.rela.rodata.*)
 *(.rela.gnu.linkonce.r*)

.rel.data
 *(.rel.data)
 *(.rel.data.*)
 *(.rel.gnu.linkonce.d*)

.rela.data
 *(.rela.data)
 *(.rela.data.*)
 *(.rela.gnu.linkonce.d*)

.rel.ctors
 *(.rel.ctors)

.rela.ctors
 *(.rela.ctors)

.rel.dtors
 *(.rel.dtors)

.rela.dtors
 *(.rela.dtors)

.rel.got
 *(.rel.got)

.rela.got
 *(.rela.got)

.rel.bss
 *(.rel.bss)

.rela.bss
 *(.rela.bss)

.rel.plt
 *(.rel.plt)

.rela.plt
 *(.rela.plt)

.text           0x0000000000000000     0x2728
 *(.vectors)
 .vectors       0x0000000000000000       0xe4 /usr/lib/gcc/avr/5.4.0/../../../avr/lib/avr6/crtatmega2560.o
                0x0000000000000000                __vectors
 *(.vectors)
 *(.progmem.gcc*)
                0x00000000000000e4                . = ALIGN (0x2)
                0x00000000000000e4                __trampolines_start = .
 *(.trampolines)
 .trampolines   0x00000000000000e4       0x28 linker stubs
 *(.trampolines*)
                0x000000000000010c                __trampolines_end = .
 *libprintf_flt.a:*(.progmem.data)
 *libc.a:*(.progmem.data)
 *(.progmem*)
 .progmem.data.__c.2004
                0x000000000000010c       0x49 /data/riotbuild/examples/arduino_hello-world/bin/arduino-mega2560/atmega_common.a(cpu.o)
                0x0000000000000156                . = ALIGN (0x2)
 *fill*         0x0000000000000155        0x1 
 *(.jumptables)
 *(.jumptables*)
 *(.lowtext)
 *(.lowtext*)
                0x0000000000000156                __ctors_start = .
 *(.ctors)
 .ctors         0x0000000000000156        0x2 /data/riotbuild/examples/arduino_hello-world/bin/arduino-mega2560/application_arduino_hello-world.a(_sketches.o)
 .ctors         0x0000000000000158        0x2 /data/riotbuild/examples/arduino_hello-world/bin/arduino-mega2560/arduino.a(base.o)
                0x000000000000015a                __ctors_end = .
                0x000000000000015a                __dtors_start = .
 *(.dtors)
                0x000000000000015a                __dtors_end = .
 SORT(*)(.ctors)
 SORT(*)(.dtors)
 *(.init0)
 .init0         0x000000000000015a        0x0 /usr/lib/gcc/avr/5.4.0/../../../avr/lib/avr6/crtatmega2560.o
                0x000000000000015a                __init
 .init0         0x000000000000015a       0x24 /data/riotbuild/examples/arduino_hello-world/bin/arduino-mega2560/atmega_common.a(cpu.o)
                0x000000000000015a                get_mcusr
 *(.init0)
 *(.init1)
 *(.init1)
 *(.init2)
 .init2         0x000000000000017e       0x10 /usr/lib/gcc/avr/5.4.0/../../../avr/lib/avr6/crtatmega2560.o
 *(.init2)
 *(.init3)
 *(.init3)
 *(.init4)
 .init4         0x000000000000018e       0x1a /usr/lib/gcc/avr/5.4.0/avr6/libgcc.a(_copy_data.o)
                0x000000000000018e                __do_copy_data
 .init4         0x00000000000001a8       0x10 /usr/lib/gcc/avr/5.4.0/avr6/libgcc.a(_clear_bss.o)
                0x00000000000001a8                __do_clear_bss
 *(.init4)
 *(.init5)
 *(.init5)
 *(.init6)
 .init6         0x00000000000001b8       0x20 /usr/lib/gcc/avr/5.4.0/avr6/libgcc.a(_ctors.o)
                0x00000000000001b8                __do_global_ctors
 *(.init6)
 *(.init7)
 .init7         0x00000000000001d8        0x4 /data/riotbuild/examples/arduino_hello-world/bin/arduino-mega2560/atmega_common/startup.o
                0x00000000000001d8                init7_ovr
 *(.init7)
 *(.init8)
 .init8         0x00000000000001dc        0x4 /data/riotbuild/examples/arduino_hello-world/bin/arduino-mega2560/atmega_common/startup.o
                0x00000000000001dc                init8_ovr
 *(.init8)
 *(.init9)
 .init9         0x00000000000001e0        0x8 /usr/lib/gcc/avr/5.4.0/../../../avr/lib/avr6/crtatmega2560.o
 *(.init9)
 *(.text)
 .text          0x00000000000001e8        0x4 /usr/lib/gcc/avr/5.4.0/../../../avr/lib/avr6/crtatmega2560.o
                0x00000000000001e8                __vector_38
                0x00000000000001e8                __vector_22
                0x00000000000001e8                __vector_28
                0x00000000000001e8                __vector_1
                0x00000000000001e8                __vector_32
                0x00000000000001e8                __vector_34
                0x00000000000001e8                __vector_24
                0x00000000000001e8                __vector_12
                0x00000000000001e8                __vector_55
                0x00000000000001e8                __vector_46
                0x00000000000001e8                __bad_interrupt
                0x00000000000001e8                __vector_6
                0x00000000000001e8                __vector_31
                0x00000000000001e8                __vector_35
                0x00000000000001e8                __vector_39
                0x00000000000001e8                __vector_3
                0x00000000000001e8                __vector_23
                0x00000000000001e8                __vector_30
                0x00000000000001e8                __vector_45
                0x00000000000001e8                __vector_11
                0x00000000000001e8                __vector_54
                0x00000000000001e8                __vector_13
                0x00000000000001e8                __vector_56
                0x00000000000001e8                __vector_7
                0x00000000000001e8                __vector_49
                0x00000000000001e8                __vector_41
                0x00000000000001e8                __vector_27
                0x00000000000001e8                __vector_5
                0x00000000000001e8                __vector_33
                0x00000000000001e8                __vector_47
                0x00000000000001e8                __vector_52
                0x00000000000001e8                __vector_37
                0x00000000000001e8                __vector_4
                0x00000000000001e8                __vector_51
                0x00000000000001e8                __vector_9
                0x00000000000001e8                __vector_2
                0x00000000000001e8                __vector_21
                0x00000000000001e8                __vector_15
                0x00000000000001e8                __vector_29
                0x00000000000001e8                __vector_40
                0x00000000000001e8                __vector_8
                0x00000000000001e8                __vector_26
                0x00000000000001e8                __vector_48
                0x00000000000001e8                __vector_14
                0x00000000000001e8                __vector_53
                0x00000000000001e8                __vector_10
                0x00000000000001e8                __vector_50
                0x00000000000001e8                __vector_16
                0x00000000000001e8                __vector_20
                0x00000000000001ec                . = ALIGN (0x2)
 *(.text.*)
 .text.reset_handler
                0x00000000000001ec        0x8 /data/riotbuild/examples/arduino_hello-world/bin/arduino-mega2560/atmega_common/startup.o
                0x00000000000001ec                reset_handler
 .text._Z5setupv
                0x00000000000001f4       0x2c /data/riotbuild/examples/arduino_hello-world/bin/arduino-mega2560/application_arduino_hello-world.a(_sketches.o)
                0x00000000000001f4                _Z5setupv
 .text._Z4loopv
                0x0000000000000220       0xd0 /data/riotbuild/examples/arduino_hello-world/bin/arduino-mega2560/application_arduino_hello-world.a(_sketches.o)
                0x0000000000000220                _Z4loopv
 .text.startup.main
                0x00000000000002f0        0xa /data/riotbuild/examples/arduino_hello-world/bin/arduino-mega2560/application_arduino_hello-world.a(_sketches.o)
                0x00000000000002f0                main
 .text.startup._GLOBAL__sub_I_ledPin
                0x00000000000002fa        0xc /data/riotbuild/examples/arduino_hello-world/bin/arduino-mega2560/application_arduino_hello-world.a(_sketches.o)
 .text._Z7pinModeii
                0x0000000000000306       0x22 /data/riotbuild/examples/arduino_hello-world/bin/arduino-mega2560/arduino.a(base.o)
                0x0000000000000306                _Z7pinModeii
 .text._Z12digitalWriteii
                0x0000000000000328        0xc /data/riotbuild/examples/arduino_hello-world/bin/arduino-mega2560/arduino.a(base.o)
                0x0000000000000328                _Z12digitalWriteii
 .text._Z11digitalReadi
                0x0000000000000334       0x1c /data/riotbuild/examples/arduino_hello-world/bin/arduino-mega2560/arduino.a(base.o)
                0x0000000000000334                _Z11digitalReadi
 .text._Z5delaym
                0x0000000000000350       0x24 /data/riotbuild/examples/arduino_hello-world/bin/arduino-mega2560/arduino.a(base.o)
                0x0000000000000350                _Z5delaym
 .text.startup._GLOBAL__sub_I__Z7pinModeii
                0x0000000000000374        0xc /data/riotbuild/examples/arduino_hello-world/bin/arduino-mega2560/arduino.a(base.o)
 .text._Z5rx_cbPvh
                0x0000000000000380        0x4 /data/riotbuild/examples/arduino_hello-world/bin/arduino-mega2560/arduino.a(serialport.o)
                0x0000000000000380                _Z5rx_cbPvh
 .text._ZN10SerialPortC2Ej
                0x0000000000000384        0x8 /data/riotbuild/examples/arduino_hello-world/bin/arduino-mega2560/arduino.a(serialport.o)
                0x0000000000000384                _ZN10SerialPortC2Ej
                0x0000000000000384                _ZN10SerialPortC1Ej
 .text._ZN10SerialPort9availableEv
                0x000000000000038c        0xc /data/riotbuild/examples/arduino_hello-world/bin/arduino-mega2560/arduino.a(serialport.o)
                0x000000000000038c                _ZN10SerialPort9availableEv
 .text._ZN10SerialPort5beginEl
                0x0000000000000398       0x3a /data/riotbuild/examples/arduino_hello-world/bin/arduino-mega2560/arduino.a(serialport.o)
                0x0000000000000398                _ZN10SerialPort5beginEl
 .text._ZN10SerialPort4readEv
                0x00000000000003d2       0x36 /data/riotbuild/examples/arduino_hello-world/bin/arduino-mega2560/arduino.a(serialport.o)
                0x00000000000003d2                _ZN10SerialPort4readEv
 .text._ZN10SerialPort5writeEi
                0x0000000000000408       0x32 /data/riotbuild/examples/arduino_hello-world/bin/arduino-mega2560/arduino.a(serialport.o)
                0x0000000000000408                _ZN10SerialPort5writeEi
 .text._ZN10SerialPort5writeEPKc
                0x000000000000043a       0x2e /data/riotbuild/examples/arduino_hello-world/bin/arduino-mega2560/arduino.a(serialport.o)
                0x000000000000043a                _ZN10SerialPort5writeEPKc
 .text._ZN10SerialPort7printlnEPKc
                0x0000000000000468       0x28 /data/riotbuild/examples/arduino_hello-world/bin/arduino-mega2560/arduino.a(serialport.o)
                0x0000000000000468                _ZN10SerialPort7printlnEPKc
 .text.irq_disable
                0x0000000000000490        0xc /data/riotbuild/examples/arduino_hello-world/bin/arduino-mega2560/atmega_common.a(irq_arch.o)
                0x0000000000000490                irq_disable
 .text.irq_enable
                0x000000000000049c        0xc /data/riotbuild/examples/arduino_hello-world/bin/arduino-mega2560/atmega_common.a(irq_arch.o)
                0x000000000000049c                irq_enable
 .text.irq_restore
                0x00000000000004a8       0x14 /data/riotbuild/examples/arduino_hello-world/bin/arduino-mega2560/atmega_common.a(irq_arch.o)
                0x00000000000004a8                irq_restore
 .text.irq_is_in
                0x00000000000004bc        0x8 /data/riotbuild/examples/arduino_hello-world/bin/arduino-mega2560/atmega_common.a(irq_arch.o)
                0x00000000000004bc                irq_is_in
 .text.isr_handler
                0x00000000000004c4       0x54 /data/riotbuild/examples/arduino_hello-world/bin/arduino-mega2560/atmega_common_periph.a(uart.o)
 .text.uart_init
                0x0000000000000518       0xa0 /data/riotbuild/examples/arduino_hello-world/bin/arduino-mega2560/atmega_common_periph.a(uart.o)
                0x0000000000000518                uart_init
 .text.uart_write
                0x00000000000005b8       0x32 /data/riotbuild/examples/arduino_hello-world/bin/arduino-mega2560/atmega_common_periph.a(uart.o)
                0x00000000000005b8                uart_write
 .text.__vector_25
                0x00000000000005ea       0x54 /data/riotbuild/examples/arduino_hello-world/bin/arduino-mega2560/atmega_common_periph.a(uart.o)
                0x00000000000005ea                __vector_25
 .text.__vector_36
                0x000000000000063e       0x54 /data/riotbuild/examples/arduino_hello-world/bin/arduino-mega2560/atmega_common_periph.a(uart.o)
                0x000000000000063e                __vector_36
 .text._port_addr
                0x0000000000000692       0x1c /data/riotbuild/examples/arduino_hello-world/bin/arduino-mega2560/atmega_common_periph.a(gpio.o)
 .text.gpio_init
                0x00000000000006ae       0x6a /data/riotbuild/examples/arduino_hello-world/bin/arduino-mega2560/atmega_common_periph.a(gpio.o)
                0x00000000000006ae                gpio_init
 .text.gpio_read
                0x0000000000000718       0x28 /data/riotbuild/examples/arduino_hello-world/bin/arduino-mega2560/atmega_common_periph.a(gpio.o)
                0x0000000000000718                gpio_read
 .text.gpio_set
                0x0000000000000740       0x22 /data/riotbuild/examples/arduino_hello-world/bin/arduino-mega2560/atmega_common_periph.a(gpio.o)
                0x0000000000000740                gpio_set
 .text.gpio_clear
                0x0000000000000762       0x28 /data/riotbuild/examples/arduino_hello-world/bin/arduino-mega2560/atmega_common_periph.a(gpio.o)
                0x0000000000000762                gpio_clear
 .text.gpio_write
                0x000000000000078a        0xc /data/riotbuild/examples/arduino_hello-world/bin/arduino-mega2560/atmega_common_periph.a(gpio.o)
                0x000000000000078a                gpio_write
 .text._isr     0x0000000000000796       0x6c /data/riotbuild/examples/arduino_hello-world/bin/arduino-mega2560/atmega_common_periph.a(timer.o)
 .text.timer_init
                0x0000000000000802       0xa8 /data/riotbuild/examples/arduino_hello-world/bin/arduino-mega2560/atmega_common_periph.a(timer.o)
                0x0000000000000802                timer_init
 .text.timer_set_absolute
                0x00000000000008aa       0x62 /data/riotbuild/examples/arduino_hello-world/bin/arduino-mega2560/atmega_common_periph.a(timer.o)
                0x00000000000008aa                timer_set_absolute
 .text.timer_read
                0x000000000000090c       0x20 /data/riotbuild/examples/arduino_hello-world/bin/arduino-mega2560/atmega_common_periph.a(timer.o)
                0x000000000000090c                timer_read
 .text.__vector_17
                0x000000000000092c       0x58 /data/riotbuild/examples/arduino_hello-world/bin/arduino-mega2560/atmega_common_periph.a(timer.o)
                0x000000000000092c                __vector_17
 .text.__vector_18
                0x0000000000000984       0x58 /data/riotbuild/examples/arduino_hello-world/bin/arduino-mega2560/atmega_common_periph.a(timer.o)
                0x0000000000000984                __vector_18
 .text.__vector_19
                0x00000000000009dc       0x58 /data/riotbuild/examples/arduino_hello-world/bin/arduino-mega2560/atmega_common_periph.a(timer.o)
                0x00000000000009dc                __vector_19
 .text.__vector_42
                0x0000000000000a34       0x58 /data/riotbuild/examples/arduino_hello-world/bin/arduino-mega2560/atmega_common_periph.a(timer.o)
                0x0000000000000a34                __vector_42
 .text.__vector_43
                0x0000000000000a8c       0x58 /data/riotbuild/examples/arduino_hello-world/bin/arduino-mega2560/atmega_common_periph.a(timer.o)
                0x0000000000000a8c                __vector_43
 .text.__vector_44
                0x0000000000000ae4       0x58 /data/riotbuild/examples/arduino_hello-world/bin/arduino-mega2560/atmega_common_periph.a(timer.o)
                0x0000000000000ae4                __vector_44
 .text.board_init
                0x0000000000000b3c       0x1a /data/riotbuild/examples/arduino_hello-world/bin/arduino-mega2560/boards_common_atmega.a(board.o)
                0x0000000000000b3c                board_init
 .text.panic_arch
                0x0000000000000b56        0x2 /data/riotbuild/examples/arduino_hello-world/bin/arduino-mega2560/core.a(panic.o)
                0x0000000000000b56                panic_arch
 .text.core_panic
                0x0000000000000b58       0x76 /data/riotbuild/examples/arduino_hello-world/bin/arduino-mega2560/core.a(panic.o)
                0x0000000000000b58                core_panic
 .text._mutex_lock
                0x0000000000000bce       0x8a /data/riotbuild/examples/arduino_hello-world/bin/arduino-mega2560/core.a(mutex.o)
                0x0000000000000bce                _mutex_lock
 .text.mutex_unlock
                0x0000000000000c58       0x82 /data/riotbuild/examples/arduino_hello-world/bin/arduino-mega2560/core.a(mutex.o)
                0x0000000000000c58                mutex_unlock
 .text.sched_run
                0x0000000000000cda       0x7e /data/riotbuild/examples/arduino_hello-world/bin/arduino-mega2560/core.a(sched.o)
                0x0000000000000cda                sched_run
 .text.sched_set_status
                0x0000000000000d58      0x122 /data/riotbuild/examples/arduino_hello-world/bin/arduino-mega2560/core.a(sched.o)
                0x0000000000000d58                sched_set_status
 .text.sched_switch
                0x0000000000000e7a       0x34 /data/riotbuild/examples/arduino_hello-world/bin/arduino-mega2560/core.a(sched.o)
                0x0000000000000e7a                sched_switch
 .text.sched_task_exit
                0x0000000000000eae       0x44 /data/riotbuild/examples/arduino_hello-world/bin/arduino-mega2560/core.a(sched.o)
                0x0000000000000eae                sched_task_exit
 .text.ringbuffer_add_one
                0x0000000000000ef2       0x76 /data/riotbuild/examples/arduino_hello-world/bin/arduino-mega2560/core.a(ringbuffer.o)
                0x0000000000000ef2                ringbuffer_add_one
 .text.ringbuffer_get_one
                0x0000000000000f68       0x48 /data/riotbuild/examples/arduino_hello-world/bin/arduino-mega2560/core.a(ringbuffer.o)
                0x0000000000000f68                ringbuffer_get_one
 .text.main_trampoline
                0x0000000000000fb0       0x1e /data/riotbuild/examples/arduino_hello-world/bin/arduino-mega2560/core.a(kernel_init.o)
 .text.idle_thread
                0x0000000000000fce        0x6 /data/riotbuild/examples/arduino_hello-world/bin/arduino-mega2560/core.a(kernel_init.o)
 .text.kernel_init
                0x0000000000000fd4       0x48 /data/riotbuild/examples/arduino_hello-world/bin/arduino-mega2560/core.a(kernel_init.o)
                0x0000000000000fd4                kernel_init
 .text.thread_yield
                0x000000000000101c       0x36 /data/riotbuild/examples/arduino_hello-world/bin/arduino-mega2560/core.a(thread.o)
                0x000000000000101c                thread_yield
 .text.thread_add_to_list
                0x0000000000001052       0x42 /data/riotbuild/examples/arduino_hello-world/bin/arduino-mega2560/core.a(thread.o)
                0x0000000000001052                thread_add_to_list
 .text.thread_create
                0x0000000000001094      0x17e /data/riotbuild/examples/arduino_hello-world/bin/arduino-mega2560/core.a(thread.o)
                0x0000000000001094                thread_create
 .text._xtimer_now
                0x0000000000001212       0x58 /data/riotbuild/examples/arduino_hello-world/bin/arduino-mega2560/xtimer.a(xtimer_core.o)
 .text._xtimer_now_internal
                0x000000000000126a       0x6e /data/riotbuild/examples/arduino_hello-world/bin/arduino-mega2560/xtimer.a(xtimer_core.o)
 .text._lltimer_set
                0x00000000000012d8       0x1c /data/riotbuild/examples/arduino_hello-world/bin/arduino-mega2560/xtimer.a(xtimer_core.o)
 .text._add_timer_to_long_list.constprop.3
                0x00000000000012f4       0x7e /data/riotbuild/examples/arduino_hello-world/bin/arduino-mega2560/xtimer.a(xtimer_core.o)
 .text._next_period
                0x0000000000001372      0x1a6 /data/riotbuild/examples/arduino_hello-world/bin/arduino-mega2560/xtimer.a(xtimer_core.o)
 .text._periph_timer_callback
                0x0000000000001518      0x204 /data/riotbuild/examples/arduino_hello-world/bin/arduino-mega2560/xtimer.a(xtimer_core.o)
 .text._remove  0x000000000000171c       0x96 /data/riotbuild/examples/arduino_hello-world/bin/arduino-mega2560/xtimer.a(xtimer_core.o)
 .text.xtimer_init
                0x00000000000017b2       0x2a /data/riotbuild/examples/arduino_hello-world/bin/arduino-mega2560/xtimer.a(xtimer_core.o)
                0x00000000000017b2                xtimer_init
 .text._xtimer_set_absolute
                0x00000000000017dc      0x1e8 /data/riotbuild/examples/arduino_hello-world/bin/arduino-mega2560/xtimer.a(xtimer_core.o)
                0x00000000000017dc                _xtimer_set_absolute
 .text.xtimer_remove
                0x00000000000019c4       0x46 /data/riotbuild/examples/arduino_hello-world/bin/arduino-mega2560/xtimer.a(xtimer_core.o)
                0x00000000000019c4                xtimer_remove
 .text._xtimer_set
                0x0000000000001a0a       0xc4 /data/riotbuild/examples/arduino_hello-world/bin/arduino-mega2560/xtimer.a(xtimer_core.o)
                0x0000000000001a0a                _xtimer_set
 .text._xtimer_set64
                0x0000000000001ace       0xf8 /data/riotbuild/examples/arduino_hello-world/bin/arduino-mega2560/xtimer.a(xtimer_core.o)
                0x0000000000001ace                _xtimer_set64
 .text._callback_unlock_mutex
                0x0000000000001bc6        0x4 /data/riotbuild/examples/arduino_hello-world/bin/arduino-mega2560/xtimer.a(xtimer.o)
 .text._xtimer_spin
                0x0000000000001bca       0x5a /data/riotbuild/examples/arduino_hello-world/bin/arduino-mega2560/xtimer.a(xtimer.o)
 .text._xtimer_tsleep
                0x0000000000001c24       0xce /data/riotbuild/examples/arduino_hello-world/bin/arduino-mega2560/xtimer.a(xtimer.o)
                0x0000000000001c24                _xtimer_tsleep
 .text.pm_off   0x0000000000001cf2        0x6 /data/riotbuild/examples/arduino_hello-world/bin/arduino-mega2560/periph_common.a(pm.o)
                0x0000000000001cf2                pm_off
 .text.pm_set_lowest
                0x0000000000001cf8        0x2 /data/riotbuild/examples/arduino_hello-world/bin/arduino-mega2560/periph_common.a(pm.o)
                0x0000000000001cf8                pm_set_lowest
 .text.cpu_init
                0x0000000000001cfa       0x1c /data/riotbuild/examples/arduino_hello-world/bin/arduino-mega2560/atmega_common.a(cpu.o)
                0x0000000000001cfa                cpu_init
 .text.__vector_default
                0x0000000000001d16       0x16 /data/riotbuild/examples/arduino_hello-world/bin/arduino-mega2560/atmega_common.a(cpu.o)
                0x0000000000001d16                __vector_default
 .text.thread_stack_init
                0x0000000000001d2c       0x6a /data/riotbuild/examples/arduino_hello-world/bin/arduino-mega2560/atmega_common.a(thread_arch.o)
                0x0000000000001d2c                thread_stack_init
 .text.cpu_switch_context_exit
                0x0000000000001d96       0x9a /data/riotbuild/examples/arduino_hello-world/bin/arduino-mega2560/atmega_common.a(thread_arch.o)
                0x0000000000001d96                cpu_switch_context_exit
 .text.thread_yield_higher
                0x0000000000001e30       0xdc /data/riotbuild/examples/arduino_hello-world/bin/arduino-mega2560/atmega_common.a(thread_arch.o)
                0x0000000000001e30                thread_yield_higher
 .text.thread_yield_isr
                0x0000000000001f0c       0xc4 /data/riotbuild/examples/arduino_hello-world/bin/arduino-mega2560/atmega_common.a(thread_arch.o)
                0x0000000000001f0c                thread_yield_isr
 .text.auto_init
                0x0000000000001fd0        0x4 /data/riotbuild/examples/arduino_hello-world/bin/arduino-mega2560/auto_init.a(auto_init.o)
                0x0000000000001fd0                auto_init
 .text._uart_getchar
                0x0000000000001fd4       0x26 /data/riotbuild/examples/arduino_hello-world/bin/arduino-mega2560/avr_libc_extra.a(atmega_stdio.o)
 .text._uart_putchar
                0x0000000000001ffa       0x24 /data/riotbuild/examples/arduino_hello-world/bin/arduino-mega2560/avr_libc_extra.a(atmega_stdio.o)
 .text.atmega_stdio_init
                0x000000000000201e       0x20 /data/riotbuild/examples/arduino_hello-world/bin/arduino-mega2560/avr_libc_extra.a(atmega_stdio.o)
                0x000000000000201e                atmega_stdio_init
 .text.led_init
                0x000000000000203e        0xc /data/riotbuild/examples/arduino_hello-world/bin/arduino-mega2560/boards_common_arduino-atmega.a(led_init.o)
                0x000000000000203e                led_init
 .text.stdio_init
                0x000000000000204a       0x22 /data/riotbuild/examples/arduino_hello-world/bin/arduino-mega2560/stdio_uart.a(stdio_uart.o)
                0x000000000000204a                stdio_init
 .text.stdio_read
                0x000000000000206c        0x6 /data/riotbuild/examples/arduino_hello-world/bin/arduino-mega2560/stdio_uart.a(stdio_uart.o)
                0x000000000000206c                stdio_read
 .text.stdio_write
                0x0000000000002072       0x1a /data/riotbuild/examples/arduino_hello-world/bin/arduino-mega2560/stdio_uart.a(stdio_uart.o)
                0x0000000000002072                stdio_write
 .text.periph_init
                0x000000000000208c        0x2 /data/riotbuild/examples/arduino_hello-world/bin/arduino-mega2560/periph_common.a(init.o)
                0x000000000000208c                periph_init
 .text.libgcc.div
                0x000000000000208e       0x44 /usr/lib/gcc/avr/5.4.0/avr6/libgcc.a(_udivmodsi4.o)
                0x000000000000208e                __udivmodsi4
 .text.libgcc.mul
                0x00000000000020d2       0x16 /usr/lib/gcc/avr/5.4.0/avr6/libgcc.a(_muluhisi3.o)
                0x00000000000020d2                __muluhisi3
 .text.libgcc   0x00000000000020e8       0x10 /usr/lib/gcc/avr/5.4.0/avr6/libgcc.a(_tablejump2.o)
                0x00000000000020e8                __tablejump2__
 .text.libgcc.mul
                0x00000000000020f8       0x1e /usr/lib/gcc/avr/5.4.0/avr6/libgcc.a(_umulhisi3.o)
                0x00000000000020f8                __umulhisi3
 .text.avr-libc
                0x0000000000002116       0x12 /usr/lib/gcc/avr/5.4.0/../../../avr/lib/avr6/libc.a(strlen.o)
                0x0000000000002116                strlen
 .text.avr-libc
                0x0000000000002128       0x28 /usr/lib/gcc/avr/5.4.0/../../../avr/lib/avr6/libc.a(printf.o)
                0x0000000000002128                printf
 .text.avr-libc
                0x0000000000002150       0x60 /usr/lib/gcc/avr/5.4.0/../../../avr/lib/avr6/libc.a(puts.o)
                0x0000000000002150                puts
 .text.avr-libc
                0x00000000000021b0      0x414 /usr/lib/gcc/avr/5.4.0/../../../avr/lib/avr6/libc.a(vfprintf_std.o)
                0x00000000000021b0                vfprintf
 .text.avr-libc
                0x00000000000025c4       0x16 /usr/lib/gcc/avr/5.4.0/../../../avr/lib/avr6/libc.a(strnlen_P.o)
                0x00000000000025c4                strnlen_P
 .text.avr-libc
                0x00000000000025da       0x16 /usr/lib/gcc/avr/5.4.0/../../../avr/lib/avr6/libc.a(strnlen.o)
                0x00000000000025da                strnlen
 .text.avr-libc
                0x00000000000025f0       0x78 /usr/lib/gcc/avr/5.4.0/../../../avr/lib/avr6/libc.a(fputc.o)
                0x00000000000025f0                fputc
 .text.avr-libc
                0x0000000000002668       0xbc /usr/lib/gcc/avr/5.4.0/../../../avr/lib/avr6/libc.a(ultoa_invert.o)
                0x0000000000002668                __ultoa_invert
                0x0000000000002724                . = ALIGN (0x2)
 *(.fini9)
 .fini9         0x0000000000002724        0x0 /usr/lib/gcc/avr/5.4.0/avr6/libgcc.a(_exit.o)
                0x0000000000002724                exit
                0x0000000000002724                _exit
 *(.fini9)
 *(.fini8)
 *(.fini8)
 *(.fini7)
 *(.fini7)
 *(.fini6)
 *(.fini6)
 *(.fini5)
 *(.fini5)
 *(.fini4)
 *(.fini4)
 *(.fini3)
 *(.fini3)
 *(.fini2)
 *(.fini2)
 *(.fini1)
 *(.fini1)
 *(.fini0)
 .fini0         0x0000000000002724        0x4 /usr/lib/gcc/avr/5.4.0/avr6/libgcc.a(_exit.o)
 *(.fini0)
                0x0000000000002728                _etext = .

.data           0x0000000000800200      0x142 load address 0x0000000000002728
                0x0000000000800200                PROVIDE (__data_start, .)
 *(.data)
 .data          0x0000000000800200        0x6 /usr/lib/gcc/avr/5.4.0/../../../avr/lib/avr6/libc.a(malloc.o)
                0x0000000000800200                __malloc_heap_end
                0x0000000000800202                __malloc_heap_start
                0x0000000000800204                __malloc_margin
 *(.data*)
 .data.ledPin   0x0000000000800206        0x2 /data/riotbuild/examples/arduino_hello-world/bin/arduino-mega2560/application_arduino_hello-world.a(_sketches.o)
                0x0000000000800206                ledPin
 .data.ctx      0x0000000000800208       0x18 /data/riotbuild/examples/arduino_hello-world/bin/arduino-mega2560/atmega_common_periph.a(timer.o)
 .data.idle_name
                0x0000000000800220        0x2 /data/riotbuild/examples/arduino_hello-world/bin/arduino-mega2560/core.a(kernel_init.o)
                0x0000000000800220                idle_name
 .data.main_name
                0x0000000000800222        0x2 /data/riotbuild/examples/arduino_hello-world/bin/arduino-mega2560/core.a(kernel_init.o)
                0x0000000000800222                main_name
 .data._uart_stdin
                0x0000000000800224        0xe /data/riotbuild/examples/arduino_hello-world/bin/arduino-mega2560/avr_libc_extra.a(atmega_stdio.o)
 .data._uart_stdout
                0x0000000000800232        0xe /data/riotbuild/examples/arduino_hello-world/bin/arduino-mega2560/avr_libc_extra.a(atmega_stdio.o)
 *(.rodata)
 *(.rodata*)
 .rodata.str1.1
                0x0000000000800240       0x16 /data/riotbuild/examples/arduino_hello-world/bin/arduino-mega2560/application_arduino_hello-world.a(_sketches.o)
 .rodata._ZL14arduino_pinmap
                0x0000000000800256       0x46 /data/riotbuild/examples/arduino_hello-world/bin/arduino-mega2560/arduino.a(base.o)
 .rodata.str1.1
                0x000000000080029c       0x11 /data/riotbuild/examples/arduino_hello-world/bin/arduino-mega2560/arduino.a(serialport.o)
 .rodata.dev    0x00000000008002ad        0x4 /data/riotbuild/examples/arduino_hello-world/bin/arduino-mega2560/atmega_common_periph.a(uart.o)
 .rodata.prescalers
                0x00000000008002b1        0x5 /data/riotbuild/examples/arduino_hello-world/bin/arduino-mega2560/atmega_common_periph.a(timer.o)
 .rodata.str1.1
                0x00000000008002b6       0x41 /data/riotbuild/examples/arduino_hello-world/bin/arduino-mega2560/core.a(panic.o)
 .rodata.assert_crash_message
                0x00000000008002f7       0x12 /data/riotbuild/examples/arduino_hello-world/bin/arduino-mega2560/core.a(panic.o)
                0x00000000008002f7                assert_crash_message
 .rodata.str1.1
                0x0000000000800309       0x36 /data/riotbuild/examples/arduino_hello-world/bin/arduino-mega2560/core.a(kernel_init.o)
 .rodata.str1.1
                0x000000000080033f        0x2 /data/riotbuild/examples/arduino_hello-world/bin/arduino-mega2560/avr_libc_extra.a(atmega_stdio.o)
 *(.gnu.linkonce.d*)
                0x0000000000800342                . = ALIGN (0x2)
 *fill*         0x0000000000800341        0x1 
                0x0000000000800342                _edata = .
                0x0000000000800342                PROVIDE (__data_end, .)

.bss            0x0000000000800342      0x4a9
                0x0000000000800342                PROVIDE (__bss_start, .)
 *(.bss)
 *(.bss*)
 .bss.count     0x0000000000800342        0x2 /data/riotbuild/examples/arduino_hello-world/bin/arduino-mega2560/application_arduino_hello-world.a(_sketches.o)
                0x0000000000800342                count
 .bss.buf       0x0000000000800344       0x80 /data/riotbuild/examples/arduino_hello-world/bin/arduino-mega2560/application_arduino_hello-world.a(_sketches.o)
                0x0000000000800344                buf
 .bss._ZL6Serial
                0x00000000008003c4       0x4a /data/riotbuild/examples/arduino_hello-world/bin/arduino-mega2560/application_arduino_hello-world.a(_sketches.o)
 .bss._ZL6Serial
                0x000000000080040e       0x4a /data/riotbuild/examples/arduino_hello-world/bin/arduino-mega2560/arduino.a(base.o)
 .bss.__in_isr  0x0000000000800458        0x1 /data/riotbuild/examples/arduino_hello-world/bin/arduino-mega2560/atmega_common.a(irq_arch.o)
                0x0000000000800458                __in_isr
 .bss.isr_ctx   0x0000000000800459        0x8 /data/riotbuild/examples/arduino_hello-world/bin/arduino-mega2560/atmega_common_periph.a(uart.o)
 .bss.crashed   0x0000000000800461        0x2 /data/riotbuild/examples/arduino_hello-world/bin/arduino-mega2560/core.a(panic.o)
 .bss.runqueue_bitcache
                0x0000000000800463        0x4 /data/riotbuild/examples/arduino_hello-world/bin/arduino-mega2560/core.a(sched.o)
 .bss.sched_runqueues
                0x0000000000800467       0x20 /data/riotbuild/examples/arduino_hello-world/bin/arduino-mega2560/core.a(sched.o)
                0x0000000000800467                sched_runqueues
 .bss.sched_active_pid
                0x0000000000800487        0x2 /data/riotbuild/examples/arduino_hello-world/bin/arduino-mega2560/core.a(sched.o)
                0x0000000000800487                sched_active_pid
 .bss.sched_active_thread
                0x0000000000800489        0x2 /data/riotbuild/examples/arduino_hello-world/bin/arduino-mega2560/core.a(sched.o)
                0x0000000000800489                sched_active_thread
 .bss.sched_threads
                0x000000000080048b       0x42 /data/riotbuild/examples/arduino_hello-world/bin/arduino-mega2560/core.a(sched.o)
                0x000000000080048b                sched_threads
 .bss.sched_context_switch_request
                0x00000000008004cd        0x2 /data/riotbuild/examples/arduino_hello-world/bin/arduino-mega2560/core.a(sched.o)
                0x00000000008004cd                sched_context_switch_request
 .bss.sched_num_threads
                0x00000000008004cf        0x2 /data/riotbuild/examples/arduino_hello-world/bin/arduino-mega2560/core.a(sched.o)
                0x00000000008004cf                sched_num_threads
 .bss.idle_stack
                0x00000000008004d1       0x80 /data/riotbuild/examples/arduino_hello-world/bin/arduino-mega2560/core.a(kernel_init.o)
 .bss.main_stack
                0x0000000000800551      0x280 /data/riotbuild/examples/arduino_hello-world/bin/arduino-mega2560/core.a(kernel_init.o)
 .bss.long_list_head
                0x00000000008007d1        0x2 /data/riotbuild/examples/arduino_hello-world/bin/arduino-mega2560/xtimer.a(xtimer_core.o)
 .bss.overflow_list_head
                0x00000000008007d3        0x2 /data/riotbuild/examples/arduino_hello-world/bin/arduino-mega2560/xtimer.a(xtimer_core.o)
 .bss.timer_list_head
                0x00000000008007d5        0x2 /data/riotbuild/examples/arduino_hello-world/bin/arduino-mega2560/xtimer.a(xtimer_core.o)
 .bss._xtimer_high_cnt
                0x00000000008007d7        0x4 /data/riotbuild/examples/arduino_hello-world/bin/arduino-mega2560/xtimer.a(xtimer_core.o)
                0x00000000008007d7                _xtimer_high_cnt
 .bss._long_cnt
                0x00000000008007db        0x4 /data/riotbuild/examples/arduino_hello-world/bin/arduino-mega2560/xtimer.a(xtimer_core.o)
 .bss._in_handler
                0x00000000008007df        0x2 /data/riotbuild/examples/arduino_hello-world/bin/arduino-mega2560/xtimer.a(xtimer_core.o)
 *(COMMON)
 COMMON         0x00000000008007e1        0x4 /usr/lib/gcc/avr/5.4.0/../../../avr/lib/avr6/libc.a(malloc.o)
                0x00000000008007e1                __brkval
                0x00000000008007e3                __flp
 COMMON         0x00000000008007e5        0x6 /usr/lib/gcc/avr/5.4.0/../../../avr/lib/avr6/libc.a(iob.o)
                0x00000000008007e5                __iob
                0x00000000008007eb                PROVIDE (__bss_end, .)
                0x0000000000002728                __data_load_start = LOADADDR (.data)
                0x000000000000286a                __data_load_end = (__data_load_start + SIZEOF (.data))

.noinit         0x00000000008007eb        0x2
                [!provide]                        PROVIDE (__noinit_start, .)
 *(.noinit*)
 .noinit        0x00000000008007eb        0x2 /data/riotbuild/examples/arduino_hello-world/bin/arduino-mega2560/atmega_common.a(cpu.o)
                0x00000000008007eb                soft_rst
                0x00000000008007ec                mcusr_mirror
                [!provide]                        PROVIDE (__noinit_end, .)
                0x00000000008007ed                _end = .
                0x00000000008007ed                PROVIDE (__heap_start, .)

.eeprom         0x0000000000810000        0x0
 *(.eeprom*)
                0x0000000000810000                __eeprom_end = .

.fuse
 *(.fuse)
 *(.lfuse)
 *(.hfuse)
 *(.efuse)

.lock
 *(.lock*)

.signature
 *(.signature*)

.user_signatures
 *(.user_signatures*)

.stab
 *(.stab)

.stabstr
 *(.stabstr)

.stab.excl
 *(.stab.excl)

.stab.exclstr
 *(.stab.exclstr)

.stab.index
 *(.stab.index)

.stab.indexstr
 *(.stab.indexstr)

.comment        0x0000000000000000       0x11
 *(.comment)
 .comment       0x0000000000000000       0x11 /data/riotbuild/examples/arduino_hello-world/bin/arduino-mega2560/atmega_common/startup.o
                                         0x12 (size before relaxing)
 .comment       0x0000000000000011       0x12 /data/riotbuild/examples/arduino_hello-world/bin/arduino-mega2560/application_arduino_hello-world.a(_sketches.o)
 .comment       0x0000000000000011       0x12 /data/riotbuild/examples/arduino_hello-world/bin/arduino-mega2560/arduino.a(base.o)
 .comment       0x0000000000000011       0x12 /data/riotbuild/examples/arduino_hello-world/bin/arduino-mega2560/arduino.a(serialport.o)
 .comment       0x0000000000000011       0x12 /data/riotbuild/examples/arduino_hello-world/bin/arduino-mega2560/atmega_common.a(irq_arch.o)
 .comment       0x0000000000000011       0x12 /data/riotbuild/examples/arduino_hello-world/bin/arduino-mega2560/atmega_common_periph.a(uart.o)
 .comment       0x0000000000000011       0x12 /data/riotbuild/examples/arduino_hello-world/bin/arduino-mega2560/atmega_common_periph.a(gpio.o)
 .comment       0x0000000000000011       0x12 /data/riotbuild/examples/arduino_hello-world/bin/arduino-mega2560/atmega_common_periph.a(timer.o)
 .comment       0x0000000000000011       0x12 /data/riotbuild/examples/arduino_hello-world/bin/arduino-mega2560/boards_common_atmega.a(board.o)
 .comment       0x0000000000000011       0x12 /data/riotbuild/examples/arduino_hello-world/bin/arduino-mega2560/core.a(panic.o)
 .comment       0x0000000000000011       0x12 /data/riotbuild/examples/arduino_hello-world/bin/arduino-mega2560/core.a(mutex.o)
 .comment       0x0000000000000011       0x12 /data/riotbuild/examples/arduino_hello-world/bin/arduino-mega2560/core.a(sched.o)
 .comment       0x0000000000000011       0x12 /data/riotbuild/examples/arduino_hello-world/bin/arduino-mega2560/core.a(ringbuffer.o)
 .comment       0x0000000000000011       0x12 /data/riotbuild/examples/arduino_hello-world/bin/arduino-mega2560/core.a(kernel_init.o)
 .comment       0x0000000000000011       0x12 /data/riotbuild/examples/arduino_hello-world/bin/arduino-mega2560/core.a(thread.o)
 .comment       0x0000000000000011       0x12 /data/riotbuild/examples/arduino_hello-world/bin/arduino-mega2560/xtimer.a(xtimer_core.o)
 .comment       0x0000000000000011       0x12 /data/riotbuild/examples/arduino_hello-world/bin/arduino-mega2560/xtimer.a(xtimer.o)
 .comment       0x0000000000000011       0x12 /data/riotbuild/examples/arduino_hello-world/bin/arduino-mega2560/periph_common.a(pm.o)
 .comment       0x0000000000000011       0x12 /data/riotbuild/examples/arduino_hello-world/bin/arduino-mega2560/atmega_common.a(cpu.o)
 .comment       0x0000000000000011       0x12 /data/riotbuild/examples/arduino_hello-world/bin/arduino-mega2560/atmega_common.a(thread_arch.o)
 .comment       0x0000000000000011       0x12 /data/riotbuild/examples/arduino_hello-world/bin/arduino-mega2560/auto_init.a(auto_init.o)
 .comment       0x0000000000000011       0x12 /data/riotbuild/examples/arduino_hello-world/bin/arduino-mega2560/avr_libc_extra.a(atmega_stdio.o)
 .comment       0x0000000000000011       0x12 /data/riotbuild/examples/arduino_hello-world/bin/arduino-mega2560/boards_common_arduino-atmega.a(led_init.o)
 .comment       0x0000000000000011       0x12 /data/riotbuild/examples/arduino_hello-world/bin/arduino-mega2560/stdio_uart.a(stdio_uart.o)
 .comment       0x0000000000000011       0x12 /data/riotbuild/examples/arduino_hello-world/bin/arduino-mega2560/periph_common.a(init.o)
 .comment       0x0000000000000011       0x12 /usr/lib/gcc/avr/5.4.0/../../../avr/lib/avr6/libc.a(malloc.o)
 .comment       0x0000000000000011       0x12 /usr/lib/gcc/avr/5.4.0/../../../avr/lib/avr6/libc.a(iob.o)
 .comment       0x0000000000000011       0x12 /usr/lib/gcc/avr/5.4.0/../../../avr/lib/avr6/libc.a(printf.o)
 .comment       0x0000000000000011       0x12 /usr/lib/gcc/avr/5.4.0/../../../avr/lib/avr6/libc.a(puts.o)
 .comment       0x0000000000000011       0x12 /usr/lib/gcc/avr/5.4.0/../../../avr/lib/avr6/libc.a(vfprintf_std.o)
 .comment       0x0000000000000011       0x12 /usr/lib/gcc/avr/5.4.0/../../../avr/lib/avr6/libc.a(fputc.o)

.note.gnu.avr.deviceinfo
                0x0000000000000000       0x40
 .note.gnu.avr.deviceinfo
                0x0000000000000000       0x40 /usr/lib/gcc/avr/5.4.0/../../../avr/lib/avr6/crtatmega2560.o

.note.gnu.build-id
 *(.note.gnu.build-id)

.debug
 *(.debug)

.line
 *(.line)

.debug_srcinfo
 *(.debug_srcinfo)

.debug_sfnames
 *(.debug_sfnames)

.debug_aranges  0x0000000000000000      0x6d8
 *(.debug_aranges)
 .debug_aranges
                0x0000000000000000       0x30 /data/riotbuild/examples/arduino_hello-world/bin/arduino-mega2560/atmega_common/startup.o
 .debug_aranges
                0x0000000000000030       0x38 /data/riotbuild/examples/arduino_hello-world/bin/arduino-mega2560/application_arduino_hello-world.a(_sketches.o)
 .debug_aranges
                0x0000000000000068       0x58 /data/riotbuild/examples/arduino_hello-world/bin/arduino-mega2560/arduino.a(base.o)
 .debug_aranges
                0x00000000000000c0       0xc0 /data/riotbuild/examples/arduino_hello-world/bin/arduino-mega2560/arduino.a(serialport.o)
 .debug_aranges
                0x0000000000000180       0x38 /data/riotbuild/examples/arduino_hello-world/bin/arduino-mega2560/atmega_common.a(irq_arch.o)
 .debug_aranges
                0x00000000000001b8       0x48 /data/riotbuild/examples/arduino_hello-world/bin/arduino-mega2560/atmega_common_periph.a(uart.o)
 .debug_aranges
                0x0000000000000200       0x50 /data/riotbuild/examples/arduino_hello-world/bin/arduino-mega2560/atmega_common_periph.a(gpio.o)
 .debug_aranges
                0x0000000000000250       0x80 /data/riotbuild/examples/arduino_hello-world/bin/arduino-mega2560/atmega_common_periph.a(timer.o)
 .debug_aranges
                0x00000000000002d0       0x20 /data/riotbuild/examples/arduino_hello-world/bin/arduino-mega2560/boards_common_atmega.a(board.o)
 .debug_aranges
                0x00000000000002f0       0x28 /data/riotbuild/examples/arduino_hello-world/bin/arduino-mega2560/core.a(panic.o)
 .debug_aranges
                0x0000000000000318       0x30 /data/riotbuild/examples/arduino_hello-world/bin/arduino-mega2560/core.a(mutex.o)
 .debug_aranges
                0x0000000000000348       0x38 /data/riotbuild/examples/arduino_hello-world/bin/arduino-mega2560/core.a(sched.o)
 .debug_aranges
                0x0000000000000380       0x50 /data/riotbuild/examples/arduino_hello-world/bin/arduino-mega2560/core.a(ringbuffer.o)
 .debug_aranges
                0x00000000000003d0       0x30 /data/riotbuild/examples/arduino_hello-world/bin/arduino-mega2560/core.a(kernel_init.o)
 .debug_aranges
                0x0000000000000400       0x60 /data/riotbuild/examples/arduino_hello-world/bin/arduino-mega2560/core.a(thread.o)
 .debug_aranges
                0x0000000000000460       0x80 /data/riotbuild/examples/arduino_hello-world/bin/arduino-mega2560/xtimer.a(xtimer_core.o)
 .debug_aranges
                0x00000000000004e0       0x98 /data/riotbuild/examples/arduino_hello-world/bin/arduino-mega2560/xtimer.a(xtimer.o)
 .debug_aranges
                0x0000000000000578       0x28 /data/riotbuild/examples/arduino_hello-world/bin/arduino-mega2560/periph_common.a(pm.o)
 .debug_aranges
                0x00000000000005a0       0x38 /data/riotbuild/examples/arduino_hello-world/bin/arduino-mega2560/atmega_common.a(cpu.o)
 .debug_aranges
                0x00000000000005d8       0x40 /data/riotbuild/examples/arduino_hello-world/bin/arduino-mega2560/atmega_common.a(thread_arch.o)
 .debug_aranges
                0x0000000000000618       0x20 /data/riotbuild/examples/arduino_hello-world/bin/arduino-mega2560/auto_init.a(auto_init.o)
 .debug_aranges
                0x0000000000000638       0x30 /data/riotbuild/examples/arduino_hello-world/bin/arduino-mega2560/avr_libc_extra.a(atmega_stdio.o)
 .debug_aranges
                0x0000000000000668       0x20 /data/riotbuild/examples/arduino_hello-world/bin/arduino-mega2560/boards_common_arduino-atmega.a(led_init.o)
 .debug_aranges
                0x0000000000000688       0x30 /data/riotbuild/examples/arduino_hello-world/bin/arduino-mega2560/stdio_uart.a(stdio_uart.o)
 .debug_aranges
                0x00000000000006b8       0x20 /data/riotbuild/examples/arduino_hello-world/bin/arduino-mega2560/periph_common.a(init.o)

.debug_pubnames
 *(.debug_pubnames)

.debug_info     0x0000000000000000     0xb560
 *(.debug_info .gnu.linkonce.wi.*)
 .debug_info    0x0000000000000000      0xbbc /usr/lib/gcc/avr/5.4.0/../../../avr/lib/avr6/crtatmega2560.o
 .debug_info    0x0000000000000bbc      0x277 /data/riotbuild/examples/arduino_hello-world/bin/arduino-mega2560/atmega_common/startup.o
 .debug_info    0x0000000000000e33      0x97f /data/riotbuild/examples/arduino_hello-world/bin/arduino-mega2560/application_arduino_hello-world.a(_sketches.o)
 .debug_info    0x00000000000017b2      0xcee /data/riotbuild/examples/arduino_hello-world/bin/arduino-mega2560/arduino.a(base.o)
 .debug_info    0x00000000000024a0     0x10c5 /data/riotbuild/examples/arduino_hello-world/bin/arduino-mega2560/arduino.a(serialport.o)
 .debug_info    0x0000000000003565      0x20c /data/riotbuild/examples/arduino_hello-world/bin/arduino-mega2560/atmega_common.a(irq_arch.o)
 .debug_info    0x0000000000003771      0x61f /data/riotbuild/examples/arduino_hello-world/bin/arduino-mega2560/atmega_common_periph.a(uart.o)
 .debug_info    0x0000000000003d90      0x5c9 /data/riotbuild/examples/arduino_hello-world/bin/arduino-mega2560/atmega_common_periph.a(gpio.o)
 .debug_info    0x0000000000004359      0x94b /data/riotbuild/examples/arduino_hello-world/bin/arduino-mega2560/atmega_common_periph.a(timer.o)
 .debug_info    0x0000000000004ca4      0x2f6 /data/riotbuild/examples/arduino_hello-world/bin/arduino-mega2560/boards_common_atmega.a(board.o)
 .debug_info    0x0000000000004f9a      0x28f /data/riotbuild/examples/arduino_hello-world/bin/arduino-mega2560/core.a(panic.o)
 .debug_info    0x0000000000005229      0x673 /data/riotbuild/examples/arduino_hello-world/bin/arduino-mega2560/core.a(mutex.o)
 .debug_info    0x000000000000589c      0x641 /data/riotbuild/examples/arduino_hello-world/bin/arduino-mega2560/core.a(sched.o)
 .debug_info    0x0000000000005edd      0x4f0 /data/riotbuild/examples/arduino_hello-world/bin/arduino-mega2560/core.a(ringbuffer.o)
 .debug_info    0x00000000000063cd      0x344 /data/riotbuild/examples/arduino_hello-world/bin/arduino-mega2560/core.a(kernel_init.o)
 .debug_info    0x0000000000006711      0xa16 /data/riotbuild/examples/arduino_hello-world/bin/arduino-mega2560/core.a(thread.o)
 .debug_info    0x0000000000007127     0x1380 /data/riotbuild/examples/arduino_hello-world/bin/arduino-mega2560/xtimer.a(xtimer_core.o)
 .debug_info    0x00000000000084a7     0x13f8 /data/riotbuild/examples/arduino_hello-world/bin/arduino-mega2560/xtimer.a(xtimer.o)
 .debug_info    0x000000000000989f      0x132 /data/riotbuild/examples/arduino_hello-world/bin/arduino-mega2560/periph_common.a(pm.o)
 .debug_info    0x00000000000099d1      0x59f /data/riotbuild/examples/arduino_hello-world/bin/arduino-mega2560/atmega_common.a(cpu.o)
 .debug_info    0x0000000000009f70      0x717 /data/riotbuild/examples/arduino_hello-world/bin/arduino-mega2560/atmega_common.a(thread_arch.o)
 .debug_info    0x000000000000a687      0x480 /data/riotbuild/examples/arduino_hello-world/bin/arduino-mega2560/auto_init.a(auto_init.o)
 .debug_info    0x000000000000ab07      0x434 /data/riotbuild/examples/arduino_hello-world/bin/arduino-mega2560/avr_libc_extra.a(atmega_stdio.o)
 .debug_info    0x000000000000af3b      0x270 /data/riotbuild/examples/arduino_hello-world/bin/arduino-mega2560/boards_common_arduino-atmega.a(led_init.o)
 .debug_info    0x000000000000b1ab      0x375 /data/riotbuild/examples/arduino_hello-world/bin/arduino-mega2560/stdio_uart.a(stdio_uart.o)
 .debug_info    0x000000000000b520       0x40 /data/riotbuild/examples/arduino_hello-world/bin/arduino-mega2560/periph_common.a(init.o)

.debug_abbrev   0x0000000000000000     0x4123
 *(.debug_abbrev)
 .debug_abbrev  0x0000000000000000      0xb1a /usr/lib/gcc/avr/5.4.0/../../../avr/lib/avr6/crtatmega2560.o
 .debug_abbrev  0x0000000000000b1a      0x139 /data/riotbuild/examples/arduino_hello-world/bin/arduino-mega2560/atmega_common/startup.o
 .debug_abbrev  0x0000000000000c53      0x328 /data/riotbuild/examples/arduino_hello-world/bin/arduino-mega2560/application_arduino_hello-world.a(_sketches.o)
 .debug_abbrev  0x0000000000000f7b      0x387 /data/riotbuild/examples/arduino_hello-world/bin/arduino-mega2560/arduino.a(base.o)
 .debug_abbrev  0x0000000000001302      0x35d /data/riotbuild/examples/arduino_hello-world/bin/arduino-mega2560/arduino.a(serialport.o)
 .debug_abbrev  0x000000000000165f      0x14e /data/riotbuild/examples/arduino_hello-world/bin/arduino-mega2560/atmega_common.a(irq_arch.o)
 .debug_abbrev  0x00000000000017ad      0x2a1 /data/riotbuild/examples/arduino_hello-world/bin/arduino-mega2560/atmega_common_periph.a(uart.o)
 .debug_abbrev  0x0000000000001a4e      0x222 /data/riotbuild/examples/arduino_hello-world/bin/arduino-mega2560/atmega_common_periph.a(gpio.o)
 .debug_abbrev  0x0000000000001c70      0x29d /data/riotbuild/examples/arduino_hello-world/bin/arduino-mega2560/atmega_common_periph.a(timer.o)
 .debug_abbrev  0x0000000000001f0d      0x162 /data/riotbuild/examples/arduino_hello-world/bin/arduino-mega2560/boards_common_atmega.a(board.o)
 .debug_abbrev  0x000000000000206f      0x178 /data/riotbuild/examples/arduino_hello-world/bin/arduino-mega2560/core.a(panic.o)
 .debug_abbrev  0x00000000000021e7      0x229 /data/riotbuild/examples/arduino_hello-world/bin/arduino-mega2560/core.a(mutex.o)
 .debug_abbrev  0x0000000000002410      0x2a1 /data/riotbuild/examples/arduino_hello-world/bin/arduino-mega2560/core.a(sched.o)
 .debug_abbrev  0x00000000000026b1      0x1b4 /data/riotbuild/examples/arduino_hello-world/bin/arduino-mega2560/core.a(ringbuffer.o)
 .debug_abbrev  0x0000000000002865      0x18c /data/riotbuild/examples/arduino_hello-world/bin/arduino-mega2560/core.a(kernel_init.o)
 .debug_abbrev  0x00000000000029f1      0x2c1 /data/riotbuild/examples/arduino_hello-world/bin/arduino-mega2560/core.a(thread.o)
 .debug_abbrev  0x0000000000002cb2      0x4f0 /data/riotbuild/examples/arduino_hello-world/bin/arduino-mega2560/xtimer.a(xtimer_core.o)
 .debug_abbrev  0x00000000000031a2      0x3db /data/riotbuild/examples/arduino_hello-world/bin/arduino-mega2560/xtimer.a(xtimer.o)
 .debug_abbrev  0x000000000000357d       0xca /data/riotbuild/examples/arduino_hello-world/bin/arduino-mega2560/periph_common.a(pm.o)
 .debug_abbrev  0x0000000000003647      0x215 /data/riotbuild/examples/arduino_hello-world/bin/arduino-mega2560/atmega_common.a(cpu.o)
 .debug_abbrev  0x000000000000385c      0x272 /data/riotbuild/examples/arduino_hello-world/bin/arduino-mega2560/atmega_common.a(thread_arch.o)
 .debug_abbrev  0x0000000000003ace      0x15c /data/riotbuild/examples/arduino_hello-world/bin/arduino-mega2560/auto_init.a(auto_init.o)
 .debug_abbrev  0x0000000000003c2a      0x1f3 /data/riotbuild/examples/arduino_hello-world/bin/arduino-mega2560/avr_libc_extra.a(atmega_stdio.o)
 .debug_abbrev  0x0000000000003e1d      0x128 /data/riotbuild/examples/arduino_hello-world/bin/arduino-mega2560/boards_common_arduino-atmega.a(led_init.o)
 .debug_abbrev  0x0000000000003f45      0x1af /data/riotbuild/examples/arduino_hello-world/bin/arduino-mega2560/stdio_uart.a(stdio_uart.o)
 .debug_abbrev  0x00000000000040f4       0x2f /data/riotbuild/examples/arduino_hello-world/bin/arduino-mega2560/periph_common.a(init.o)

.debug_line     0x0000000000000000     0x9428
 *(.debug_line .debug_line.* .debug_line_end)
 .debug_line    0x0000000000000000       0x1a /usr/lib/gcc/avr/5.4.0/../../../avr/lib/avr6/crtatmega2560.o
 .debug_line    0x000000000000001a      0x577 /data/riotbuild/examples/arduino_hello-world/bin/arduino-mega2560/atmega_common/startup.o
 .debug_line    0x0000000000000591      0x687 /data/riotbuild/examples/arduino_hello-world/bin/arduino-mega2560/application_arduino_hello-world.a(_sketches.o)
 .debug_line    0x0000000000000c18      0x775 /data/riotbuild/examples/arduino_hello-world/bin/arduino-mega2560/arduino.a(base.o)
 .debug_line    0x000000000000138d      0x7f3 /data/riotbuild/examples/arduino_hello-world/bin/arduino-mega2560/arduino.a(serialport.o)
 .debug_line    0x0000000000001b80      0x434 /data/riotbuild/examples/arduino_hello-world/bin/arduino-mega2560/atmega_common.a(irq_arch.o)
 .debug_line    0x0000000000001fb4      0x609 /data/riotbuild/examples/arduino_hello-world/bin/arduino-mega2560/atmega_common_periph.a(uart.o)
 .debug_line    0x00000000000025bd      0x618 /data/riotbuild/examples/arduino_hello-world/bin/arduino-mega2560/atmega_common_periph.a(gpio.o)
 .debug_line    0x0000000000002bd5      0x75f /data/riotbuild/examples/arduino_hello-world/bin/arduino-mega2560/atmega_common_periph.a(timer.o)
 .debug_line    0x0000000000003334      0x55e /data/riotbuild/examples/arduino_hello-world/bin/arduino-mega2560/boards_common_atmega.a(board.o)
 .debug_line    0x0000000000003892      0x49f /data/riotbuild/examples/arduino_hello-world/bin/arduino-mega2560/core.a(panic.o)
 .debug_line    0x0000000000003d31      0x4df /data/riotbuild/examples/arduino_hello-world/bin/arduino-mega2560/core.a(mutex.o)
 .debug_line    0x0000000000004210      0x519 /data/riotbuild/examples/arduino_hello-world/bin/arduino-mega2560/core.a(sched.o)
 .debug_line    0x0000000000004729      0x307 /data/riotbuild/examples/arduino_hello-world/bin/arduino-mega2560/core.a(ringbuffer.o)
 .debug_line    0x0000000000004a30      0x4e8 /data/riotbuild/examples/arduino_hello-world/bin/arduino-mega2560/core.a(kernel_init.o)
 .debug_line    0x0000000000004f18      0x671 /data/riotbuild/examples/arduino_hello-world/bin/arduino-mega2560/core.a(thread.o)
 .debug_line    0x0000000000005589      0xbb4 /data/riotbuild/examples/arduino_hello-world/bin/arduino-mega2560/xtimer.a(xtimer_core.o)
 .debug_line    0x000000000000613d      0xa05 /data/riotbuild/examples/arduino_hello-world/bin/arduino-mega2560/xtimer.a(xtimer.o)
 .debug_line    0x0000000000006b42      0x455 /data/riotbuild/examples/arduino_hello-world/bin/arduino-mega2560/periph_common.a(pm.o)
 .debug_line    0x0000000000006f97      0x5d3 /data/riotbuild/examples/arduino_hello-world/bin/arduino-mega2560/atmega_common.a(cpu.o)
 .debug_line    0x000000000000756a      0x6ce /data/riotbuild/examples/arduino_hello-world/bin/arduino-mega2560/atmega_common.a(thread_arch.o)
 .debug_line    0x0000000000007c38      0x5ff /data/riotbuild/examples/arduino_hello-world/bin/arduino-mega2560/auto_init.a(auto_init.o)
 .debug_line    0x0000000000008237      0x5e5 /data/riotbuild/examples/arduino_hello-world/bin/arduino-mega2560/avr_libc_extra.a(atmega_stdio.o)
 .debug_line    0x000000000000881c      0x54b /data/riotbuild/examples/arduino_hello-world/bin/arduino-mega2560/boards_common_arduino-atmega.a(led_init.o)
 .debug_line    0x0000000000008d67      0x60c /data/riotbuild/examples/arduino_hello-world/bin/arduino-mega2560/stdio_uart.a(stdio_uart.o)
 .debug_line    0x0000000000009373       0xb5 /data/riotbuild/examples/arduino_hello-world/bin/arduino-mega2560/periph_common.a(init.o)

.debug_frame    0x0000000000000000     0x156c
 *(.debug_frame)
 .debug_frame   0x0000000000000000       0x44 /data/riotbuild/examples/arduino_hello-world/bin/arduino-mega2560/atmega_common/startup.o
 .debug_frame   0x0000000000000044       0x68 /data/riotbuild/examples/arduino_hello-world/bin/arduino-mega2560/application_arduino_hello-world.a(_sketches.o)
 .debug_frame   0x00000000000000ac       0xbc /data/riotbuild/examples/arduino_hello-world/bin/arduino-mega2560/arduino.a(base.o)
 .debug_frame   0x0000000000000168      0x278 /data/riotbuild/examples/arduino_hello-world/bin/arduino-mega2560/arduino.a(serialport.o)
 .debug_frame   0x00000000000003e0       0x60 /data/riotbuild/examples/arduino_hello-world/bin/arduino-mega2560/atmega_common.a(irq_arch.o)
 .debug_frame   0x0000000000000440      0x140 /data/riotbuild/examples/arduino_hello-world/bin/arduino-mega2560/atmega_common_periph.a(uart.o)
 .debug_frame   0x0000000000000580       0xb0 /data/riotbuild/examples/arduino_hello-world/bin/arduino-mega2560/atmega_common_periph.a(gpio.o)
 .debug_frame   0x0000000000000630      0x2c8 /data/riotbuild/examples/arduino_hello-world/bin/arduino-mega2560/atmega_common_periph.a(timer.o)
 .debug_frame   0x00000000000008f8       0x24 /data/riotbuild/examples/arduino_hello-world/bin/arduino-mega2560/boards_common_atmega.a(board.o)
 .debug_frame   0x000000000000091c       0x58 /data/riotbuild/examples/arduino_hello-world/bin/arduino-mega2560/core.a(panic.o)
 .debug_frame   0x0000000000000974       0x98 /data/riotbuild/examples/arduino_hello-world/bin/arduino-mega2560/core.a(mutex.o)
 .debug_frame   0x0000000000000a0c       0x68 /data/riotbuild/examples/arduino_hello-world/bin/arduino-mega2560/core.a(sched.o)
 .debug_frame   0x0000000000000a74       0xec /data/riotbuild/examples/arduino_hello-world/bin/arduino-mega2560/core.a(ringbuffer.o)
 .debug_frame   0x0000000000000b60       0x50 /data/riotbuild/examples/arduino_hello-world/bin/arduino-mega2560/core.a(kernel_init.o)
 .debug_frame   0x0000000000000bb0      0x124 /data/riotbuild/examples/arduino_hello-world/bin/arduino-mega2560/core.a(thread.o)
 .debug_frame   0x0000000000000cd4      0x2d0 /data/riotbuild/examples/arduino_hello-world/bin/arduino-mega2560/xtimer.a(xtimer_core.o)
 .debug_frame   0x0000000000000fa4      0x34c /data/riotbuild/examples/arduino_hello-world/bin/arduino-mega2560/xtimer.a(xtimer.o)
 .debug_frame   0x00000000000012f0       0x34 /data/riotbuild/examples/arduino_hello-world/bin/arduino-mega2560/periph_common.a(pm.o)
 .debug_frame   0x0000000000001324       0x60 /data/riotbuild/examples/arduino_hello-world/bin/arduino-mega2560/atmega_common.a(cpu.o)
 .debug_frame   0x0000000000001384       0xbc /data/riotbuild/examples/arduino_hello-world/bin/arduino-mega2560/atmega_common.a(thread_arch.o)
 .debug_frame   0x0000000000001440       0x24 /data/riotbuild/examples/arduino_hello-world/bin/arduino-mega2560/auto_init.a(auto_init.o)
 .debug_frame   0x0000000000001464       0x64 /data/riotbuild/examples/arduino_hello-world/bin/arduino-mega2560/avr_libc_extra.a(atmega_stdio.o)
 .debug_frame   0x00000000000014c8       0x24 /data/riotbuild/examples/arduino_hello-world/bin/arduino-mega2560/boards_common_arduino-atmega.a(led_init.o)
 .debug_frame   0x00000000000014ec       0x5c /data/riotbuild/examples/arduino_hello-world/bin/arduino-mega2560/stdio_uart.a(stdio_uart.o)
 .debug_frame   0x0000000000001548       0x24 /data/riotbuild/examples/arduino_hello-world/bin/arduino-mega2560/periph_common.a(init.o)

.debug_str      0x0000000000000000    0x122d5
 *(.debug_str)
 .debug_str     0x0000000000000000      0x3e6 /usr/lib/gcc/avr/5.4.0/../../../avr/lib/avr6/crtatmega2560.o
 .debug_str     0x00000000000003e6     0xbfdb /data/riotbuild/examples/arduino_hello-world/bin/arduino-mega2560/atmega_common/startup.o
                                       0xc233 (size before relaxing)
 .debug_str     0x000000000000c3c1      0xa4b /data/riotbuild/examples/arduino_hello-world/bin/arduino-mega2560/application_arduino_hello-world.a(_sketches.o)
                                       0xbb14 (size before relaxing)
 .debug_str     0x000000000000ce0c      0x6fe /data/riotbuild/examples/arduino_hello-world/bin/arduino-mega2560/arduino.a(base.o)
                                       0xc181 (size before relaxing)
 .debug_str     0x000000000000d50a      0x316 /data/riotbuild/examples/arduino_hello-world/bin/arduino-mega2560/arduino.a(serialport.o)
                                       0xad35 (size before relaxing)
 .debug_str     0x000000000000d820       0xc4 /data/riotbuild/examples/arduino_hello-world/bin/arduino-mega2560/atmega_common.a(irq_arch.o)
                                       0xad99 (size before relaxing)
 .debug_str     0x000000000000d8e4      0x189 /data/riotbuild/examples/arduino_hello-world/bin/arduino-mega2560/atmega_common_periph.a(uart.o)
                                       0xb4f0 (size before relaxing)
 .debug_str     0x000000000000da6d      0x143 /data/riotbuild/examples/arduino_hello-world/bin/arduino-mega2560/atmega_common_periph.a(gpio.o)
                                       0xb4ec (size before relaxing)
 .debug_str     0x000000000000dbb0      0x440 /data/riotbuild/examples/arduino_hello-world/bin/arduino-mega2560/atmega_common_periph.a(timer.o)
                                       0xc6e6 (size before relaxing)
 .debug_str     0x000000000000dff0      0x1b0 /data/riotbuild/examples/arduino_hello-world/bin/arduino-mega2560/boards_common_atmega.a(board.o)
                                       0xc360 (size before relaxing)
 .debug_str     0x000000000000e1a0      0x225 /data/riotbuild/examples/arduino_hello-world/bin/arduino-mega2560/core.a(panic.o)
                                       0xb3f0 (size before relaxing)
 .debug_str     0x000000000000e3c5      0x113 /data/riotbuild/examples/arduino_hello-world/bin/arduino-mega2560/core.a(mutex.o)
                                       0xadb8 (size before relaxing)
 .debug_str     0x000000000000e4d8      0x1ad /data/riotbuild/examples/arduino_hello-world/bin/arduino-mega2560/core.a(sched.o)
                                       0xaf88 (size before relaxing)
 .debug_str     0x000000000000e685      0x10d /data/riotbuild/examples/arduino_hello-world/bin/arduino-mega2560/core.a(ringbuffer.o)
                                       0x3275 (size before relaxing)
 .debug_str     0x000000000000e792      0x537 /data/riotbuild/examples/arduino_hello-world/bin/arduino-mega2560/core.a(kernel_init.o)
                                       0xb7ab (size before relaxing)
 .debug_str     0x000000000000ecc9      0x176 /data/riotbuild/examples/arduino_hello-world/bin/arduino-mega2560/core.a(thread.o)
                                       0xb318 (size before relaxing)
 .debug_str     0x000000000000ee3f      0x305 /data/riotbuild/examples/arduino_hello-world/bin/arduino-mega2560/xtimer.a(xtimer_core.o)
                                       0xcd9d (size before relaxing)
 .debug_str     0x000000000000f144      0x281 /data/riotbuild/examples/arduino_hello-world/bin/arduino-mega2560/xtimer.a(xtimer.o)
                                       0xceec (size before relaxing)
 .debug_str     0x000000000000f3c5       0x73 /data/riotbuild/examples/arduino_hello-world/bin/arduino-mega2560/periph_common.a(pm.o)
                                       0xb145 (size before relaxing)
 .debug_str     0x000000000000f438     0x28d9 /data/riotbuild/examples/arduino_hello-world/bin/arduino-mega2560/atmega_common.a(cpu.o)
                                       0xee91 (size before relaxing)
 .debug_str     0x0000000000011d11      0x16b /data/riotbuild/examples/arduino_hello-world/bin/arduino-mega2560/atmega_common.a(thread_arch.o)
                                       0xc594 (size before relaxing)
 .debug_str     0x0000000000011e7c       0x78 /data/riotbuild/examples/arduino_hello-world/bin/arduino-mega2560/auto_init.a(auto_init.o)
                                       0xc8b2 (size before relaxing)
 .debug_str     0x0000000000011ef4      0x1c4 /data/riotbuild/examples/arduino_hello-world/bin/arduino-mega2560/avr_libc_extra.a(atmega_stdio.o)
                                       0xc36c (size before relaxing)
 .debug_str     0x00000000000120b8       0x93 /data/riotbuild/examples/arduino_hello-world/bin/arduino-mega2560/boards_common_arduino-atmega.a(led_init.o)
                                       0xc260 (size before relaxing)
 .debug_str     0x000000000001214b      0x111 /data/riotbuild/examples/arduino_hello-world/bin/arduino-mega2560/stdio_uart.a(stdio_uart.o)
                                       0xc9d5 (size before relaxing)
 .debug_str     0x000000000001225c       0x79 /data/riotbuild/examples/arduino_hello-world/bin/arduino-mega2560/periph_common.a(init.o)
                                       0x2e59 (size before relaxing)

.debug_loc      0x0000000000000000     0x6049
 *(.debug_loc)
 .debug_loc     0x0000000000000000       0x95 /data/riotbuild/examples/arduino_hello-world/bin/arduino-mega2560/application_arduino_hello-world.a(_sketches.o)
 .debug_loc     0x0000000000000095      0x3c1 /data/riotbuild/examples/arduino_hello-world/bin/arduino-mega2560/arduino.a(base.o)
 .debug_loc     0x0000000000000456      0xe0c /data/riotbuild/examples/arduino_hello-world/bin/arduino-mega2560/arduino.a(serialport.o)
 .debug_loc     0x0000000000001262       0x42 /data/riotbuild/examples/arduino_hello-world/bin/arduino-mega2560/atmega_common.a(irq_arch.o)
 .debug_loc     0x00000000000012a4      0x3f5 /data/riotbuild/examples/arduino_hello-world/bin/arduino-mega2560/atmega_common_periph.a(uart.o)
 .debug_loc     0x0000000000001699      0x417 /data/riotbuild/examples/arduino_hello-world/bin/arduino-mega2560/atmega_common_periph.a(gpio.o)
 .debug_loc     0x0000000000001ab0      0x7bf /data/riotbuild/examples/arduino_hello-world/bin/arduino-mega2560/atmega_common_periph.a(timer.o)
 .debug_loc     0x000000000000226f       0x14 /data/riotbuild/examples/arduino_hello-world/bin/arduino-mega2560/boards_common_atmega.a(board.o)
 .debug_loc     0x0000000000002283      0x126 /data/riotbuild/examples/arduino_hello-world/bin/arduino-mega2560/core.a(panic.o)
 .debug_loc     0x00000000000023a9      0x385 /data/riotbuild/examples/arduino_hello-world/bin/arduino-mega2560/core.a(mutex.o)
 .debug_loc     0x000000000000272e      0x27d /data/riotbuild/examples/arduino_hello-world/bin/arduino-mega2560/core.a(sched.o)
 .debug_loc     0x00000000000029ab      0x58e /data/riotbuild/examples/arduino_hello-world/bin/arduino-mega2560/core.a(ringbuffer.o)
 .debug_loc     0x0000000000002f39       0x62 /data/riotbuild/examples/arduino_hello-world/bin/arduino-mega2560/core.a(kernel_init.o)
 .debug_loc     0x0000000000002f9b      0x854 /data/riotbuild/examples/arduino_hello-world/bin/arduino-mega2560/core.a(thread.o)
 .debug_loc     0x00000000000037ef     0x11d9 /data/riotbuild/examples/arduino_hello-world/bin/arduino-mega2560/xtimer.a(xtimer_core.o)
 .debug_loc     0x00000000000049c8     0x107f /data/riotbuild/examples/arduino_hello-world/bin/arduino-mega2560/xtimer.a(xtimer.o)
 .debug_loc     0x0000000000005a47       0x2f /data/riotbuild/examples/arduino_hello-world/bin/arduino-mega2560/atmega_common.a(cpu.o)
 .debug_loc     0x0000000000005a76      0x3c9 /data/riotbuild/examples/arduino_hello-world/bin/arduino-mega2560/atmega_common.a(thread_arch.o)
 .debug_loc     0x0000000000005e3f      0x108 /data/riotbuild/examples/arduino_hello-world/bin/arduino-mega2560/avr_libc_extra.a(atmega_stdio.o)
 .debug_loc     0x0000000000005f47      0x102 /data/riotbuild/examples/arduino_hello-world/bin/arduino-mega2560/stdio_uart.a(stdio_uart.o)

.debug_macinfo
 *(.debug_macinfo)

.debug_weaknames
 *(.debug_weaknames)

.debug_funcnames
 *(.debug_funcnames)

.debug_typenames
 *(.debug_typenames)

.debug_varnames
 *(.debug_varnames)

.debug_pubtypes
 *(.debug_pubtypes)

.debug_ranges   0x0000000000000000      0x620
 *(.debug_ranges)
 .debug_ranges  0x0000000000000000       0x20 /data/riotbuild/examples/arduino_hello-world/bin/arduino-mega2560/atmega_common/startup.o
 .debug_ranges  0x0000000000000020       0x28 /data/riotbuild/examples/arduino_hello-world/bin/arduino-mega2560/application_arduino_hello-world.a(_sketches.o)
 .debug_ranges  0x0000000000000048       0x48 /data/riotbuild/examples/arduino_hello-world/bin/arduino-mega2560/arduino.a(base.o)
 .debug_ranges  0x0000000000000090       0xc8 /data/riotbuild/examples/arduino_hello-world/bin/arduino-mega2560/arduino.a(serialport.o)
 .debug_ranges  0x0000000000000158       0x28 /data/riotbuild/examples/arduino_hello-world/bin/arduino-mega2560/atmega_common.a(irq_arch.o)
 .debug_ranges  0x0000000000000180       0x38 /data/riotbuild/examples/arduino_hello-world/bin/arduino-mega2560/atmega_common_periph.a(uart.o)
 .debug_ranges  0x00000000000001b8       0x40 /data/riotbuild/examples/arduino_hello-world/bin/arduino-mega2560/atmega_common_periph.a(gpio.o)
 .debug_ranges  0x00000000000001f8       0x70 /data/riotbuild/examples/arduino_hello-world/bin/arduino-mega2560/atmega_common_periph.a(timer.o)
 .debug_ranges  0x0000000000000268       0x10 /data/riotbuild/examples/arduino_hello-world/bin/arduino-mega2560/boards_common_atmega.a(board.o)
 .debug_ranges  0x0000000000000278       0x18 /data/riotbuild/examples/arduino_hello-world/bin/arduino-mega2560/core.a(panic.o)
 .debug_ranges  0x0000000000000290       0x20 /data/riotbuild/examples/arduino_hello-world/bin/arduino-mega2560/core.a(mutex.o)
 .debug_ranges  0x00000000000002b0       0x28 /data/riotbuild/examples/arduino_hello-world/bin/arduino-mega2560/core.a(sched.o)
 .debug_ranges  0x00000000000002d8       0x40 /data/riotbuild/examples/arduino_hello-world/bin/arduino-mega2560/core.a(ringbuffer.o)
 .debug_ranges  0x0000000000000318       0x20 /data/riotbuild/examples/arduino_hello-world/bin/arduino-mega2560/core.a(kernel_init.o)
 .debug_ranges  0x0000000000000338       0x50 /data/riotbuild/examples/arduino_hello-world/bin/arduino-mega2560/core.a(thread.o)
 .debug_ranges  0x0000000000000388      0x118 /data/riotbuild/examples/arduino_hello-world/bin/arduino-mega2560/xtimer.a(xtimer_core.o)
 .debug_ranges  0x00000000000004a0       0xa0 /data/riotbuild/examples/arduino_hello-world/bin/arduino-mega2560/xtimer.a(xtimer.o)
 .debug_ranges  0x0000000000000540       0x18 /data/riotbuild/examples/arduino_hello-world/bin/arduino-mega2560/periph_common.a(pm.o)
 .debug_ranges  0x0000000000000558       0x28 /data/riotbuild/examples/arduino_hello-world/bin/arduino-mega2560/atmega_common.a(cpu.o)
 .debug_ranges  0x0000000000000580       0x30 /data/riotbuild/examples/arduino_hello-world/bin/arduino-mega2560/atmega_common.a(thread_arch.o)
 .debug_ranges  0x00000000000005b0       0x10 /data/riotbuild/examples/arduino_hello-world/bin/arduino-mega2560/auto_init.a(auto_init.o)
 .debug_ranges  0x00000000000005c0       0x20 /data/riotbuild/examples/arduino_hello-world/bin/arduino-mega2560/avr_libc_extra.a(atmega_stdio.o)
 .debug_ranges  0x00000000000005e0       0x10 /data/riotbuild/examples/arduino_hello-world/bin/arduino-mega2560/boards_common_arduino-atmega.a(led_init.o)
 .debug_ranges  0x00000000000005f0       0x20 /data/riotbuild/examples/arduino_hello-world/bin/arduino-mega2560/stdio_uart.a(stdio_uart.o)
 .debug_ranges  0x0000000000000610       0x10 /data/riotbuild/examples/arduino_hello-world/bin/arduino-mega2560/periph_common.a(init.o)

.debug_macro    0x0000000000000000    0x187f1
 *(.debug_macro)
 .debug_macro   0x0000000000000000      0x26f /data/riotbuild/examples/arduino_hello-world/bin/arduino-mega2560/atmega_common/startup.o
 .debug_macro   0x000000000000026f      0xa6c /data/riotbuild/examples/arduino_hello-world/bin/arduino-mega2560/atmega_common/startup.o
 .debug_macro   0x0000000000000cdb       0xb8 /data/riotbuild/examples/arduino_hello-world/bin/arduino-mega2560/atmega_common/startup.o
 .debug_macro   0x0000000000000d93      0x1c9 /data/riotbuild/examples/arduino_hello-world/bin/arduino-mega2560/atmega_common/startup.o
 .debug_macro   0x0000000000000f5c       0x10 /data/riotbuild/examples/arduino_hello-world/bin/arduino-mega2560/atmega_common/startup.o
 .debug_macro   0x0000000000000f6c      0x302 /data/riotbuild/examples/arduino_hello-world/bin/arduino-mega2560/atmega_common/startup.o
 .debug_macro   0x000000000000126e       0x1c /data/riotbuild/examples/arduino_hello-world/bin/arduino-mega2560/atmega_common/startup.o
 .debug_macro   0x000000000000128a       0x9e /data/riotbuild/examples/arduino_hello-world/bin/arduino-mega2560/atmega_common/startup.o
 .debug_macro   0x0000000000001328     0x1ecb /data/riotbuild/examples/arduino_hello-world/bin/arduino-mega2560/atmega_common/startup.o
 .debug_macro   0x00000000000031f3      0x100 /data/riotbuild/examples/arduino_hello-world/bin/arduino-mega2560/atmega_common/startup.o
 .debug_macro   0x00000000000032f3      0x2ea /data/riotbuild/examples/arduino_hello-world/bin/arduino-mega2560/atmega_common/startup.o
 .debug_macro   0x00000000000035dd       0xd9 /data/riotbuild/examples/arduino_hello-world/bin/arduino-mega2560/atmega_common/startup.o
 .debug_macro   0x00000000000036b6       0x34 /data/riotbuild/examples/arduino_hello-world/bin/arduino-mega2560/atmega_common/startup.o
 .debug_macro   0x00000000000036ea       0x18 /data/riotbuild/examples/arduino_hello-world/bin/arduino-mega2560/atmega_common/startup.o
 .debug_macro   0x0000000000003702       0x6c /data/riotbuild/examples/arduino_hello-world/bin/arduino-mega2560/atmega_common/startup.o
 .debug_macro   0x000000000000376e       0x63 /data/riotbuild/examples/arduino_hello-world/bin/arduino-mega2560/atmega_common/startup.o
 .debug_macro   0x00000000000037d1       0x58 /data/riotbuild/examples/arduino_hello-world/bin/arduino-mega2560/atmega_common/startup.o
 .debug_macro   0x0000000000003829       0x10 /data/riotbuild/examples/arduino_hello-world/bin/arduino-mega2560/atmega_common/startup.o
 .debug_macro   0x0000000000003839       0x97 /data/riotbuild/examples/arduino_hello-world/bin/arduino-mega2560/atmega_common/startup.o
 .debug_macro   0x00000000000038d0       0xf2 /data/riotbuild/examples/arduino_hello-world/bin/arduino-mega2560/atmega_common/startup.o
 .debug_macro   0x00000000000039c2       0xd5 /data/riotbuild/examples/arduino_hello-world/bin/arduino-mega2560/atmega_common/startup.o
 .debug_macro   0x0000000000003a97       0x8d /data/riotbuild/examples/arduino_hello-world/bin/arduino-mega2560/atmega_common/startup.o
 .debug_macro   0x0000000000003b24       0x1c /data/riotbuild/examples/arduino_hello-world/bin/arduino-mega2560/atmega_common/startup.o
 .debug_macro   0x0000000000003b40       0xf6 /data/riotbuild/examples/arduino_hello-world/bin/arduino-mega2560/atmega_common/startup.o
 .debug_macro   0x0000000000003c36       0x2f /data/riotbuild/examples/arduino_hello-world/bin/arduino-mega2560/atmega_common/startup.o
 .debug_macro   0x0000000000003c65       0xd6 /data/riotbuild/examples/arduino_hello-world/bin/arduino-mega2560/atmega_common/startup.o
 .debug_macro   0x0000000000003d3b       0xe8 /data/riotbuild/examples/arduino_hello-world/bin/arduino-mega2560/atmega_common/startup.o
 .debug_macro   0x0000000000003e23       0x28 /data/riotbuild/examples/arduino_hello-world/bin/arduino-mega2560/atmega_common/startup.o
 .debug_macro   0x0000000000003e4b       0x17 /data/riotbuild/examples/arduino_hello-world/bin/arduino-mega2560/atmega_common/startup.o
 .debug_macro   0x0000000000003e62       0x10 /data/riotbuild/examples/arduino_hello-world/bin/arduino-mega2560/atmega_common/startup.o
 .debug_macro   0x0000000000003e72       0x22 /data/riotbuild/examples/arduino_hello-world/bin/arduino-mega2560/atmega_common/startup.o
 .debug_macro   0x0000000000003e94       0x5f /data/riotbuild/examples/arduino_hello-world/bin/arduino-mega2560/atmega_common/startup.o
 .debug_macro   0x0000000000003ef3       0x1c /data/riotbuild/examples/arduino_hello-world/bin/arduino-mega2560/atmega_common/startup.o
 .debug_macro   0x0000000000003f0f       0x53 /data/riotbuild/examples/arduino_hello-world/bin/arduino-mega2560/atmega_common/startup.o
 .debug_macro   0x0000000000003f62       0x1c /data/riotbuild/examples/arduino_hello-world/bin/arduino-mega2560/atmega_common/startup.o
 .debug_macro   0x0000000000003f7e       0xc6 /data/riotbuild/examples/arduino_hello-world/bin/arduino-mega2560/atmega_common/startup.o
 .debug_macro   0x0000000000004044       0x16 /data/riotbuild/examples/arduino_hello-world/bin/arduino-mega2560/atmega_common/startup.o
 .debug_macro   0x000000000000405a      0x2c8 /data/riotbuild/examples/arduino_hello-world/bin/arduino-mega2560/atmega_common/startup.o
 .debug_macro   0x0000000000004322       0x52 /data/riotbuild/examples/arduino_hello-world/bin/arduino-mega2560/atmega_common/startup.o
 .debug_macro   0x0000000000004374      0x2c8 /data/riotbuild/examples/arduino_hello-world/bin/arduino-mega2560/application_arduino_hello-world.a(_sketches.o)
 .debug_macro   0x000000000000463c      0xa6c /data/riotbuild/examples/arduino_hello-world/bin/arduino-mega2560/application_arduino_hello-world.a(_sketches.o)
 .debug_macro   0x00000000000050a8       0xe8 /data/riotbuild/examples/arduino_hello-world/bin/arduino-mega2560/application_arduino_hello-world.a(_sketches.o)
 .debug_macro   0x0000000000005190       0x1e /data/riotbuild/examples/arduino_hello-world/bin/arduino-mega2560/application_arduino_hello-world.a(_sketches.o)
 .debug_macro   0x00000000000051ae       0x97 /data/riotbuild/examples/arduino_hello-world/bin/arduino-mega2560/application_arduino_hello-world.a(_sketches.o)
 .debug_macro   0x0000000000005245       0xaa /data/riotbuild/examples/arduino_hello-world/bin/arduino-mega2560/application_arduino_hello-world.a(_sketches.o)
 .debug_macro   0x00000000000052ef       0x63 /data/riotbuild/examples/arduino_hello-world/bin/arduino-mega2560/application_arduino_hello-world.a(_sketches.o)
 .debug_macro   0x0000000000005352       0xf6 /data/riotbuild/examples/arduino_hello-world/bin/arduino-mega2560/application_arduino_hello-world.a(_sketches.o)
 .debug_macro   0x0000000000005448       0x28 /data/riotbuild/examples/arduino_hello-world/bin/arduino-mega2560/application_arduino_hello-world.a(_sketches.o)
 .debug_macro   0x0000000000005470       0x10 /data/riotbuild/examples/arduino_hello-world/bin/arduino-mega2560/application_arduino_hello-world.a(_sketches.o)
 .debug_macro   0x0000000000005480       0x10 /data/riotbuild/examples/arduino_hello-world/bin/arduino-mega2560/application_arduino_hello-world.a(_sketches.o)
 .debug_macro   0x0000000000005490      0x334 /data/riotbuild/examples/arduino_hello-world/bin/arduino-mega2560/arduino.a(base.o)
 .debug_macro   0x00000000000057c4      0xa6c /data/riotbuild/examples/arduino_hello-world/bin/arduino-mega2560/arduino.a(base.o)
 .debug_macro   0x0000000000006230       0x2e /data/riotbuild/examples/arduino_hello-world/bin/arduino-mega2560/arduino.a(base.o)
 .debug_macro   0x000000000000625e      0x16d /data/riotbuild/examples/arduino_hello-world/bin/arduino-mega2560/arduino.a(base.o)
 .debug_macro   0x00000000000063cb       0x16 /data/riotbuild/examples/arduino_hello-world/bin/arduino-mega2560/arduino.a(base.o)
 .debug_macro   0x00000000000063e1       0x35 /data/riotbuild/examples/arduino_hello-world/bin/arduino-mega2560/arduino.a(base.o)
 .debug_macro   0x0000000000006416       0x43 /data/riotbuild/examples/arduino_hello-world/bin/arduino-mega2560/arduino.a(base.o)
 .debug_macro   0x0000000000006459       0x16 /data/riotbuild/examples/arduino_hello-world/bin/arduino-mega2560/arduino.a(base.o)
 .debug_macro   0x000000000000646f       0x10 /data/riotbuild/examples/arduino_hello-world/bin/arduino-mega2560/arduino.a(base.o)
 .debug_macro   0x000000000000647f       0x10 /data/riotbuild/examples/arduino_hello-world/bin/arduino-mega2560/arduino.a(base.o)
 .debug_macro   0x000000000000648f       0x10 /data/riotbuild/examples/arduino_hello-world/bin/arduino-mega2560/arduino.a(base.o)
 .debug_macro   0x000000000000649f      0x270 /data/riotbuild/examples/arduino_hello-world/bin/arduino-mega2560/arduino.a(serialport.o)
 .debug_macro   0x000000000000670f      0xa6c /data/riotbuild/examples/arduino_hello-world/bin/arduino-mega2560/arduino.a(serialport.o)
 .debug_macro   0x000000000000717b       0x16 /data/riotbuild/examples/arduino_hello-world/bin/arduino-mega2560/arduino.a(serialport.o)
 .debug_macro   0x0000000000007191       0x16 /data/riotbuild/examples/arduino_hello-world/bin/arduino-mega2560/arduino.a(serialport.o)
 .debug_macro   0x00000000000071a7       0x20 /data/riotbuild/examples/arduino_hello-world/bin/arduino-mega2560/arduino.a(serialport.o)
 .debug_macro   0x00000000000071c7       0x12 /data/riotbuild/examples/arduino_hello-world/bin/arduino-mega2560/arduino.a(serialport.o)
 .debug_macro   0x00000000000071d9      0x1f0 /data/riotbuild/examples/arduino_hello-world/bin/arduino-mega2560/atmega_common.a(irq_arch.o)
 .debug_macro   0x00000000000073c9      0xa6c /data/riotbuild/examples/arduino_hello-world/bin/arduino-mega2560/atmega_common.a(irq_arch.o)
 .debug_macro   0x0000000000007e35      0x258 /data/riotbuild/examples/arduino_hello-world/bin/arduino-mega2560/atmega_common_periph.a(uart.o)
 .debug_macro   0x000000000000808d      0xa6c /data/riotbuild/examples/arduino_hello-world/bin/arduino-mega2560/atmega_common_periph.a(uart.o)
 .debug_macro   0x0000000000008af9      0x2fc /data/riotbuild/examples/arduino_hello-world/bin/arduino-mega2560/atmega_common_periph.a(uart.o)
 .debug_macro   0x0000000000008df5      0x257 /data/riotbuild/examples/arduino_hello-world/bin/arduino-mega2560/atmega_common_periph.a(gpio.o)
 .debug_macro   0x000000000000904c      0xa6c /data/riotbuild/examples/arduino_hello-world/bin/arduino-mega2560/atmega_common_periph.a(gpio.o)
 .debug_macro   0x0000000000009ab8      0x2ad /data/riotbuild/examples/arduino_hello-world/bin/arduino-mega2560/atmega_common_periph.a(timer.o)
 .debug_macro   0x0000000000009d65      0xa6c /data/riotbuild/examples/arduino_hello-world/bin/arduino-mega2560/atmega_common_periph.a(timer.o)
 .debug_macro   0x000000000000a7d1       0x1c /data/riotbuild/examples/arduino_hello-world/bin/arduino-mega2560/atmega_common_periph.a(timer.o)
 .debug_macro   0x000000000000a7ed      0x270 /data/riotbuild/examples/arduino_hello-world/bin/arduino-mega2560/boards_common_atmega.a(board.o)
 .debug_macro   0x000000000000aa5d      0xa6c /data/riotbuild/examples/arduino_hello-world/bin/arduino-mega2560/boards_common_atmega.a(board.o)
 .debug_macro   0x000000000000b4c9      0x258 /data/riotbuild/examples/arduino_hello-world/bin/arduino-mega2560/core.a(panic.o)
 .debug_macro   0x000000000000b721      0xa6c /data/riotbuild/examples/arduino_hello-world/bin/arduino-mega2560/core.a(panic.o)
 .debug_macro   0x000000000000c18d       0x20 /data/riotbuild/examples/arduino_hello-world/bin/arduino-mega2560/core.a(panic.o)
 .debug_macro   0x000000000000c1ad       0x34 /data/riotbuild/examples/arduino_hello-world/bin/arduino-mega2560/core.a(panic.o)
 .debug_macro   0x000000000000c1e1      0x209 /data/riotbuild/examples/arduino_hello-world/bin/arduino-mega2560/core.a(mutex.o)
 .debug_macro   0x000000000000c3ea      0xa6c /data/riotbuild/examples/arduino_hello-world/bin/arduino-mega2560/core.a(mutex.o)
 .debug_macro   0x000000000000ce56       0xdc /data/riotbuild/examples/arduino_hello-world/bin/arduino-mega2560/core.a(mutex.o)
 .debug_macro   0x000000000000cf32      0x209 /data/riotbuild/examples/arduino_hello-world/bin/arduino-mega2560/core.a(sched.o)
 .debug_macro   0x000000000000d13b      0xa6c /data/riotbuild/examples/arduino_hello-world/bin/arduino-mega2560/core.a(sched.o)
 .debug_macro   0x000000000000dba7      0x16d /data/riotbuild/examples/arduino_hello-world/bin/arduino-mega2560/core.a(sched.o)
 .debug_macro   0x000000000000dd14       0x2e /data/riotbuild/examples/arduino_hello-world/bin/arduino-mega2560/core.a(sched.o)
 .debug_macro   0x000000000000dd42       0x35 /data/riotbuild/examples/arduino_hello-world/bin/arduino-mega2560/core.a(sched.o)
 .debug_macro   0x000000000000dd77       0x3a /data/riotbuild/examples/arduino_hello-world/bin/arduino-mega2560/core.a(ringbuffer.o)
 .debug_macro   0x000000000000ddb1      0xa6c /data/riotbuild/examples/arduino_hello-world/bin/arduino-mega2560/core.a(ringbuffer.o)
 .debug_macro   0x000000000000e81d      0x25f /data/riotbuild/examples/arduino_hello-world/bin/arduino-mega2560/core.a(kernel_init.o)
 .debug_macro   0x000000000000ea7c      0xa6c /data/riotbuild/examples/arduino_hello-world/bin/arduino-mega2560/core.a(kernel_init.o)
 .debug_macro   0x000000000000f4e8      0x207 /data/riotbuild/examples/arduino_hello-world/bin/arduino-mega2560/core.a(kernel_init.o)
 .debug_macro   0x000000000000f6ef       0x69 /data/riotbuild/examples/arduino_hello-world/bin/arduino-mega2560/core.a(kernel_init.o)
 .debug_macro   0x000000000000f758      0x203 /data/riotbuild/examples/arduino_hello-world/bin/arduino-mega2560/core.a(thread.o)
 .debug_macro   0x000000000000f95b      0xa6c /data/riotbuild/examples/arduino_hello-world/bin/arduino-mega2560/core.a(thread.o)
 .debug_macro   0x00000000000103c7      0x30a /data/riotbuild/examples/arduino_hello-world/bin/arduino-mega2560/xtimer.a(xtimer_core.o)
 .debug_macro   0x00000000000106d1      0xa6c /data/riotbuild/examples/arduino_hello-world/bin/arduino-mega2560/xtimer.a(xtimer_core.o)
 .debug_macro   0x000000000001113d       0x34 /data/riotbuild/examples/arduino_hello-world/bin/arduino-mega2560/xtimer.a(xtimer_core.o)
 .debug_macro   0x0000000000011171       0x16 /data/riotbuild/examples/arduino_hello-world/bin/arduino-mega2560/xtimer.a(xtimer_core.o)
 .debug_macro   0x0000000000011187      0x319 /data/riotbuild/examples/arduino_hello-world/bin/arduino-mega2560/xtimer.a(xtimer.o)
 .debug_macro   0x00000000000114a0      0xa6c /data/riotbuild/examples/arduino_hello-world/bin/arduino-mega2560/xtimer.a(xtimer.o)
 .debug_macro   0x0000000000011f0c       0x1c /data/riotbuild/examples/arduino_hello-world/bin/arduino-mega2560/xtimer.a(xtimer.o)
 .debug_macro   0x0000000000011f28      0x23b /data/riotbuild/examples/arduino_hello-world/bin/arduino-mega2560/periph_common.a(pm.o)
 .debug_macro   0x0000000000012163      0xa6c /data/riotbuild/examples/arduino_hello-world/bin/arduino-mega2560/periph_common.a(pm.o)
 .debug_macro   0x0000000000012bcf      0x2b6 /data/riotbuild/examples/arduino_hello-world/bin/arduino-mega2560/atmega_common.a(cpu.o)
 .debug_macro   0x0000000000012e85      0xa6c /data/riotbuild/examples/arduino_hello-world/bin/arduino-mega2560/atmega_common.a(cpu.o)
 .debug_macro   0x00000000000138f1       0x68 /data/riotbuild/examples/arduino_hello-world/bin/arduino-mega2560/atmega_common.a(cpu.o)
 .debug_macro   0x0000000000013959       0x10 /data/riotbuild/examples/arduino_hello-world/bin/arduino-mega2560/atmega_common.a(cpu.o)
 .debug_macro   0x0000000000013969       0x89 /data/riotbuild/examples/arduino_hello-world/bin/arduino-mega2560/atmega_common.a(cpu.o)
 .debug_macro   0x00000000000139f2      0x181 /data/riotbuild/examples/arduino_hello-world/bin/arduino-mega2560/atmega_common.a(cpu.o)
 .debug_macro   0x0000000000013b73      0x26c /data/riotbuild/examples/arduino_hello-world/bin/arduino-mega2560/atmega_common.a(thread_arch.o)
 .debug_macro   0x0000000000013ddf      0xa6c /data/riotbuild/examples/arduino_hello-world/bin/arduino-mega2560/atmega_common.a(thread_arch.o)
 .debug_macro   0x000000000001484b      0x304 /data/riotbuild/examples/arduino_hello-world/bin/arduino-mega2560/auto_init.a(auto_init.o)
 .debug_macro   0x0000000000014b4f      0xa6c /data/riotbuild/examples/arduino_hello-world/bin/arduino-mega2560/auto_init.a(auto_init.o)
 .debug_macro   0x00000000000155bb      0x296 /data/riotbuild/examples/arduino_hello-world/bin/arduino-mega2560/avr_libc_extra.a(atmega_stdio.o)
 .debug_macro   0x0000000000015851      0xa6c /data/riotbuild/examples/arduino_hello-world/bin/arduino-mega2560/avr_libc_extra.a(atmega_stdio.o)
 .debug_macro   0x00000000000162bd       0x40 /data/riotbuild/examples/arduino_hello-world/bin/arduino-mega2560/avr_libc_extra.a(atmega_stdio.o)
 .debug_macro   0x00000000000162fd       0x10 /data/riotbuild/examples/arduino_hello-world/bin/arduino-mega2560/avr_libc_extra.a(atmega_stdio.o)
 .debug_macro   0x000000000001630d      0x270 /data/riotbuild/examples/arduino_hello-world/bin/arduino-mega2560/boards_common_arduino-atmega.a(led_init.o)
 .debug_macro   0x000000000001657d      0xa6c /data/riotbuild/examples/arduino_hello-world/bin/arduino-mega2560/boards_common_arduino-atmega.a(led_init.o)
 .debug_macro   0x0000000000016fe9      0x316 /data/riotbuild/examples/arduino_hello-world/bin/arduino-mega2560/stdio_uart.a(stdio_uart.o)
 .debug_macro   0x00000000000172ff      0xa6c /data/riotbuild/examples/arduino_hello-world/bin/arduino-mega2560/stdio_uart.a(stdio_uart.o)