Archive member included to satisfy reference by file (symbol)

/data/riotbuild/riotbase/ProyectoIARS/BotonesPrueba/bin/cc2538dk/core.a(sched.o)
                              /data/riotbuild/riotbase/ProyectoIARS/BotonesPrueba/bin/cc2538dk/newlib_syscalls_default/syscalls.o (sched_active_pid)
/data/riotbuild/riotbase/ProyectoIARS/BotonesPrueba/bin/cc2538dk/cortexm_common.a(thread_arch.o)
                              /data/riotbuild/riotbase/ProyectoIARS/BotonesPrueba/bin/cc2538dk/core.a(sched.o) (cpu_switch_context_exit)
/data/riotbuild/riotbase/ProyectoIARS/BotonesPrueba/bin/cc2538dk/cortexm_common.a(vectors_cortexm.o)
                              /data/riotbuild/riotbase/ProyectoIARS/BotonesPrueba/bin/cc2538dk/cpu/vectors.o (dummy_handler_default)
/data/riotbuild/riotbase/ProyectoIARS/BotonesPrueba/bin/cc2538dk/cortexm_common.a(irq_arch.o)
                              /data/riotbuild/riotbase/ProyectoIARS/BotonesPrueba/bin/cc2538dk/newlib_syscalls_default/syscalls.o (irq_disable)
/data/riotbuild/riotbase/ProyectoIARS/BotonesPrueba/bin/cc2538dk/stdio_uart.a(stdio_uart.o)
                              /data/riotbuild/riotbase/ProyectoIARS/BotonesPrueba/bin/cc2538dk/newlib_syscalls_default/syscalls.o (stdio_init)
/data/riotbuild/riotbase/ProyectoIARS/BotonesPrueba/bin/cc2538dk/periph_common.a(pm.o)
                              /data/riotbuild/riotbase/ProyectoIARS/BotonesPrueba/bin/cc2538dk/newlib_syscalls_default/syscalls.o (pm_off)
/data/riotbuild/riotbase/ProyectoIARS/BotonesPrueba/bin/cc2538dk/board.a(board.o)
                              /data/riotbuild/riotbase/ProyectoIARS/BotonesPrueba/bin/cc2538dk/cortexm_common.a(vectors_cortexm.o) (board_init)
/data/riotbuild/riotbase/ProyectoIARS/BotonesPrueba/bin/cc2538dk/core.a(panic.o)
                              /data/riotbuild/riotbase/ProyectoIARS/BotonesPrueba/bin/cc2538dk/cortexm_common.a(vectors_cortexm.o) (core_panic)
/data/riotbuild/riotbase/ProyectoIARS/BotonesPrueba/bin/cc2538dk/core.a(kernel_init.o)
                              /data/riotbuild/riotbase/ProyectoIARS/BotonesPrueba/bin/cc2538dk/cortexm_common.a(vectors_cortexm.o) (kernel_init)
/data/riotbuild/riotbase/ProyectoIARS/BotonesPrueba/bin/cc2538dk/core.a(thread.o)
                              /data/riotbuild/riotbase/ProyectoIARS/BotonesPrueba/bin/cc2538dk/core.a(kernel_init.o) (thread_create)
/data/riotbuild/riotbase/ProyectoIARS/BotonesPrueba/bin/cc2538dk/cpu.a(cpu.o)
                              /data/riotbuild/riotbase/ProyectoIARS/BotonesPrueba/bin/cc2538dk/board.a(board.o) (cpu_init)
/data/riotbuild/riotbase/ProyectoIARS/BotonesPrueba/bin/cc2538dk/periph.a(uart.o)
                              /data/riotbuild/riotbase/ProyectoIARS/BotonesPrueba/bin/cc2538dk/stdio_uart.a(stdio_uart.o) (uart_init)
/data/riotbuild/riotbase/ProyectoIARS/BotonesPrueba/bin/cc2538dk/periph.a(pm.o)
                              /data/riotbuild/riotbase/ProyectoIARS/BotonesPrueba/bin/cc2538dk/core.a(kernel_init.o) (pm_set_lowest)
/data/riotbuild/riotbase/ProyectoIARS/BotonesPrueba/bin/cc2538dk/periph.a(gpio.o)
                              /data/riotbuild/riotbase/ProyectoIARS/BotonesPrueba/bin/cc2538dk/board.a(board.o) (gpio_init)
/data/riotbuild/riotbase/ProyectoIARS/BotonesPrueba/bin/cc2538dk/periph_common.a(init.o)
                              /data/riotbuild/riotbase/ProyectoIARS/BotonesPrueba/bin/cc2538dk/cpu.a(cpu.o) (periph_init)
/data/riotbuild/riotbase/ProyectoIARS/BotonesPrueba/bin/cc2538dk/application_BotonesPrueba.a(main.o)
                              /data/riotbuild/riotbase/ProyectoIARS/BotonesPrueba/bin/cc2538dk/core.a(kernel_init.o) (main)
/data/riotbuild/riotbase/ProyectoIARS/BotonesPrueba/bin/cc2538dk/auto_init.a(auto_init.o)
                              /data/riotbuild/riotbase/ProyectoIARS/BotonesPrueba/bin/cc2538dk/core.a(kernel_init.o) (auto_init)
/data/riotbuild/riotbase/ProyectoIARS/BotonesPrueba/bin/cc2538dk/cortexm_common.a(cortexm_init.o)
                              /data/riotbuild/riotbase/ProyectoIARS/BotonesPrueba/bin/cc2538dk/cpu.a(cpu.o) (cortexm_init)
/opt/gcc-arm-none-eabi-7-2018-q2-update/bin/../lib/gcc/arm-none-eabi/7.3.1/../../../../arm-none-eabi/lib/thumb/v7-m/libc_nano.a(lib_a-errno.o)
                              /data/riotbuild/riotbase/ProyectoIARS/BotonesPrueba/bin/cc2538dk/newlib_syscalls_default/syscalls.o (__errno)
/opt/gcc-arm-none-eabi-7-2018-q2-update/bin/../lib/gcc/arm-none-eabi/7.3.1/../../../../arm-none-eabi/lib/thumb/v7-m/libc_nano.a(lib_a-impure.o)
                              /opt/gcc-arm-none-eabi-7-2018-q2-update/bin/../lib/gcc/arm-none-eabi/7.3.1/../../../../arm-none-eabi/lib/thumb/v7-m/libc_nano.a(lib_a-errno.o) (_impure_ptr)
/opt/gcc-arm-none-eabi-7-2018-q2-update/bin/../lib/gcc/arm-none-eabi/7.3.1/../../../../arm-none-eabi/lib/thumb/v7-m/libc_nano.a(lib_a-init.o)
                              /data/riotbuild/riotbase/ProyectoIARS/BotonesPrueba/bin/cc2538dk/cortexm_common.a(vectors_cortexm.o) (__libc_init_array)
[...]
Memory Configuration

Name             Origin             Length             Attributes
rom              0x0000000000200000 0x000000000007ffd4 xr
cca              0x000000000027ffd4 0x000000000000002c
sram0            0x0000000020000000 0x0000000000004000
sram1            0x0000000020004000 0x0000000000004000
ram              0x0000000020000000 0x0000000000008000 w !xr
*default*        0x0000000000000000 0xffffffffffffffff

Linker script and memory map

LOAD /data/riotbuild/riotbase/ProyectoIARS/BotonesPrueba/bin/cc2538dk/cpu/vectors.o
LOAD /data/riotbuild/riotbase/ProyectoIARS/BotonesPrueba/bin/cc2538dk/newlib_syscalls_default/syscalls.o
START GROUP
LOAD /data/riotbuild/riotbase/ProyectoIARS/BotonesPrueba/bin/cc2538dk/application_BotonesPrueba.a
LOAD /data/riotbuild/riotbase/ProyectoIARS/BotonesPrueba/bin/cc2538dk/auto_init.a
LOAD /data/riotbuild/riotbase/ProyectoIARS/BotonesPrueba/bin/cc2538dk/board.a
LOAD /data/riotbuild/riotbase/ProyectoIARS/BotonesPrueba/bin/cc2538dk/core.a
LOAD /data/riotbuild/riotbase/ProyectoIARS/BotonesPrueba/bin/cc2538dk/cortexm_common.a
LOAD /data/riotbuild/riotbase/ProyectoIARS/BotonesPrueba/bin/cc2538dk/cortexm_common_periph.a
LOAD /data/riotbuild/riotbase/ProyectoIARS/BotonesPrueba/bin/cc2538dk/cpu.a
LOAD /data/riotbuild/riotbase/ProyectoIARS/BotonesPrueba/bin/cc2538dk/newlib_syscalls_default.a
LOAD /data/riotbuild/riotbase/ProyectoIARS/BotonesPrueba/bin/cc2538dk/periph.a
LOAD /data/riotbuild/riotbase/ProyectoIARS/BotonesPrueba/bin/cc2538dk/stdio_uart.a
LOAD /data/riotbuild/riotbase/ProyectoIARS/BotonesPrueba/bin/cc2538dk/sys.a
LOAD /data/riotbuild/riotbase/ProyectoIARS/BotonesPrueba/bin/cc2538dk/periph_common.a
LOAD /opt/gcc-arm-none-eabi-7-2018-q2-update/bin/../lib/gcc/arm-none-eabi/7.3.1/../../../../arm-none-eabi/lib/thumb/v7-m/libm.a
END GROUP
LOAD /opt/gcc-arm-none-eabi-7-2018-q2-update/bin/../lib/gcc/arm-none-eabi/7.3.1/thumb/v7-m/libgcc.a
LOAD /opt/gcc-arm-none-eabi-7-2018-q2-update/bin/../lib/gcc/arm-none-eabi/7.3.1/../../../../arm-none-eabi/lib/thumb/v7-m/libc_nano.a
START GROUP
LOAD /opt/gcc-arm-none-eabi-7-2018-q2-update/bin/../lib/gcc/arm-none-eabi/7.3.1/thumb/v7-m/libgcc.a
LOAD /opt/gcc-arm-none-eabi-7-2018-q2-update/bin/../lib/gcc/arm-none-eabi/7.3.1/../../../../arm-none-eabi/lib/thumb/v7-m/libg_nano.a
LOAD /opt/gcc-arm-none-eabi-7-2018-q2-update/bin/../lib/gcc/arm-none-eabi/7.3.1/../../../../arm-none-eabi/lib/thumb/v7-m/libc_nano.a
END GROUP
START GROUP
LOAD /opt/gcc-arm-none-eabi-7-2018-q2-update/bin/../lib/gcc/arm-none-eabi/7.3.1/thumb/v7-m/libgcc.a
LOAD /opt/gcc-arm-none-eabi-7-2018-q2-update/bin/../lib/gcc/arm-none-eabi/7.3.1/../../../../arm-none-eabi/lib/thumb/v7-m/libc_nano.a
END GROUP

.flashcca       0x000000000027ffd4       0x2c
 *(.flashcca)
 .flashcca      0x000000000027ffd4       0x2c /data/riotbuild/riotbase/ProyectoIARS/BotonesPrueba/bin/cc2538dk/cpu/vectors.o
                0x000000000027ffd4                cca

.text           0x0000000000200000     0x20e4
                0x0000000000200000                . = ALIGN (0x4)
                0x0000000000200000                _sfixed = .
                0x0000000000200000                _isr_vectors = DEFINED (_isr_vectors)?_isr_vectors:.
 *(SORT_BY_NAME(.vectors*))
 .vectors.0     0x0000000000200000       0x40 /data/riotbuild/riotbase/ProyectoIARS/BotonesPrueba/bin/cc2538dk/cortexm_common.a(vectors_cortexm.o)
                0x0000000000200000                cortex_vector_base
 .vectors.1     0x0000000000200040      0x24c /data/riotbuild/riotbase/ProyectoIARS/BotonesPrueba/bin/cc2538dk/cpu/vectors.o
                0x0000000000200040                vector_cpu
 *(.text .text.* .gnu.linkonce.t.*)
 .text.dummy_handler
                0x000000000020028c        0x4 /data/riotbuild/riotbase/ProyectoIARS/BotonesPrueba/bin/cc2538dk/cpu/vectors.o
                0x000000000020028c                isr_ssi1
                0x000000000020028c                isr_icepick
                0x000000000020028c                isr_timer0_chan1
                0x000000000020028c                isr_timer2_chan0
                0x000000000020028c                isr_watchdog
                0x000000000020028c                isr_timer1_chan0
                0x000000000020028c                isr_pka
                0x000000000020028c                isr_rfcoreerr
                0x000000000020028c                isr_timer0_chan0
                0x000000000020028c                dummy_handler
                0x000000000020028c                isr_timer3_chan0
                0x000000000020028c                isr_mactimer
                0x000000000020028c                isr_uart1
                0x000000000020028c                isr_adc
                0x000000000020028c                isr_aes
                0x000000000020028c                isr_timer2_chan1
                0x000000000020028c                isr_rfcorerxtx
                0x000000000020028c                isr_comp
                0x000000000020028c                isr_flash
                0x000000000020028c                isr_i2c
                0x000000000020028c                isr_usb
                0x000000000020028c                isr_dma
                0x000000000020028c                isr_ssi0
                0x000000000020028c                isr_timer3_chan1
                0x000000000020028c                isr_timer1_chan1
                0x000000000020028c                isr_sleepmode
                0x000000000020028c                isr_dmaerr
 .text._init    0x0000000000200290        0x4 /data/riotbuild/riotbase/ProyectoIARS/BotonesPrueba/bin/cc2538dk/newlib_syscalls_default/syscalls.o
                0x0000000000200290                _init
 .text._fini    0x0000000000200294        0x2 /data/riotbuild/riotbase/ProyectoIARS/BotonesPrueba/bin/cc2538dk/newlib_syscalls_default/syscalls.o
                0x0000000000200294                _fini
 *fill*         0x0000000000200296        0x2 
 .text._sbrk_r  0x0000000000200298       0x3c /data/riotbuild/riotbase/ProyectoIARS/BotonesPrueba/bin/cc2538dk/newlib_syscalls_default/syscalls.o
                0x0000000000200298                _sbrk_r
 .text._read_r  0x00000000002002d4        0x8 /data/riotbuild/riotbase/ProyectoIARS/BotonesPrueba/bin/cc2538dk/newlib_syscalls_default/syscalls.o
                0x00000000002002d4                _read_r
 .text._write_r
                0x00000000002002dc        0x8 /data/riotbuild/riotbase/ProyectoIARS/BotonesPrueba/bin/cc2538dk/newlib_syscalls_default/syscalls.o
                0x00000000002002dc                _write_r
 .text._close_r
                0x00000000002002e4        0xa /data/riotbuild/riotbase/ProyectoIARS/BotonesPrueba/bin/cc2538dk/newlib_syscalls_default/syscalls.o
                0x00000000002002e4                _close_r
 .text._lseek_r
                0x00000000002002ee        0xa /data/riotbuild/riotbase/ProyectoIARS/BotonesPrueba/bin/cc2538dk/newlib_syscalls_default/syscalls.o
                0x00000000002002ee                _lseek_r
 .text._fstat_r
                0x00000000002002f8        0xa /data/riotbuild/riotbase/ProyectoIARS/BotonesPrueba/bin/cc2538dk/newlib_syscalls_default/syscalls.o
                0x00000000002002f8                _fstat_r
 .text._isatty_r
                0x0000000000200302        0xe /data/riotbuild/riotbase/ProyectoIARS/BotonesPrueba/bin/cc2538dk/newlib_syscalls_default/syscalls.o
                0x0000000000200302                _isatty_r
 .text.sched_run
                0x0000000000200310       0x64 /data/riotbuild/riotbase/ProyectoIARS/BotonesPrueba/bin/cc2538dk/core.a(sched.o)
                0x0000000000200310                sched_run
 .text.sched_set_status
                0x0000000000200374       0x80 /data/riotbuild/riotbase/ProyectoIARS/BotonesPrueba/bin/cc2538dk/core.a(sched.o)
                0x0000000000200374                sched_set_status
 .text.sched_switch
                0x00000000002003f4       0x30 /data/riotbuild/riotbase/ProyectoIARS/BotonesPrueba/bin/cc2538dk/core.a(sched.o)
                0x00000000002003f4                sched_switch
 .text.sched_task_exit
                0x0000000000200424       0x3c /data/riotbuild/riotbase/ProyectoIARS/BotonesPrueba/bin/cc2538dk/core.a(sched.o)
                0x0000000000200424                sched_task_exit
 .text.thread_stack_init
                0x0000000000200460       0x64 /data/riotbuild/riotbase/ProyectoIARS/BotonesPrueba/bin/cc2538dk/cortexm_common.a(thread_arch.o)
                0x0000000000200460                thread_stack_init
 .text.cpu_switch_context_exit
                0x00000000002004c4        0x8 /data/riotbuild/riotbase/ProyectoIARS/BotonesPrueba/bin/cc2538dk/cortexm_common.a(thread_arch.o)
                0x00000000002004c4                cpu_switch_context_exit
 .text.thread_yield_higher
                0x00000000002004cc       0x10 /data/riotbuild/riotbase/ProyectoIARS/BotonesPrueba/bin/cc2538dk/cortexm_common.a(thread_arch.o)
                0x00000000002004cc                thread_yield_higher
 .text.isr_pendsv
                0x00000000002004dc       0x1c /data/riotbuild/riotbase/ProyectoIARS/BotonesPrueba/bin/cc2538dk/cortexm_common.a(thread_arch.o)
                0x00000000002004dc                isr_pendsv
 .text.isr_svc  0x00000000002004f8       0x1c /data/riotbuild/riotbase/ProyectoIARS/BotonesPrueba/bin/cc2538dk/cortexm_common.a(thread_arch.o)
                0x00000000002004f8                isr_svc
 .text.hard_fault_default
                0x0000000000200514       0x44 /data/riotbuild/riotbase/ProyectoIARS/BotonesPrueba/bin/cc2538dk/cortexm_common.a(vectors_cortexm.o)
                0x0000000000200514                hard_fault_default
 .text.nmi_default
                0x0000000000200558       0x10 /data/riotbuild/riotbase/ProyectoIARS/BotonesPrueba/bin/cc2538dk/cortexm_common.a(vectors_cortexm.o)
                0x0000000000200558                nmi_default
 .text.mem_manage_default
                0x0000000000200568       0x10 /data/riotbuild/riotbase/ProyectoIARS/BotonesPrueba/bin/cc2538dk/cortexm_common.a(vectors_cortexm.o)
                0x0000000000200568                mem_manage_default
 .text.bus_fault_default
                0x0000000000200578       0x10 /data/riotbuild/riotbase/ProyectoIARS/BotonesPrueba/bin/cc2538dk/cortexm_common.a(vectors_cortexm.o)
                0x0000000000200578                bus_fault_default
 .text.usage_fault_default
                0x0000000000200588       0x10 /data/riotbuild/riotbase/ProyectoIARS/BotonesPrueba/bin/cc2538dk/cortexm_common.a(vectors_cortexm.o)
                0x0000000000200588                usage_fault_default
 .text.debug_mon_default
                0x0000000000200598       0x10 /data/riotbuild/riotbase/ProyectoIARS/BotonesPrueba/bin/cc2538dk/cortexm_common.a(vectors_cortexm.o)
                0x0000000000200598                debug_mon_default
 .text.dummy_handler_default
                0x00000000002005a8       0x10 /data/riotbuild/riotbase/ProyectoIARS/BotonesPrueba/bin/cc2538dk/cortexm_common.a(vectors_cortexm.o)
                0x00000000002005a8                dummy_handler_default
                0x00000000002005a8                isr_systick
 .text.pre_startup
                0x00000000002005b8        0x2 /data/riotbuild/riotbase/ProyectoIARS/BotonesPrueba/bin/cc2538dk/cortexm_common.a(vectors_cortexm.o)
                0x00000000002005b8                pre_startup
 .text.post_startup
                0x00000000002005ba        0x2 /data/riotbuild/riotbase/ProyectoIARS/BotonesPrueba/bin/cc2538dk/cortexm_common.a(vectors_cortexm.o)
                0x00000000002005ba                post_startup
 .text.reset_handler_default
                0x00000000002005bc       0x6c /data/riotbuild/riotbase/ProyectoIARS/BotonesPrueba/bin/cc2538dk/cortexm_common.a(vectors_cortexm.o)
                0x00000000002005bc                reset_handler_default
 .text.hard_fault_handler
                0x0000000000200628      0x188 /data/riotbuild/riotbase/ProyectoIARS/BotonesPrueba/bin/cc2538dk/cortexm_common.a(vectors_cortexm.o)
                0x0000000000200628                hard_fault_handler
 .text.irq_disable
                0x00000000002007b0        0x8 /data/riotbuild/riotbase/ProyectoIARS/BotonesPrueba/bin/cc2538dk/cortexm_common.a(irq_arch.o)
                0x00000000002007b0                irq_disable
 .text.irq_enable
                0x00000000002007b8        0x8 /data/riotbuild/riotbase/ProyectoIARS/BotonesPrueba/bin/cc2538dk/cortexm_common.a(irq_arch.o)
                0x00000000002007b8                irq_enable
 .text.irq_restore
                0x00000000002007c0        0x6 /data/riotbuild/riotbase/ProyectoIARS/BotonesPrueba/bin/cc2538dk/cortexm_common.a(irq_arch.o)
                0x00000000002007c0                irq_restore
 .text.irq_is_in
                0x00000000002007c6        0x8 /data/riotbuild/riotbase/ProyectoIARS/BotonesPrueba/bin/cc2538dk/cortexm_common.a(irq_arch.o)
                0x00000000002007c6                irq_is_in
 .text.stdio_init
                0x00000000002007ce        0xe /data/riotbuild/riotbase/ProyectoIARS/BotonesPrueba/bin/cc2538dk/stdio_uart.a(stdio_uart.o)
                0x00000000002007ce                stdio_init
 .text.stdio_read
                0x00000000002007dc        0x6 /data/riotbuild/riotbase/ProyectoIARS/BotonesPrueba/bin/cc2538dk/stdio_uart.a(stdio_uart.o)
                0x00000000002007dc                stdio_read
 .text.stdio_write
                0x00000000002007e2       0x12 /data/riotbuild/riotbase/ProyectoIARS/BotonesPrueba/bin/cc2538dk/stdio_uart.a(stdio_uart.o)
                0x00000000002007e2                stdio_write
 .text.pm_off   0x00000000002007f4        0x8 /data/riotbuild/riotbase/ProyectoIARS/BotonesPrueba/bin/cc2538dk/periph_common.a(pm.o)
                0x00000000002007f4                pm_off
 .text.board_init
                0x00000000002007fc       0x78 /data/riotbuild/riotbase/ProyectoIARS/BotonesPrueba/bin/cc2538dk/board.a(board.o)
                0x00000000002007fc                board_init
 .text.panic_arch
                0x0000000000200874        0x2 /data/riotbuild/riotbase/ProyectoIARS/BotonesPrueba/bin/cc2538dk/core.a(panic.o)
                0x0000000000200874                panic_arch
 *fill*         0x0000000000200876        0x2 
 .text.core_panic
                0x0000000000200878       0x44 /data/riotbuild/riotbase/ProyectoIARS/BotonesPrueba/bin/cc2538dk/core.a(panic.o)
                0x0000000000200878                core_panic
 .text.main_trampoline
                0x00000000002008bc       0x18 /data/riotbuild/riotbase/ProyectoIARS/BotonesPrueba/bin/cc2538dk/core.a(kernel_init.o)
 .text.idle_thread
                0x00000000002008d4        0x8 /data/riotbuild/riotbase/ProyectoIARS/BotonesPrueba/bin/cc2538dk/core.a(kernel_init.o)
 .text.kernel_init
                0x00000000002008dc       0x58 /data/riotbuild/riotbase/ProyectoIARS/BotonesPrueba/bin/cc2538dk/core.a(kernel_init.o)
                0x00000000002008dc                kernel_init
 .text.thread_create
                0x0000000000200934       0xec /data/riotbuild/riotbase/ProyectoIARS/BotonesPrueba/bin/cc2538dk/core.a(thread.o)
                0x0000000000200934                thread_create
 .text.cpu_init
                0x0000000000200a20       0x30 /data/riotbuild/riotbase/ProyectoIARS/BotonesPrueba/bin/cc2538dk/cpu.a(cpu.o)
                0x0000000000200a20                cpu_init
 .text.uart_init
                0x0000000000200a50       0xf8 /data/riotbuild/riotbase/ProyectoIARS/BotonesPrueba/bin/cc2538dk/periph.a(uart.o)
                0x0000000000200a50                uart_init
 .text.uart_write
                0x0000000000200b48       0x2c /data/riotbuild/riotbase/ProyectoIARS/BotonesPrueba/bin/cc2538dk/periph.a(uart.o)
                0x0000000000200b48                uart_write
 .text.isr_uart0
                0x0000000000200b74       0x44 /data/riotbuild/riotbase/ProyectoIARS/BotonesPrueba/bin/cc2538dk/periph.a(uart.o)
                0x0000000000200b74                isr_uart0
 .text.pm_set_lowest
                0x0000000000200bb8        0x2 /data/riotbuild/riotbase/ProyectoIARS/BotonesPrueba/bin/cc2538dk/periph.a(pm.o)
                0x0000000000200bb8                pm_set_lowest
 .text._pp_num  0x0000000000200bba       0x12 /data/riotbuild/riotbase/ProyectoIARS/BotonesPrueba/bin/cc2538dk/periph.a(gpio.o)
 .text.handle_isr
                0x0000000000200bcc       0x5c /data/riotbuild/riotbase/ProyectoIARS/BotonesPrueba/bin/cc2538dk/periph.a(gpio.o)
 .text.gpio_init
                0x0000000000200c28       0x5c /data/riotbuild/riotbase/ProyectoIARS/BotonesPrueba/bin/cc2538dk/periph.a(gpio.o)
                0x0000000000200c28                gpio_init
 .text.gpio_init_int
                0x0000000000200c84      0x110 /data/riotbuild/riotbase/ProyectoIARS/BotonesPrueba/bin/cc2538dk/periph.a(gpio.o)
                0x0000000000200c84                gpio_init_int
 .text.isr_gpioa
                0x0000000000200d94        0x6 /data/riotbuild/riotbase/ProyectoIARS/BotonesPrueba/bin/cc2538dk/periph.a(gpio.o)
                0x0000000000200d94                isr_gpioa
 .text.isr_gpiob
                0x0000000000200d9a        0x6 /data/riotbuild/riotbase/ProyectoIARS/BotonesPrueba/bin/cc2538dk/periph.a(gpio.o)
                0x0000000000200d9a                isr_gpiob
 .text.isr_gpioc
                0x0000000000200da0        0x6 /data/riotbuild/riotbase/ProyectoIARS/BotonesPrueba/bin/cc2538dk/periph.a(gpio.o)
                0x0000000000200da0                isr_gpioc
 .text.isr_gpiod
                0x0000000000200da6        0x6 /data/riotbuild/riotbase/ProyectoIARS/BotonesPrueba/bin/cc2538dk/periph.a(gpio.o)
                0x0000000000200da6                isr_gpiod
 .text.gpio_init_af
                0x0000000000200dac       0x54 /data/riotbuild/riotbase/ProyectoIARS/BotonesPrueba/bin/cc2538dk/periph.a(gpio.o)
                0x0000000000200dac                gpio_init_af
 .text.periph_init
                0x0000000000200e00        0x2 /data/riotbuild/riotbase/ProyectoIARS/BotonesPrueba/bin/cc2538dk/periph_common.a(init.o)
                0x0000000000200e00                periph_init
 *fill*         0x0000000000200e02        0x2 
 .text.callbackUP
                0x0000000000200e04       0x18 /data/riotbuild/riotbase/ProyectoIARS/BotonesPrueba/bin/cc2538dk/application_BotonesPrueba.a(main.o)
 .text.callbackDOWN
                0x0000000000200e1c       0x18 /data/riotbuild/riotbase/ProyectoIARS/BotonesPrueba/bin/cc2538dk/application_BotonesPrueba.a(main.o)
 .text.callbackLEFT
                0x0000000000200e34       0x18 /data/riotbuild/riotbase/ProyectoIARS/BotonesPrueba/bin/cc2538dk/application_BotonesPrueba.a(main.o)
 .text.callbackRIGHT
                0x0000000000200e4c       0x18 /data/riotbuild/riotbase/ProyectoIARS/BotonesPrueba/bin/cc2538dk/application_BotonesPrueba.a(main.o)
 .text.callbackSEL
                0x0000000000200e64       0x3c /data/riotbuild/riotbase/ProyectoIARS/BotonesPrueba/bin/cc2538dk/application_BotonesPrueba.a(main.o)
 .text.int_init
                0x0000000000200ea0       0x78 /data/riotbuild/riotbase/ProyectoIARS/BotonesPrueba/bin/cc2538dk/application_BotonesPrueba.a(main.o)
                0x0000000000200ea0                int_init
 .text.startup.main
                0x0000000000200f18        0x8 /data/riotbuild/riotbase/ProyectoIARS/BotonesPrueba/bin/cc2538dk/application_BotonesPrueba.a(main.o)
                0x0000000000200f18                main
 .text.auto_init
                0x0000000000200f20        0x2 /data/riotbuild/riotbase/ProyectoIARS/BotonesPrueba/bin/cc2538dk/auto_init.a(auto_init.o)
                0x0000000000200f20                auto_init
 *fill*         0x0000000000200f22        0x2 
 .text.cortexm_init
                0x0000000000200f24       0x40 /data/riotbuild/riotbase/ProyectoIARS/BotonesPrueba/bin/cc2538dk/cortexm_common.a(cortexm_init.o)
                0x0000000000200f24                cortexm_init
 .text.__libc_init_array
                0x0000000000200f64       0x48 /opt/gcc-arm-none-eabi-7-2018-q2-update/bin/../lib/gcc/arm-none-eabi/7.3.1/../../../../arm-none-eabi/lib/thumb/v7-m/libc_nano.a(lib_a-init.o)
                0x0000000000200f64                __libc_init_array
 .text.printf   0x0000000000200fac       0x30 /opt/gcc-arm-none-eabi-7-2018-q2-update/bin/../lib/gcc/arm-none-eabi/7.3.1/../../../../arm-none-eabi/lib/thumb/v7-m/libc_nano.a(lib_a-printf.o)
                0x0000000000200fac                printf
                0x0000000000200fac                iprintf
 .text._puts_r  0x0000000000200fdc       0xb8 /opt/gcc-arm-none-eabi-7-2018-q2-update/bin/../lib/gcc/arm-none-eabi/7.3.1/../../../../arm-none-eabi/lib/thumb/v7-m/libc_nano.a(lib_a-puts.o)
                0x0000000000200fdc                _puts_r
 .text.puts     0x0000000000201094       0x10 /opt/gcc-arm-none-eabi-7-2018-q2-update/bin/../lib/gcc/arm-none-eabi/7.3.1/../../../../arm-none-eabi/lib/thumb/v7-m/libc_nano.a(lib_a-puts.o)
                0x0000000000201094                puts
 .text.__swbuf_r
                0x00000000002010a4       0xa4 /opt/gcc-arm-none-eabi-7-2018-q2-update/bin/../lib/gcc/arm-none-eabi/7.3.1/../../../../arm-none-eabi/lib/thumb/v7-m/libc_nano.a(lib_a-wbuf.o)
                0x00000000002010a4                __swbuf_r
 .text.__swsetup_r
                0x0000000000201148       0xdc /opt/gcc-arm-none-eabi-7-2018-q2-update/bin/../lib/gcc/arm-none-eabi/7.3.1/../../../../arm-none-eabi/lib/thumb/v7-m/libc_nano.a(lib_a-wsetup.o)
                0x0000000000201148                __swsetup_r
 .text.__sflush_r
                0x0000000000201224      0x10c /opt/gcc-arm-none-eabi-7-2018-q2-update/bin/../lib/gcc/arm-none-eabi/7.3.1/../../../../arm-none-eabi/lib/thumb/v7-m/libc_nano.a(lib_a-fflush.o)
                0x0000000000201224                __sflush_r
 .text._fflush_r
                0x0000000000201330       0x54 /opt/gcc-arm-none-eabi-7-2018-q2-update/bin/../lib/gcc/arm-none-eabi/7.3.1/../../../../arm-none-eabi/lib/thumb/v7-m/libc_nano.a(lib_a-fflush.o)
                0x0000000000201330                _fflush_r
 .text.std      0x0000000000201384       0x48 /opt/gcc-arm-none-eabi-7-2018-q2-update/bin/../lib/gcc/arm-none-eabi/7.3.1/../../../../arm-none-eabi/lib/thumb/v7-m/libc_nano.a(lib_a-findfp.o)
 .text._cleanup_r
                0x00000000002013cc        0xc /opt/gcc-arm-none-eabi-7-2018-q2-update/bin/../lib/gcc/arm-none-eabi/7.3.1/../../../../arm-none-eabi/lib/thumb/v7-m/libc_nano.a(lib_a-findfp.o)
                0x00000000002013cc                _cleanup_r
 .text.__sfmoreglue
                0x00000000002013d8       0x2c /opt/gcc-arm-none-eabi-7-2018-q2-update/bin/../lib/gcc/arm-none-eabi/7.3.1/../../../../arm-none-eabi/lib/thumb/v7-m/libc_nano.a(lib_a-findfp.o)
                0x00000000002013d8                __sfmoreglue
 .text.__sinit  0x0000000000201404       0x60 /opt/gcc-arm-none-eabi-7-2018-q2-update/bin/../lib/gcc/arm-none-eabi/7.3.1/../../../../arm-none-eabi/lib/thumb/v7-m/libc_nano.a(lib_a-findfp.o)
                0x0000000000201404                __sinit
 .text.__sfp    0x0000000000201464       0x78 /opt/gcc-arm-none-eabi-7-2018-q2-update/bin/../lib/gcc/arm-none-eabi/7.3.1/../../../../arm-none-eabi/lib/thumb/v7-m/libc_nano.a(lib_a-findfp.o)
                0x0000000000201464                __sfp
 .text._fwalk_reent
                0x00000000002014dc       0x3c /opt/gcc-arm-none-eabi-7-2018-q2-update/bin/../lib/gcc/arm-none-eabi/7.3.1/../../../../arm-none-eabi/lib/thumb/v7-m/libc_nano.a(lib_a-fwalk.o)
                0x00000000002014dc                _fwalk_reent
 .text.__swhatbuf_r
                0x0000000000201518       0x48 /opt/gcc-arm-none-eabi-7-2018-q2-update/bin/../lib/gcc/arm-none-eabi/7.3.1/../../../../arm-none-eabi/lib/thumb/v7-m/libc_nano.a(lib_a-makebuf.o)
                0x0000000000201518                __swhatbuf_r
 .text.__smakebuf_r
                0x0000000000201560       0x80 /opt/gcc-arm-none-eabi-7-2018-q2-update/bin/../lib/gcc/arm-none-eabi/7.3.1/../../../../arm-none-eabi/lib/thumb/v7-m/libc_nano.a(lib_a-makebuf.o)
                0x0000000000201560                __smakebuf_r
 .text.memset   0x00000000002015e0       0x10 /opt/gcc-arm-none-eabi-7-2018-q2-update/bin/../lib/gcc/arm-none-eabi/7.3.1/../../../../arm-none-eabi/lib/thumb/v7-m/libc_nano.a(lib_a-memset.o)
                0x00000000002015e0                memset
 .text._free_r  0x00000000002015f0       0x98 /opt/gcc-arm-none-eabi-7-2018-q2-update/bin/../lib/gcc/arm-none-eabi/7.3.1/../../../../arm-none-eabi/lib/thumb/v7-m/libc_nano.a(lib_a-nano-freer.o)
                0x00000000002015f0                _free_r
 .text._malloc_r
                0x0000000000201688       0xb4 /opt/gcc-arm-none-eabi-7-2018-q2-update/bin/../lib/gcc/arm-none-eabi/7.3.1/../../../../arm-none-eabi/lib/thumb/v7-m/libc_nano.a(lib_a-nano-mallocr.o)
                0x0000000000201688                _malloc_r
 .text.__sfputc_r
                0x000000000020173c       0x2a /opt/gcc-arm-none-eabi-7-2018-q2-update/bin/../lib/gcc/arm-none-eabi/7.3.1/../../../../arm-none-eabi/lib/thumb/v7-m/libc_nano.a(lib_a-nano-vfprintf.o)
 .text.__sfputs_r
                0x0000000000201766       0x24 /opt/gcc-arm-none-eabi-7-2018-q2-update/bin/../lib/gcc/arm-none-eabi/7.3.1/../../../../arm-none-eabi/lib/thumb/v7-m/libc_nano.a(lib_a-nano-vfprintf.o)
                0x0000000000201766                __sfputs_r
 *fill*         0x000000000020178a        0x2 
 .text._vfprintf_r
                0x000000000020178c      0x22c /opt/gcc-arm-none-eabi-7-2018-q2-update/bin/../lib/gcc/arm-none-eabi/7.3.1/../../../../arm-none-eabi/lib/thumb/v7-m/libc_nano.a(lib_a-nano-vfprintf.o)
                0x000000000020178c                _vfiprintf_r
                0x000000000020178c                _vfprintf_r
 .text._printf_common
                0x00000000002019b8       0xec /opt/gcc-arm-none-eabi-7-2018-q2-update/bin/../lib/gcc/arm-none-eabi/7.3.1/../../../../arm-none-eabi/lib/thumb/v7-m/libc_nano.a(lib_a-nano-vfprintf_i.o)
                0x00000000002019b8                _printf_common
 .text._printf_i
                0x0000000000201aa4      0x224 /opt/gcc-arm-none-eabi-7-2018-q2-update/bin/../lib/gcc/arm-none-eabi/7.3.1/../../../../arm-none-eabi/lib/thumb/v7-m/libc_nano.a(lib_a-nano-vfprintf_i.o)
                0x0000000000201aa4                _printf_i
 .text.__sread  0x0000000000201cc8       0x22 /opt/gcc-arm-none-eabi-7-2018-q2-update/bin/../lib/gcc/arm-none-eabi/7.3.1/../../../../arm-none-eabi/lib/thumb/v7-m/libc_nano.a(lib_a-stdio.o)
                0x0000000000201cc8                __sread
 .text.__swrite
                0x0000000000201cea       0x38 /opt/gcc-arm-none-eabi-7-2018-q2-update/bin/../lib/gcc/arm-none-eabi/7.3.1/../../../../arm-none-eabi/lib/thumb/v7-m/libc_nano.a(lib_a-stdio.o)
                0x0000000000201cea                __swrite
 .text.__sseek  0x0000000000201d22       0x24 /opt/gcc-arm-none-eabi-7-2018-q2-update/bin/../lib/gcc/arm-none-eabi/7.3.1/../../../../arm-none-eabi/lib/thumb/v7-m/libc_nano.a(lib_a-stdio.o)
                0x0000000000201d22                __sseek
 .text.__sclose
                0x0000000000201d46        0x8 /opt/gcc-arm-none-eabi-7-2018-q2-update/bin/../lib/gcc/arm-none-eabi/7.3.1/../../../../arm-none-eabi/lib/thumb/v7-m/libc_nano.a(lib_a-stdio.o)
                0x0000000000201d46                __sclose
 .text.memchr   0x0000000000201d4e       0x1c /opt/gcc-arm-none-eabi-7-2018-q2-update/bin/../lib/gcc/arm-none-eabi/7.3.1/../../../../arm-none-eabi/lib/thumb/v7-m/libc_nano.a(lib_a-memchr-stub.o)
                0x0000000000201d4e                memchr
 .text.__malloc_lock
                0x0000000000201d6a        0x2 /opt/gcc-arm-none-eabi-7-2018-q2-update/bin/../lib/gcc/arm-none-eabi/7.3.1/../../../../arm-none-eabi/lib/thumb/v7-m/libc_nano.a(lib_a-mlock.o)
                0x0000000000201d6a                __malloc_lock
 .text.__malloc_unlock
                0x0000000000201d6c        0x2 /opt/gcc-arm-none-eabi-7-2018-q2-update/bin/../lib/gcc/arm-none-eabi/7.3.1/../../../../arm-none-eabi/lib/thumb/v7-m/libc_nano.a(lib_a-mlock.o)
                0x0000000000201d6c                __malloc_unlock
 *(.glue_7t)
 .glue_7t       0x0000000000201d6e        0x0 linker stubs
 *(.glue_7)
 .glue_7        0x0000000000201d6e        0x0 linker stubs
 *(.rodata .rodata* .gnu.linkonce.r.*)
 .rodata.bus_fault_default.str1.1
                0x0000000000201d6e       0x12 /data/riotbuild/riotbase/ProyectoIARS/BotonesPrueba/bin/cc2538dk/cortexm_common.a(vectors_cortexm.o)
 .rodata.debug_mon_default.str1.1
                0x0000000000201d80       0x12 /data/riotbuild/riotbase/ProyectoIARS/BotonesPrueba/bin/cc2538dk/cortexm_common.a(vectors_cortexm.o)
 .rodata.dummy_handler_default.str1.1
                0x0000000000201d92        0xe /data/riotbuild/riotbase/ProyectoIARS/BotonesPrueba/bin/cc2538dk/cortexm_common.a(vectors_cortexm.o)
 .rodata.hard_fault_handler.str1.1
                0x0000000000201da0      0x1f4 /data/riotbuild/riotbase/ProyectoIARS/BotonesPrueba/bin/cc2538dk/cortexm_common.a(vectors_cortexm.o)
 .rodata.mem_manage_default.str1.1
                0x0000000000201f94       0x13 /data/riotbuild/riotbase/ProyectoIARS/BotonesPrueba/bin/cc2538dk/cortexm_common.a(vectors_cortexm.o)
 .rodata.nmi_default.str1.1
                0x0000000000201fa7        0xc /data/riotbuild/riotbase/ProyectoIARS/BotonesPrueba/bin/cc2538dk/cortexm_common.a(vectors_cortexm.o)
 .rodata.usage_fault_default.str1.1
                0x0000000000201fb3       0x14 /data/riotbuild/riotbase/ProyectoIARS/BotonesPrueba/bin/cc2538dk/cortexm_common.a(vectors_cortexm.o)
 .rodata.assert_crash_message
                0x0000000000201fc7       0x12 /data/riotbuild/riotbase/ProyectoIARS/BotonesPrueba/bin/cc2538dk/core.a(panic.o)
                0x0000000000201fc7                assert_crash_message
 .rodata.core_panic.str1.1
                0x0000000000201fd9       0x2e /data/riotbuild/riotbase/ProyectoIARS/BotonesPrueba/bin/cc2538dk/core.a(panic.o)
 .rodata.main_trampoline.str1.1
                0x0000000000202007       0x3a /data/riotbuild/riotbase/ProyectoIARS/BotonesPrueba/bin/cc2538dk/core.a(kernel_init.o)
 .rodata.str1.1
                0x0000000000202041        0xa /data/riotbuild/riotbase/ProyectoIARS/BotonesPrueba/bin/cc2538dk/core.a(kernel_init.o)
 *fill*         0x000000000020204b        0x1 
 .rodata._global_impure_ptr
                0x000000000020204c        0x4 /opt/gcc-arm-none-eabi-7-2018-q2-update/bin/../lib/gcc/arm-none-eabi/7.3.1/../../../../arm-none-eabi/lib/thumb/v7-m/libc_nano.a(lib_a-impure.o)
                0x000000000020204c                _global_impure_ptr
 .rodata.__sf_fake_stderr
                0x0000000000202050       0x20 /opt/gcc-arm-none-eabi-7-2018-q2-update/bin/../lib/gcc/arm-none-eabi/7.3.1/../../../../arm-none-eabi/lib/thumb/v7-m/libc_nano.a(lib_a-findfp.o)
                0x0000000000202050                __sf_fake_stderr
 .rodata.__sf_fake_stdin
                0x0000000000202070       0x20 /opt/gcc-arm-none-eabi-7-2018-q2-update/bin/../lib/gcc/arm-none-eabi/7.3.1/../../../../arm-none-eabi/lib/thumb/v7-m/libc_nano.a(lib_a-findfp.o)
                0x0000000000202070                __sf_fake_stdin
 .rodata.__sf_fake_stdout
                0x0000000000202090       0x20 /opt/gcc-arm-none-eabi-7-2018-q2-update/bin/../lib/gcc/arm-none-eabi/7.3.1/../../../../arm-none-eabi/lib/thumb/v7-m/libc_nano.a(lib_a-findfp.o)
                0x0000000000202090                __sf_fake_stdout
 .rodata._vfprintf_r.str1.1
                0x00000000002020b0       0x11 /opt/gcc-arm-none-eabi-7-2018-q2-update/bin/../lib/gcc/arm-none-eabi/7.3.1/../../../../arm-none-eabi/lib/thumb/v7-m/libc_nano.a(lib_a-nano-vfprintf.o)
 .rodata._printf_i.str1.1
                0x00000000002020c1       0x22 /opt/gcc-arm-none-eabi-7-2018-q2-update/bin/../lib/gcc/arm-none-eabi/7.3.1/../../../../arm-none-eabi/lib/thumb/v7-m/libc_nano.a(lib_a-nano-vfprintf_i.o)
 *(.ARM.extab* .gnu.linkonce.armextab.*)
                0x00000000002020e4                . = ALIGN (0x4)
 *fill*         0x00000000002020e3        0x1 
 *(.init)
                0x00000000002020e4                . = ALIGN (0x4)
                0x00000000002020e4                __preinit_array_start = .
 *(.preinit_array)
                0x00000000002020e4                __preinit_array_end = .
                0x00000000002020e4                . = ALIGN (0x4)
                0x00000000002020e4                __init_array_start = .
 *(SORT_BY_NAME(.init_array.*))
 *(.init_array)
                0x00000000002020e4                __init_array_end = .
                0x00000000002020e4                . = ALIGN (0x4)
 *crtbegin.o(.ctors)
 *(EXCLUDE_FILE(*crtend.o) .ctors)
 *(SORT_BY_NAME(.ctors.*))
 *crtend.o(.ctors)
                0x00000000002020e4                . = ALIGN (0x4)
 *(.fini)
                0x00000000002020e4                . = ALIGN (0x4)
                0x00000000002020e4                __fini_array_start = .
 *(.fini_array)
 *(SORT_BY_NAME(.fini_array.*))
                0x00000000002020e4                __fini_array_end = .
 *crtbegin.o(.dtors)
 *(EXCLUDE_FILE(*crtend.o) .dtors)
 *(SORT_BY_NAME(.dtors.*))
 *crtend.o(.dtors)
                0x00000000002020e4                . = ALIGN (0x4)
                0x00000000002020e4                _efixed = .
                [!provide]                        PROVIDE (__exidx_start = .)

.vfp11_veneer   0x00000000002020e4        0x0
 .vfp11_veneer  0x00000000002020e4        0x0 linker stubs

.v4_bx          0x00000000002020e4        0x0
 .v4_bx         0x00000000002020e4        0x0 linker stubs

.iplt           0x00000000002020e4        0x0
 .iplt          0x00000000002020e4        0x0 /data/riotbuild/riotbase/ProyectoIARS/BotonesPrueba/bin/cc2538dk/cpu/vectors.o

.igot.plt       0x00000000002020e4        0x0
 .igot.plt      0x00000000002020e4        0x0 /data/riotbuild/riotbase/ProyectoIARS/BotonesPrueba/bin/cc2538dk/cpu/vectors.o

.rel.dyn        0x00000000002020e4        0x0
 .rel.iplt      0x00000000002020e4        0x0 /data/riotbuild/riotbase/ProyectoIARS/BotonesPrueba/bin/cc2538dk/cpu/vectors.o

.ARM.exidx
 *(.ARM.exidx* .gnu.linkonce.armexidx.*)
                [!provide]                        PROVIDE (__exidx_end = .)
                0x00000000002020e4                . = ALIGN (0x4)

.eh_frame
 *(.eh_frame)
                0x00000000002020e4                . = ALIGN (0x4)
                0x00000000002020e4                _etext = .

.stack          0x0000000020000000      0x200
 *(.puf)
                0x0000000020000000                . = ALIGN (0x8)
                0x0000000020000000                _sstack = .
 *(.isr_stack)
 .isr_stack     0x0000000020000000      0x200 /data/riotbuild/riotbase/ProyectoIARS/BotonesPrueba/bin/cc2538dk/cortexm_common.a(vectors_cortexm.o)
                0x0000000020000000                isr_stack
                0x0000000020000200                . = ALIGN (0x8)
                0x0000000020000200                _estack = .

.relocate       0x0000000020000200       0x74 load address 0x00000000002020e4
                0x0000000020000200                . = ALIGN (0x4)
                0x0000000020000200                _srelocate = .
 *(.ramfunc .ramfunc.*)
 *(.data .data.*)
 .data.heap_top
                0x0000000020000200        0x4 /data/riotbuild/riotbase/ProyectoIARS/BotonesPrueba/bin/cc2538dk/newlib_syscalls_default/syscalls.o
                0x0000000020000200                heap_top
 .data.idle_name
                0x0000000020000204        0x4 /data/riotbuild/riotbase/ProyectoIARS/BotonesPrueba/bin/cc2538dk/core.a(kernel_init.o)
                0x0000000020000204                idle_name
 .data.main_name
                0x0000000020000208        0x4 /data/riotbuild/riotbase/ProyectoIARS/BotonesPrueba/bin/cc2538dk/core.a(kernel_init.o)
                0x0000000020000208                main_name
 .data._impure_ptr
                0x000000002000020c        0x4 /opt/gcc-arm-none-eabi-7-2018-q2-update/bin/../lib/gcc/arm-none-eabi/7.3.1/../../../../arm-none-eabi/lib/thumb/v7-m/libc_nano.a(lib_a-impure.o)
                0x000000002000020c                _impure_ptr
 .data.impure_data
                0x0000000020000210       0x60 /opt/gcc-arm-none-eabi-7-2018-q2-update/bin/../lib/gcc/arm-none-eabi/7.3.1/../../../../arm-none-eabi/lib/thumb/v7-m/libc_nano.a(lib_a-impure.o)
 *(.openocd .openocd.*)
 .openocd       0x0000000020000270        0x2 /data/riotbuild/riotbase/ProyectoIARS/BotonesPrueba/bin/cc2538dk/core.a(sched.o)
                0x0000000020000270                _tcb_name_offset
                0x0000000020000271                max_threads
                0x0000000020000274                . = ALIGN (0x4)
 *fill*         0x0000000020000272        0x2 
                0x0000000020000274                _erelocate = .

.bss            0x0000000020000274      0x8ec load address 0x0000000000202158
                0x0000000020000274                . = ALIGN (0x4)
                0x0000000020000274                _sbss = .
                0x0000000020000274                _szero = .
 *(.bss .bss.*)
 .bss.runqueue_bitcache
                0x0000000020000274        0x4 /data/riotbuild/riotbase/ProyectoIARS/BotonesPrueba/bin/cc2538dk/core.a(sched.o)
 .bss.sched_active_pid
                0x0000000020000278        0x2 /data/riotbuild/riotbase/ProyectoIARS/BotonesPrueba/bin/cc2538dk/core.a(sched.o)
                0x0000000020000278                sched_active_pid
 *fill*         0x000000002000027a        0x2 
 .bss.sched_active_thread
                0x000000002000027c        0x4 /data/riotbuild/riotbase/ProyectoIARS/BotonesPrueba/bin/cc2538dk/core.a(sched.o)
                0x000000002000027c                sched_active_thread
 .bss.sched_context_switch_request
                0x0000000020000280        0x4 /data/riotbuild/riotbase/ProyectoIARS/BotonesPrueba/bin/cc2538dk/core.a(sched.o)
                0x0000000020000280                sched_context_switch_request
 .bss.sched_num_threads
                0x0000000020000284        0x4 /data/riotbuild/riotbase/ProyectoIARS/BotonesPrueba/bin/cc2538dk/core.a(sched.o)
                0x0000000020000284                sched_num_threads
 .bss.sched_runqueues
                0x0000000020000288       0x40 /data/riotbuild/riotbase/ProyectoIARS/BotonesPrueba/bin/cc2538dk/core.a(sched.o)
                0x0000000020000288                sched_runqueues
 .bss.sched_threads
                0x00000000200002c8       0x84 /data/riotbuild/riotbase/ProyectoIARS/BotonesPrueba/bin/cc2538dk/core.a(sched.o)
                0x00000000200002c8                sched_threads
 .bss.crashed   0x000000002000034c        0x4 /data/riotbuild/riotbase/ProyectoIARS/BotonesPrueba/bin/cc2538dk/core.a(panic.o)
 .bss.idle_stack
                0x0000000020000350      0x100 /data/riotbuild/riotbase/ProyectoIARS/BotonesPrueba/bin/cc2538dk/core.a(kernel_init.o)
 .bss.main_stack
                0x0000000020000450      0x600 /data/riotbuild/riotbase/ProyectoIARS/BotonesPrueba/bin/cc2538dk/core.a(kernel_init.o)
 .bss.uart_ctx  0x0000000020000a50        0x8 /data/riotbuild/riotbase/ProyectoIARS/BotonesPrueba/bin/cc2538dk/periph.a(uart.o)
 .bss.isr_ctx   0x0000000020000a58      0x100 /data/riotbuild/riotbase/ProyectoIARS/BotonesPrueba/bin/cc2538dk/periph.a(gpio.o)
 .bss.__malloc_free_list
                0x0000000020000b58        0x4 /opt/gcc-arm-none-eabi-7-2018-q2-update/bin/../lib/gcc/arm-none-eabi/7.3.1/../../../../arm-none-eabi/lib/thumb/v7-m/libc_nano.a(lib_a-nano-mallocr.o)
                0x0000000020000b58                __malloc_free_list
 .bss.__malloc_sbrk_start
                0x0000000020000b5c        0x4 /opt/gcc-arm-none-eabi-7-2018-q2-update/bin/../lib/gcc/arm-none-eabi/7.3.1/../../../../arm-none-eabi/lib/thumb/v7-m/libc_nano.a(lib_a-nano-mallocr.o)
                0x0000000020000b5c                __malloc_sbrk_start
 *(COMMON)
                0x0000000020000b60                . = ALIGN (0x4)
                0x0000000020000b60                _ebss = .
                0x0000000020000b60                _ezero = .

.noinit         0x0000000020000b60        0x0 load address 0x0000000000202158
                0x0000000020000b60                __noinit_start = .
 *(.noinit)
                0x0000000020000b60                . = ALIGN (0x4)
                0x0000000020000b60                __noinit_end = .
                0x0000000020000b60                . = ALIGN (0x4)
                0x0000000020000b60                _sheap = .
                0x0000000020008000                _eheap = (ORIGIN (ram) + LENGTH (ram))
                0x0000000020000000                _sram = ORIGIN (ram)
                0x0000000020008000                _eram = (ORIGIN (ram) + LENGTH (ram))
OUTPUT(/data/riotbuild/riotbase/ProyectoIARS/BotonesPrueba/bin/cc2538dk/BotonesPrueba.elf elf32-littlearm)

.debug_info     0x0000000000000000    0x17f9f
 .debug_info    0x0000000000000000     0x16e5 /data/riotbuild/riotbase/ProyectoIARS/BotonesPrueba/bin/cc2538dk/cpu/vectors.o
 .debug_info    0x00000000000016e5     0x1d87 /data/riotbuild/riotbase/ProyectoIARS/BotonesPrueba/bin/cc2538dk/newlib_syscalls_default/syscalls.o
 .debug_info    0x000000000000346c      0xe6e /data/riotbuild/riotbase/ProyectoIARS/BotonesPrueba/bin/cc2538dk/core.a(sched.o)
 .debug_info    0x00000000000042da      0xfdc /data/riotbuild/riotbase/ProyectoIARS/BotonesPrueba/bin/cc2538dk/cortexm_common.a(thread_arch.o)
 .debug_info    0x00000000000052b6     0x1dc2 /data/riotbuild/riotbase/ProyectoIARS/BotonesPrueba/bin/cc2538dk/cortexm_common.a(vectors_cortexm.o)
 .debug_info    0x0000000000007078      0xcf3 /data/riotbuild/riotbase/ProyectoIARS/BotonesPrueba/bin/cc2538dk/cortexm_common.a(irq_arch.o)
 .debug_info    0x0000000000007d6b     0x168b /data/riotbuild/riotbase/ProyectoIARS/BotonesPrueba/bin/cc2538dk/stdio_uart.a(stdio_uart.o)
 .debug_info    0x00000000000093f6      0xc01 /data/riotbuild/riotbase/ProyectoIARS/BotonesPrueba/bin/cc2538dk/periph_common.a(pm.o)
 .debug_info    0x0000000000009ff7     0x1646 /data/riotbuild/riotbase/ProyectoIARS/BotonesPrueba/bin/cc2538dk/board.a(board.o)
 .debug_info    0x000000000000b63d      0xd9b /data/riotbuild/riotbase/ProyectoIARS/BotonesPrueba/bin/cc2538dk/core.a(panic.o)
 .debug_info    0x000000000000c3d8      0xe05 /data/riotbuild/riotbase/ProyectoIARS/BotonesPrueba/bin/cc2538dk/core.a(kernel_init.o)
 .debug_info    0x000000000000d1dd     0x1213 /data/riotbuild/riotbase/ProyectoIARS/BotonesPrueba/bin/cc2538dk/core.a(thread.o)
 .debug_info    0x000000000000e3f0     0x1105 /data/riotbuild/riotbase/ProyectoIARS/BotonesPrueba/bin/cc2538dk/cpu.a(cpu.o)
 .debug_info    0x000000000000f4f5     0x2190 /data/riotbuild/riotbase/ProyectoIARS/BotonesPrueba/bin/cc2538dk/periph.a(uart.o)
 .debug_info    0x0000000000011685      0xbe8 /data/riotbuild/riotbase/ProyectoIARS/BotonesPrueba/bin/cc2538dk/periph.a(pm.o)
 .debug_info    0x000000000001226d     0x26d4 /data/riotbuild/riotbase/ProyectoIARS/BotonesPrueba/bin/cc2538dk/periph.a(gpio.o)
 .debug_info    0x0000000000014941       0x3b /data/riotbuild/riotbase/ProyectoIARS/BotonesPrueba/bin/cc2538dk/periph_common.a(init.o)
 .debug_info    0x000000000001497c     0x1906 /data/riotbuild/riotbase/ProyectoIARS/BotonesPrueba/bin/cc2538dk/application_BotonesPrueba.a(main.o)
 .debug_info    0x0000000000016282      0xb8c /data/riotbuild/riotbase/ProyectoIARS/BotonesPrueba/bin/cc2538dk/auto_init.a(auto_init.o)
 .debug_info    0x0000000000016e0e     0x1191 /data/riotbuild/riotbase/ProyectoIARS/BotonesPrueba/bin/cc2538dk/cortexm_common.a(cortexm_init.o)

.debug_abbrev   0x0000000000000000     0x36c9
 .debug_abbrev  0x0000000000000000      0x27a /data/riotbuild/riotbase/ProyectoIARS/BotonesPrueba/bin/cc2538dk/cpu/vectors.o
 .debug_abbrev  0x000000000000027a      0x40e /data/riotbuild/riotbase/ProyectoIARS/BotonesPrueba/bin/cc2538dk/newlib_syscalls_default/syscalls.o
 .debug_abbrev  0x0000000000000688      0x33c /data/riotbuild/riotbase/ProyectoIARS/BotonesPrueba/bin/cc2538dk/core.a(sched.o)
 .debug_abbrev  0x00000000000009c4      0x318 /data/riotbuild/riotbase/ProyectoIARS/BotonesPrueba/bin/cc2538dk/cortexm_common.a(thread_arch.o)
 .debug_abbrev  0x0000000000000cdc      0x405 /data/riotbuild/riotbase/ProyectoIARS/BotonesPrueba/bin/cc2538dk/cortexm_common.a(vectors_cortexm.o)
 .debug_abbrev  0x00000000000010e1      0x289 /data/riotbuild/riotbase/ProyectoIARS/BotonesPrueba/bin/cc2538dk/cortexm_common.a(irq_arch.o)
 .debug_abbrev  0x000000000000136a      0x2b0 /data/riotbuild/riotbase/ProyectoIARS/BotonesPrueba/bin/cc2538dk/stdio_uart.a(stdio_uart.o)
 .debug_abbrev  0x000000000000161a      0x1d4 /data/riotbuild/riotbase/ProyectoIARS/BotonesPrueba/bin/cc2538dk/periph_common.a(pm.o)
 .debug_abbrev  0x00000000000017ee      0x260 /data/riotbuild/riotbase/ProyectoIARS/BotonesPrueba/bin/cc2538dk/board.a(board.o)
 .debug_abbrev  0x0000000000001a4e      0x27f /data/riotbuild/riotbase/ProyectoIARS/BotonesPrueba/bin/cc2538dk/core.a(panic.o)
 .debug_abbrev  0x0000000000001ccd      0x250 /data/riotbuild/riotbase/ProyectoIARS/BotonesPrueba/bin/cc2538dk/core.a(kernel_init.o)
 .debug_abbrev  0x0000000000001f1d      0x336 /data/riotbuild/riotbase/ProyectoIARS/BotonesPrueba/bin/cc2538dk/core.a(thread.o)
 .debug_abbrev  0x0000000000002253      0x23c /data/riotbuild/riotbase/ProyectoIARS/BotonesPrueba/bin/cc2538dk/cpu.a(cpu.o)
 .debug_abbrev  0x000000000000248f      0x414 /data/riotbuild/riotbase/ProyectoIARS/BotonesPrueba/bin/cc2538dk/periph.a(uart.o)
 .debug_abbrev  0x00000000000028a3      0x1b6 /data/riotbuild/riotbase/ProyectoIARS/BotonesPrueba/bin/cc2538dk/periph.a(pm.o)
 .debug_abbrev  0x0000000000002a59      0x479 /data/riotbuild/riotbase/ProyectoIARS/BotonesPrueba/bin/cc2538dk/periph.a(gpio.o)
 .debug_abbrev  0x0000000000002ed2       0x2f /data/riotbuild/riotbase/ProyectoIARS/BotonesPrueba/bin/cc2538dk/periph_common.a(init.o)
 .debug_abbrev  0x0000000000002f01      0x2c5 /data/riotbuild/riotbase/ProyectoIARS/BotonesPrueba/bin/cc2538dk/application_BotonesPrueba.a(main.o)
 .debug_abbrev  0x00000000000031c6      0x1a7 /data/riotbuild/riotbase/ProyectoIARS/BotonesPrueba/bin/cc2538dk/auto_init.a(auto_init.o)
 .debug_abbrev  0x000000000000336d      0x35c /data/riotbuild/riotbase/ProyectoIARS/BotonesPrueba/bin/cc2538dk/cortexm_common.a(cortexm_init.o)

.debug_aranges  0x0000000000000000      0x510
 .debug_aranges
                0x0000000000000000       0x20 /data/riotbuild/riotbase/ProyectoIARS/BotonesPrueba/bin/cc2538dk/cpu/vectors.o
 .debug_aranges
                0x0000000000000020       0xb0 /data/riotbuild/riotbase/ProyectoIARS/BotonesPrueba/bin/cc2538dk/newlib_syscalls_default/syscalls.o
 .debug_aranges
                0x00000000000000d0       0x38 /data/riotbuild/riotbase/ProyectoIARS/BotonesPrueba/bin/cc2538dk/core.a(sched.o)
 .debug_aranges
                0x0000000000000108       0x60 /data/riotbuild/riotbase/ProyectoIARS/BotonesPrueba/bin/cc2538dk/cortexm_common.a(thread_arch.o)
 .debug_aranges
                0x0000000000000168       0x68 /data/riotbuild/riotbase/ProyectoIARS/BotonesPrueba/bin/cc2538dk/cortexm_common.a(vectors_cortexm.o)
 .debug_aranges
                0x00000000000001d0       0x38 /data/riotbuild/riotbase/ProyectoIARS/BotonesPrueba/bin/cc2538dk/cortexm_common.a(irq_arch.o)
 .debug_aranges
                0x0000000000000208       0x30 /data/riotbuild/riotbase/ProyectoIARS/BotonesPrueba/bin/cc2538dk/stdio_uart.a(stdio_uart.o)
 .debug_aranges
                0x0000000000000238       0x20 /data/riotbuild/riotbase/ProyectoIARS/BotonesPrueba/bin/cc2538dk/periph_common.a(pm.o)
 .debug_aranges
                0x0000000000000258       0x20 /data/riotbuild/riotbase/ProyectoIARS/BotonesPrueba/bin/cc2538dk/board.a(board.o)
 .debug_aranges
                0x0000000000000278       0x28 /data/riotbuild/riotbase/ProyectoIARS/BotonesPrueba/bin/cc2538dk/core.a(panic.o)
 .debug_aranges
                0x00000000000002a0       0x30 /data/riotbuild/riotbase/ProyectoIARS/BotonesPrueba/bin/cc2538dk/core.a(kernel_init.o)
 .debug_aranges
                0x00000000000002d0       0x60 /data/riotbuild/riotbase/ProyectoIARS/BotonesPrueba/bin/cc2538dk/core.a(thread.o)
 .debug_aranges
                0x0000000000000330       0x20 /data/riotbuild/riotbase/ProyectoIARS/BotonesPrueba/bin/cc2538dk/cpu.a(cpu.o)
 .debug_aranges
                0x0000000000000350       0x40 /data/riotbuild/riotbase/ProyectoIARS/BotonesPrueba/bin/cc2538dk/periph.a(uart.o)
 .debug_aranges
                0x0000000000000390       0x20 /data/riotbuild/riotbase/ProyectoIARS/BotonesPrueba/bin/cc2538dk/periph.a(pm.o)
 .debug_aranges
                0x00000000000003b0       0xa0 /data/riotbuild/riotbase/ProyectoIARS/BotonesPrueba/bin/cc2538dk/periph.a(gpio.o)
 .debug_aranges
                0x0000000000000450       0x20 /data/riotbuild/riotbase/ProyectoIARS/BotonesPrueba/bin/cc2538dk/periph_common.a(init.o)
 .debug_aranges
                0x0000000000000470       0x58 /data/riotbuild/riotbase/ProyectoIARS/BotonesPrueba/bin/cc2538dk/application_BotonesPrueba.a(main.o)
 .debug_aranges
                0x00000000000004c8       0x20 /data/riotbuild/riotbase/ProyectoIARS/BotonesPrueba/bin/cc2538dk/auto_init.a(auto_init.o)
 .debug_aranges
                0x00000000000004e8       0x28 /data/riotbuild/riotbase/ProyectoIARS/BotonesPrueba/bin/cc2538dk/cortexm_common.a(cortexm_init.o)

.debug_ranges   0x0000000000000000      0x6b0
 .debug_ranges  0x0000000000000000       0x10 /data/riotbuild/riotbase/ProyectoIARS/BotonesPrueba/bin/cc2538dk/cpu/vectors.o
 .debug_ranges  0x0000000000000010       0xa0 /data/riotbuild/riotbase/ProyectoIARS/BotonesPrueba/bin/cc2538dk/newlib_syscalls_default/syscalls.o
 .debug_ranges  0x00000000000000b0       0x88 /data/riotbuild/riotbase/ProyectoIARS/BotonesPrueba/bin/cc2538dk/core.a(sched.o)
 .debug_ranges  0x0000000000000138       0xa0 /data/riotbuild/riotbase/ProyectoIARS/BotonesPrueba/bin/cc2538dk/cortexm_common.a(thread_arch.o)
 .debug_ranges  0x00000000000001d8       0x58 /data/riotbuild/riotbase/ProyectoIARS/BotonesPrueba/bin/cc2538dk/cortexm_common.a(vectors_cortexm.o)
 .debug_ranges  0x0000000000000230       0x28 /data/riotbuild/riotbase/ProyectoIARS/BotonesPrueba/bin/cc2538dk/cortexm_common.a(irq_arch.o)
 .debug_ranges  0x0000000000000258       0x20 /data/riotbuild/riotbase/ProyectoIARS/BotonesPrueba/bin/cc2538dk/stdio_uart.a(stdio_uart.o)
 .debug_ranges  0x0000000000000278       0x10 /data/riotbuild/riotbase/ProyectoIARS/BotonesPrueba/bin/cc2538dk/periph_common.a(pm.o)
 .debug_ranges  0x0000000000000288       0x10 /data/riotbuild/riotbase/ProyectoIARS/BotonesPrueba/bin/cc2538dk/board.a(board.o)
 .debug_ranges  0x0000000000000298       0x18 /data/riotbuild/riotbase/ProyectoIARS/BotonesPrueba/bin/cc2538dk/core.a(panic.o)
 .debug_ranges  0x00000000000002b0       0x20 /data/riotbuild/riotbase/ProyectoIARS/BotonesPrueba/bin/cc2538dk/core.a(kernel_init.o)
 .debug_ranges  0x00000000000002d0       0x80 /data/riotbuild/riotbase/ProyectoIARS/BotonesPrueba/bin/cc2538dk/core.a(thread.o)
 .debug_ranges  0x0000000000000350       0x28 /data/riotbuild/riotbase/ProyectoIARS/BotonesPrueba/bin/cc2538dk/cpu.a(cpu.o)
 .debug_ranges  0x0000000000000378       0x90 /data/riotbuild/riotbase/ProyectoIARS/BotonesPrueba/bin/cc2538dk/periph.a(uart.o)
 .debug_ranges  0x0000000000000408       0x10 /data/riotbuild/riotbase/ProyectoIARS/BotonesPrueba/bin/cc2538dk/periph.a(pm.o)
 .debug_ranges  0x0000000000000418      0x1b0 /data/riotbuild/riotbase/ProyectoIARS/BotonesPrueba/bin/cc2538dk/periph.a(gpio.o)
 .debug_ranges  0x00000000000005c8       0x10 /data/riotbuild/riotbase/ProyectoIARS/BotonesPrueba/bin/cc2538dk/periph_common.a(init.o)
 .debug_ranges  0x00000000000005d8       0x60 /data/riotbuild/riotbase/ProyectoIARS/BotonesPrueba/bin/cc2538dk/application_BotonesPrueba.a(main.o)
 .debug_ranges  0x0000000000000638       0x10 /data/riotbuild/riotbase/ProyectoIARS/BotonesPrueba/bin/cc2538dk/auto_init.a(auto_init.o)
 .debug_ranges  0x0000000000000648       0x68 /data/riotbuild/riotbase/ProyectoIARS/BotonesPrueba/bin/cc2538dk/cortexm_common.a(cortexm_init.o)

.debug_macro    0x0000000000000000    0x17030
 .debug_macro   0x0000000000000000      0x376 /data/riotbuild/riotbase/ProyectoIARS/BotonesPrueba/bin/cc2538dk/cpu/vectors.o
 .debug_macro   0x0000000000000376      0xa4e /data/riotbuild/riotbase/ProyectoIARS/BotonesPrueba/bin/cc2538dk/cpu/vectors.o
 .debug_macro   0x0000000000000dc4       0xb2 /data/riotbuild/riotbase/ProyectoIARS/BotonesPrueba/bin/cc2538dk/cpu/vectors.o
 .debug_macro   0x0000000000000e76       0x22 /data/riotbuild/riotbase/ProyectoIARS/BotonesPrueba/bin/cc2538dk/cpu/vectors.o
 .debug_macro   0x0000000000000e98       0x56 /data/riotbuild/riotbase/ProyectoIARS/BotonesPrueba/bin/cc2538dk/cpu/vectors.o
 .debug_macro   0x0000000000000eee       0x51 /data/riotbuild/riotbase/ProyectoIARS/BotonesPrueba/bin/cc2538dk/cpu/vectors.o
 .debug_macro   0x0000000000000f3f       0xef /data/riotbuild/riotbase/ProyectoIARS/BotonesPrueba/bin/cc2538dk/cpu/vectors.o
 .debug_macro   0x000000000000102e       0x6a /data/riotbuild/riotbase/ProyectoIARS/BotonesPrueba/bin/cc2538dk/cpu/vectors.o
 .debug_macro   0x0000000000001098      0x1df /data/riotbuild/riotbase/ProyectoIARS/BotonesPrueba/bin/cc2538dk/cpu/vectors.o
 .debug_macro   0x0000000000001277       0x46 /data/riotbuild/riotbase/ProyectoIARS/BotonesPrueba/bin/cc2538dk/cpu/vectors.o
 .debug_macro   0x00000000000012bd       0x18 /data/riotbuild/riotbase/ProyectoIARS/BotonesPrueba/bin/cc2538dk/cpu/vectors.o
 .debug_macro   0x00000000000012d5       0x3c /data/riotbuild/riotbase/ProyectoIARS/BotonesPrueba/bin/cc2538dk/cpu/vectors.o
 .debug_macro   0x0000000000001311       0x34 /data/riotbuild/riotbase/ProyectoIARS/BotonesPrueba/bin/cc2538dk/cpu/vectors.o
 .debug_macro   0x0000000000001345       0x16 /data/riotbuild/riotbase/ProyectoIARS/BotonesPrueba/bin/cc2538dk/cpu/vectors.o
 .debug_macro   0x000000000000135b       0x97 /data/riotbuild/riotbase/ProyectoIARS/BotonesPrueba/bin/cc2538dk/cpu/vectors.o
 .debug_macro   0x00000000000013f2      0x353 /data/riotbuild/riotbase/ProyectoIARS/BotonesPrueba/bin/cc2538dk/cpu/vectors.o
 .debug_macro   0x0000000000001745       0xf6 /data/riotbuild/riotbase/ProyectoIARS/BotonesPrueba/bin/cc2538dk/cpu/vectors.o
 .debug_macro   0x000000000000183b       0x10 /data/riotbuild/riotbase/ProyectoIARS/BotonesPrueba/bin/cc2538dk/cpu/vectors.o
 .debug_macro   0x000000000000184b       0x52 /data/riotbuild/riotbase/ProyectoIARS/BotonesPrueba/bin/cc2538dk/cpu/vectors.o
 .debug_macro   0x000000000000189d       0x1f /data/riotbuild/riotbase/ProyectoIARS/BotonesPrueba/bin/cc2538dk/cpu/vectors.o
 .debug_macro   0x00000000000018bc       0x43 /data/riotbuild/riotbase/ProyectoIARS/BotonesPrueba/bin/cc2538dk/cpu/vectors.o
 .debug_macro   0x00000000000018ff       0x20 /data/riotbuild/riotbase/ProyectoIARS/BotonesPrueba/bin/cc2538dk/cpu/vectors.o
 .debug_macro   0x000000000000191f      0x1a3 /data/riotbuild/riotbase/ProyectoIARS/BotonesPrueba/bin/cc2538dk/cpu/vectors.o
 .debug_macro   0x0000000000001ac2       0x10 /data/riotbuild/riotbase/ProyectoIARS/BotonesPrueba/bin/cc2538dk/cpu/vectors.o
 .debug_macro   0x0000000000001ad2       0xb6 /data/riotbuild/riotbase/ProyectoIARS/BotonesPrueba/bin/cc2538dk/cpu/vectors.o
 .debug_macro   0x0000000000001b88       0x16 /data/riotbuild/riotbase/ProyectoIARS/BotonesPrueba/bin/cc2538dk/cpu/vectors.o
 .debug_macro   0x0000000000001b9e      0x114 /data/riotbuild/riotbase/ProyectoIARS/BotonesPrueba/bin/cc2538dk/cpu/vectors.o
 .debug_macro   0x0000000000001cb2       0x22 /data/riotbuild/riotbase/ProyectoIARS/BotonesPrueba/bin/cc2538dk/cpu/vectors.o
 .debug_macro   0x0000000000001cd4       0x2f /data/riotbuild/riotbase/ProyectoIARS/BotonesPrueba/bin/cc2538dk/cpu/vectors.o
 .debug_macro   0x0000000000001d03       0x2e /data/riotbuild/riotbase/ProyectoIARS/BotonesPrueba/bin/cc2538dk/cpu/vectors.o
 .debug_macro   0x0000000000001d31       0x22 /data/riotbuild/riotbase/ProyectoIARS/BotonesPrueba/bin/cc2538dk/cpu/vectors.o
 .debug_macro   0x0000000000001d53       0x1c /data/riotbuild/riotbase/ProyectoIARS/BotonesPrueba/bin/cc2538dk/cpu/vectors.o
 .debug_macro   0x0000000000001d6f       0x22 /data/riotbuild/riotbase/ProyectoIARS/BotonesPrueba/bin/cc2538dk/cpu/vectors.o
 .debug_macro   0x0000000000001d91       0xbd /data/riotbuild/riotbase/ProyectoIARS/BotonesPrueba/bin/cc2538dk/cpu/vectors.o
 .debug_macro   0x0000000000001e4e      0xe49 /data/riotbuild/riotbase/ProyectoIARS/BotonesPrueba/bin/cc2538dk/cpu/vectors.o
 .debug_macro   0x0000000000002c97      0x11f /data/riotbuild/riotbase/ProyectoIARS/BotonesPrueba/bin/cc2538dk/cpu/vectors.o
 .debug_macro   0x0000000000002db6     0x123f /data/riotbuild/riotbase/ProyectoIARS/BotonesPrueba/bin/cc2538dk/cpu/vectors.o
 .debug_macro   0x0000000000003ff5       0xd7 /data/riotbuild/riotbase/ProyectoIARS/BotonesPrueba/bin/cc2538dk/cpu/vectors.o
 .debug_macro   0x00000000000040cc       0x18 /data/riotbuild/riotbase/ProyectoIARS/BotonesPrueba/bin/cc2538dk/cpu/vectors.o
 .debug_macro   0x00000000000040e4       0x22 /data/riotbuild/riotbase/ProyectoIARS/BotonesPrueba/bin/cc2538dk/cpu/vectors.o
 .debug_macro   0x0000000000004106       0x11 /data/riotbuild/riotbase/ProyectoIARS/BotonesPrueba/bin/cc2538dk/cpu/vectors.o
 .debug_macro   0x0000000000004117       0x18 /data/riotbuild/riotbase/ProyectoIARS/BotonesPrueba/bin/cc2538dk/cpu/vectors.o
 .debug_macro   0x000000000000412f       0x16 /data/riotbuild/riotbase/ProyectoIARS/BotonesPrueba/bin/cc2538dk/cpu/vectors.o
 .debug_macro   0x0000000000004145       0xd6 /data/riotbuild/riotbase/ProyectoIARS/BotonesPrueba/bin/cc2538dk/cpu/vectors.o
 .debug_macro   0x000000000000421b       0x10 /data/riotbuild/riotbase/ProyectoIARS/BotonesPrueba/bin/cc2538dk/cpu/vectors.o
 .debug_macro   0x000000000000422b       0x35 /data/riotbuild/riotbase/ProyectoIARS/BotonesPrueba/bin/cc2538dk/cpu/vectors.o
 .debug_macro   0x0000000000004260      0x460 /data/riotbuild/riotbase/ProyectoIARS/BotonesPrueba/bin/cc2538dk/cpu/vectors.o
 .debug_macro   0x00000000000046c0       0x2b /data/riotbuild/riotbase/ProyectoIARS/BotonesPrueba/bin/cc2538dk/cpu/vectors.o
 .debug_macro   0x00000000000046eb       0xee /data/riotbuild/riotbase/ProyectoIARS/BotonesPrueba/bin/cc2538dk/cpu/vectors.o
 .debug_macro   0x00000000000047d9       0x28 /data/riotbuild/riotbase/ProyectoIARS/BotonesPrueba/bin/cc2538dk/cpu/vectors.o
 .debug_macro   0x0000000000004801       0x17 /data/riotbuild/riotbase/ProyectoIARS/BotonesPrueba/bin/cc2538dk/cpu/vectors.o
 .debug_macro   0x0000000000004818       0x10 /data/riotbuild/riotbase/ProyectoIARS/BotonesPrueba/bin/cc2538dk/cpu/vectors.o
 .debug_macro   0x0000000000004828       0x12 /data/riotbuild/riotbase/ProyectoIARS/BotonesPrueba/bin/cc2538dk/cpu/vectors.o
 .debug_macro   0x000000000000483a       0x5f /data/riotbuild/riotbase/ProyectoIARS/BotonesPrueba/bin/cc2538dk/cpu/vectors.o
 .debug_macro   0x0000000000004899       0x16 /data/riotbuild/riotbase/ProyectoIARS/BotonesPrueba/bin/cc2538dk/cpu/vectors.o
 .debug_macro   0x00000000000048af      0x129 /data/riotbuild/riotbase/ProyectoIARS/BotonesPrueba/bin/cc2538dk/cpu/vectors.o
 .debug_macro   0x00000000000049d8      0x2dc /data/riotbuild/riotbase/ProyectoIARS/BotonesPrueba/bin/cc2538dk/cpu/vectors.o
 .debug_macro   0x0000000000004cb4      0x82b /data/riotbuild/riotbase/ProyectoIARS/BotonesPrueba/bin/cc2538dk/cpu/vectors.o
 .debug_macro   0x00000000000054df       0xd1 /data/riotbuild/riotbase/ProyectoIARS/BotonesPrueba/bin/cc2538dk/cpu/vectors.o
 .debug_macro   0x00000000000055b0       0x47 /data/riotbuild/riotbase/ProyectoIARS/BotonesPrueba/bin/cc2538dk/cpu/vectors.o
 .debug_macro   0x00000000000055f7       0xd0 /data/riotbuild/riotbase/ProyectoIARS/BotonesPrueba/bin/cc2538dk/cpu/vectors.o
 .debug_macro   0x00000000000056c7       0x1c /data/riotbuild/riotbase/ProyectoIARS/BotonesPrueba/bin/cc2538dk/cpu/vectors.o
 .debug_macro   0x00000000000056e3      0x46d /data/riotbuild/riotbase/ProyectoIARS/BotonesPrueba/bin/cc2538dk/newlib_syscalls_default/syscalls.o
 .debug_macro   0x0000000000005b50      0xa4e /data/riotbuild/riotbase/ProyectoIARS/BotonesPrueba/bin/cc2538dk/newlib_syscalls_default/syscalls.o
 .debug_macro   0x000000000000659e       0x40 /data/riotbuild/riotbase/ProyectoIARS/BotonesPrueba/bin/cc2538dk/newlib_syscalls_default/syscalls.o
 .debug_macro   0x00000000000065de       0x5c /data/riotbuild/riotbase/ProyectoIARS/BotonesPrueba/bin/cc2538dk/newlib_syscalls_default/syscalls.o
 .debug_macro   0x000000000000663a       0x10 /data/riotbuild/riotbase/ProyectoIARS/BotonesPrueba/bin/cc2538dk/newlib_syscalls_default/syscalls.o
 .debug_macro   0x000000000000664a       0x57 /data/riotbuild/riotbase/ProyectoIARS/BotonesPrueba/bin/cc2538dk/newlib_syscalls_default/syscalls.o
 .debug_macro   0x00000000000066a1       0xcf /data/riotbuild/riotbase/ProyectoIARS/BotonesPrueba/bin/cc2538dk/newlib_syscalls_default/syscalls.o
 .debug_macro   0x0000000000006770       0xb7 /data/riotbuild/riotbase/ProyectoIARS/BotonesPrueba/bin/cc2538dk/newlib_syscalls_default/syscalls.o
 .debug_macro   0x0000000000006827      0x4fe /data/riotbuild/riotbase/ProyectoIARS/BotonesPrueba/bin/cc2538dk/newlib_syscalls_default/syscalls.o
 .debug_macro   0x0000000000006d25       0x10 /data/riotbuild/riotbase/ProyectoIARS/BotonesPrueba/bin/cc2538dk/newlib_syscalls_default/syscalls.o
 .debug_macro   0x0000000000006d35       0x10 /data/riotbuild/riotbase/ProyectoIARS/BotonesPrueba/bin/cc2538dk/newlib_syscalls_default/syscalls.o
 .debug_macro   0x0000000000006d45      0x241 /data/riotbuild/riotbase/ProyectoIARS/BotonesPrueba/bin/cc2538dk/newlib_syscalls_default/syscalls.o
 .debug_macro   0x0000000000006f86       0xff /data/riotbuild/riotbase/ProyectoIARS/BotonesPrueba/bin/cc2538dk/newlib_syscalls_default/syscalls.o
 .debug_macro   0x0000000000007085       0x16 /data/riotbuild/riotbase/ProyectoIARS/BotonesPrueba/bin/cc2538dk/newlib_syscalls_default/syscalls.o
 .debug_macro   0x000000000000709b       0x22 /data/riotbuild/riotbase/ProyectoIARS/BotonesPrueba/bin/cc2538dk/newlib_syscalls_default/syscalls.o
 .debug_macro   0x00000000000070bd       0x16 /data/riotbuild/riotbase/ProyectoIARS/BotonesPrueba/bin/cc2538dk/newlib_syscalls_default/syscalls.o
 .debug_macro   0x00000000000070d3       0x16 /data/riotbuild/riotbase/ProyectoIARS/BotonesPrueba/bin/cc2538dk/newlib_syscalls_default/syscalls.o
 .debug_macro   0x00000000000070e9       0x10 /data/riotbuild/riotbase/ProyectoIARS/BotonesPrueba/bin/cc2538dk/newlib_syscalls_default/syscalls.o
 .debug_macro   0x00000000000070f9       0x10 /data/riotbuild/riotbase/ProyectoIARS/BotonesPrueba/bin/cc2538dk/newlib_syscalls_default/syscalls.o
 .debug_macro   0x0000000000007109       0x2e /data/riotbuild/riotbase/ProyectoIARS/BotonesPrueba/bin/cc2538dk/newlib_syscalls_default/syscalls.o
 .debug_macro   0x0000000000007137       0xf5 /data/riotbuild/riotbase/ProyectoIARS/BotonesPrueba/bin/cc2538dk/newlib_syscalls_default/syscalls.o
 .debug_macro   0x000000000000722c       0x34 /data/riotbuild/riotbase/ProyectoIARS/BotonesPrueba/bin/cc2538dk/newlib_syscalls_default/syscalls.o
 .debug_macro   0x0000000000007260      0x345 /data/riotbuild/riotbase/ProyectoIARS/BotonesPrueba/bin/cc2538dk/core.a(sched.o)
 .debug_macro   0x00000000000075a5      0xa4e /data/riotbuild/riotbase/ProyectoIARS/BotonesPrueba/bin/cc2538dk/core.a(sched.o)
 .debug_macro   0x0000000000007ff3      0x16d /data/riotbuild/riotbase/ProyectoIARS/BotonesPrueba/bin/cc2538dk/core.a(sched.o)
 .debug_macro   0x0000000000008160       0xc3 /data/riotbuild/riotbase/ProyectoIARS/BotonesPrueba/bin/cc2538dk/core.a(sched.o)
 .debug_macro   0x0000000000008223       0x3a /data/riotbuild/riotbase/ProyectoIARS/BotonesPrueba/bin/cc2538dk/core.a(sched.o)
 .debug_macro   0x000000000000825d      0x34d /data/riotbuild/riotbase/ProyectoIARS/BotonesPrueba/bin/cc2538dk/core.a(sched.o)
 .debug_macro   0x00000000000085aa       0x25 /data/riotbuild/riotbase/ProyectoIARS/BotonesPrueba/bin/cc2538dk/core.a(sched.o)
 .debug_macro   0x00000000000085cf       0x2e /data/riotbuild/riotbase/ProyectoIARS/BotonesPrueba/bin/cc2538dk/core.a(sched.o)
 .debug_macro   0x00000000000085fd       0x1c /data/riotbuild/riotbase/ProyectoIARS/BotonesPrueba/bin/cc2538dk/core.a(sched.o)
 .debug_macro   0x0000000000008619       0x1c /data/riotbuild/riotbase/ProyectoIARS/BotonesPrueba/bin/cc2538dk/core.a(sched.o)
 .debug_macro   0x0000000000008635      0x32d /data/riotbuild/riotbase/ProyectoIARS/BotonesPrueba/bin/cc2538dk/cortexm_common.a(thread_arch.o)
 .debug_macro   0x0000000000008962      0xa4e /data/riotbuild/riotbase/ProyectoIARS/BotonesPrueba/bin/cc2538dk/cortexm_common.a(thread_arch.o)
 .debug_macro   0x00000000000093b0       0x1c /data/riotbuild/riotbase/ProyectoIARS/BotonesPrueba/bin/cc2538dk/cortexm_common.a(thread_arch.o)
 .debug_macro   0x00000000000093cc      0x39b /data/riotbuild/riotbase/ProyectoIARS/BotonesPrueba/bin/cc2538dk/cortexm_common.a(vectors_cortexm.o)
 .debug_macro   0x0000000000009767      0xa4e /data/riotbuild/riotbase/ProyectoIARS/BotonesPrueba/bin/cc2538dk/cortexm_common.a(vectors_cortexm.o)
 .debug_macro   0x000000000000a1b5       0x16 /data/riotbuild/riotbase/ProyectoIARS/BotonesPrueba/bin/cc2538dk/cortexm_common.a(vectors_cortexm.o)
 .debug_macro   0x000000000000a1cb      0x31d /data/riotbuild/riotbase/ProyectoIARS/BotonesPrueba/bin/cc2538dk/cortexm_common.a(irq_arch.o)
 .debug_macro   0x000000000000a4e8      0xa4e /data/riotbuild/riotbase/ProyectoIARS/BotonesPrueba/bin/cc2538dk/cortexm_common.a(irq_arch.o)
 .debug_macro   0x000000000000af36      0x42e /data/riotbuild/riotbase/ProyectoIARS/BotonesPrueba/bin/cc2538dk/stdio_uart.a(stdio_uart.o)
 .debug_macro   0x000000000000b364      0xa4e /data/riotbuild/riotbase/ProyectoIARS/BotonesPrueba/bin/cc2538dk/stdio_uart.a(stdio_uart.o)
 .debug_macro   0x000000000000bdb2      0x23b /data/riotbuild/riotbase/ProyectoIARS/BotonesPrueba/bin/cc2538dk/stdio_uart.a(stdio_uart.o)
 .debug_macro   0x000000000000bfed       0x16 /data/riotbuild/riotbase/ProyectoIARS/BotonesPrueba/bin/cc2538dk/stdio_uart.a(stdio_uart.o)
 .debug_macro   0x000000000000c003       0x16 /data/riotbuild/riotbase/ProyectoIARS/BotonesPrueba/bin/cc2538dk/stdio_uart.a(stdio_uart.o)
 .debug_macro   0x000000000000c019       0x10 /data/riotbuild/riotbase/ProyectoIARS/BotonesPrueba/bin/cc2538dk/stdio_uart.a(stdio_uart.o)
 .debug_macro   0x000000000000c029       0x16 /data/riotbuild/riotbase/ProyectoIARS/BotonesPrueba/bin/cc2538dk/stdio_uart.a(stdio_uart.o)
 .debug_macro   0x000000000000c03f      0x36e /data/riotbuild/riotbase/ProyectoIARS/BotonesPrueba/bin/cc2538dk/periph_common.a(pm.o)
 .debug_macro   0x000000000000c3ad      0xa4e /data/riotbuild/riotbase/ProyectoIARS/BotonesPrueba/bin/cc2538dk/periph_common.a(pm.o)
 .debug_macro   0x000000000000cdfb      0x367 /data/riotbuild/riotbase/ProyectoIARS/BotonesPrueba/bin/cc2538dk/board.a(board.o)
 .debug_macro   0x000000000000d162      0xa4e /data/riotbuild/riotbase/ProyectoIARS/BotonesPrueba/bin/cc2538dk/board.a(board.o)
 .debug_macro   0x000000000000dbb0      0x377 /data/riotbuild/riotbase/ProyectoIARS/BotonesPrueba/bin/cc2538dk/core.a(panic.o)
 .debug_macro   0x000000000000df27      0xa4e /data/riotbuild/riotbase/ProyectoIARS/BotonesPrueba/bin/cc2538dk/core.a(panic.o)
 .debug_macro   0x000000000000e975       0x10 /data/riotbuild/riotbase/ProyectoIARS/BotonesPrueba/bin/cc2538dk/core.a(panic.o)
 .debug_macro   0x000000000000e985      0x3b4 /data/riotbuild/riotbase/ProyectoIARS/BotonesPrueba/bin/cc2538dk/core.a(kernel_init.o)
 .debug_macro   0x000000000000ed39      0xa4e /data/riotbuild/riotbase/ProyectoIARS/BotonesPrueba/bin/cc2538dk/core.a(kernel_init.o)
 .debug_macro   0x000000000000f787       0xdc /data/riotbuild/riotbase/ProyectoIARS/BotonesPrueba/bin/cc2538dk/core.a(kernel_init.o)
 .debug_macro   0x000000000000f863      0x347 /data/riotbuild/riotbase/ProyectoIARS/BotonesPrueba/bin/cc2538dk/core.a(thread.o)
 .debug_macro   0x000000000000fbaa      0xa4e /data/riotbuild/riotbase/ProyectoIARS/BotonesPrueba/bin/cc2538dk/core.a(thread.o)
 .debug_macro   0x00000000000105f8      0x34f /data/riotbuild/riotbase/ProyectoIARS/BotonesPrueba/bin/cc2538dk/cpu.a(cpu.o)
 .debug_macro   0x0000000000010947      0xa4e /data/riotbuild/riotbase/ProyectoIARS/BotonesPrueba/bin/cc2538dk/cpu.a(cpu.o)
 .debug_macro   0x0000000000011395      0x3d4 /data/riotbuild/riotbase/ProyectoIARS/BotonesPrueba/bin/cc2538dk/periph.a(uart.o)
 .debug_macro   0x0000000000011769      0xa4e /data/riotbuild/riotbase/ProyectoIARS/BotonesPrueba/bin/cc2538dk/periph.a(uart.o)
 .debug_macro   0x00000000000121b7      0x34f /data/riotbuild/riotbase/ProyectoIARS/BotonesPrueba/bin/cc2538dk/periph.a(pm.o)
 .debug_macro   0x0000000000012506      0xa4e /data/riotbuild/riotbase/ProyectoIARS/BotonesPrueba/bin/cc2538dk/periph.a(pm.o)
 .debug_macro   0x0000000000012f54      0x37d /data/riotbuild/riotbase/ProyectoIARS/BotonesPrueba/bin/cc2538dk/periph.a(gpio.o)
 .debug_macro   0x00000000000132d1      0xa4e /data/riotbuild/riotbase/ProyectoIARS/BotonesPrueba/bin/cc2538dk/periph.a(gpio.o)
 .debug_macro   0x0000000000013d1f       0x1a /data/riotbuild/riotbase/ProyectoIARS/BotonesPrueba/bin/cc2538dk/periph_common.a(init.o)
 .debug_macro   0x0000000000013d39      0xa4e /data/riotbuild/riotbase/ProyectoIARS/BotonesPrueba/bin/cc2538dk/periph_common.a(init.o)
 .debug_macro   0x0000000000014787      0x379 /data/riotbuild/riotbase/ProyectoIARS/BotonesPrueba/bin/cc2538dk/application_BotonesPrueba.a(main.o)
 .debug_macro   0x0000000000014b00      0xa4e /data/riotbuild/riotbase/ProyectoIARS/BotonesPrueba/bin/cc2538dk/application_BotonesPrueba.a(main.o)
 .debug_macro   0x000000000001554e      0x329 /data/riotbuild/riotbase/ProyectoIARS/BotonesPrueba/bin/cc2538dk/auto_init.a(auto_init.o)
 .debug_macro   0x0000000000015877      0xa4e /data/riotbuild/riotbase/ProyectoIARS/BotonesPrueba/bin/cc2538dk/auto_init.a(auto_init.o)
 .debug_macro   0x00000000000162c5      0x31d /data/riotbuild/riotbase/ProyectoIARS/BotonesPrueba/bin/cc2538dk/cortexm_common.a(cortexm_init.o)
 .debug_macro   0x00000000000165e2      0xa4e /data/riotbuild/riotbase/ProyectoIARS/BotonesPrueba/bin/cc2538dk/cortexm_common.a(cortexm_init.o)

.debug_line     0x0000000000000000     0x9007
 .debug_line    0x0000000000000000      0x74a /data/riotbuild/riotbase/ProyectoIARS/BotonesPrueba/bin/cc2538dk/cpu/vectors.o
 .debug_line    0x000000000000074a      0x995 /data/riotbuild/riotbase/ProyectoIARS/BotonesPrueba/bin/cc2538dk/newlib_syscalls_default/syscalls.o
 .debug_line    0x00000000000010df      0x70a /data/riotbuild/riotbase/ProyectoIARS/BotonesPrueba/bin/cc2538dk/core.a(sched.o)
 .debug_line    0x00000000000017e9      0x74e /data/riotbuild/riotbase/ProyectoIARS/BotonesPrueba/bin/cc2538dk/cortexm_common.a(thread_arch.o)
 .debug_line    0x0000000000001f37      0x896 /data/riotbuild/riotbase/ProyectoIARS/BotonesPrueba/bin/cc2538dk/cortexm_common.a(vectors_cortexm.o)
 .debug_line    0x00000000000027cd      0x6af /data/riotbuild/riotbase/ProyectoIARS/BotonesPrueba/bin/cc2538dk/cortexm_common.a(irq_arch.o)
 .debug_line    0x0000000000002e7c      0x81b /data/riotbuild/riotbase/ProyectoIARS/BotonesPrueba/bin/cc2538dk/stdio_uart.a(stdio_uart.o)
 .debug_line    0x0000000000003697      0x6f7 /data/riotbuild/riotbase/ProyectoIARS/BotonesPrueba/bin/cc2538dk/periph_common.a(pm.o)
 .debug_line    0x0000000000003d8e      0x742 /data/riotbuild/riotbase/ProyectoIARS/BotonesPrueba/bin/cc2538dk/board.a(board.o)
 .debug_line    0x00000000000044d0      0x72e /data/riotbuild/riotbase/ProyectoIARS/BotonesPrueba/bin/cc2538dk/core.a(panic.o)
 .debug_line    0x0000000000004bfe      0x77f /data/riotbuild/riotbase/ProyectoIARS/BotonesPrueba/bin/cc2538dk/core.a(kernel_init.o)
 .debug_line    0x000000000000537d      0x794 /data/riotbuild/riotbase/ProyectoIARS/BotonesPrueba/bin/cc2538dk/core.a(thread.o)
 .debug_line    0x0000000000005b11      0x687 /data/riotbuild/riotbase/ProyectoIARS/BotonesPrueba/bin/cc2538dk/cpu.a(cpu.o)
 .debug_line    0x0000000000006198      0x82d /data/riotbuild/riotbase/ProyectoIARS/BotonesPrueba/bin/cc2538dk/periph.a(uart.o)
 .debug_line    0x00000000000069c5      0x6e8 /data/riotbuild/riotbase/ProyectoIARS/BotonesPrueba/bin/cc2538dk/periph.a(pm.o)
 .debug_line    0x00000000000070ad      0x997 /data/riotbuild/riotbase/ProyectoIARS/BotonesPrueba/bin/cc2538dk/periph.a(gpio.o)
 .debug_line    0x0000000000007a44       0xc2 /data/riotbuild/riotbase/ProyectoIARS/BotonesPrueba/bin/cc2538dk/periph_common.a(init.o)
 .debug_line    0x0000000000007b06      0x7d8 /data/riotbuild/riotbase/ProyectoIARS/BotonesPrueba/bin/cc2538dk/application_BotonesPrueba.a(main.o)
 .debug_line    0x00000000000082de      0x678 /data/riotbuild/riotbase/ProyectoIARS/BotonesPrueba/bin/cc2538dk/auto_init.a(auto_init.o)
 .debug_line    0x0000000000008956      0x6b1 /data/riotbuild/riotbase/ProyectoIARS/BotonesPrueba/bin/cc2538dk/cortexm_common.a(cortexm_init.o)

.debug_str      0x0000000000000000    0x1ef68
 .debug_str     0x0000000000000000    0x1b0ec /data/riotbuild/riotbase/ProyectoIARS/BotonesPrueba/bin/cc2538dk/cpu/vectors.o
                                      0x1b467 (size before relaxing)
 .debug_str     0x000000000001b0ec     0x1db9 /data/riotbuild/riotbase/ProyectoIARS/BotonesPrueba/bin/cc2538dk/newlib_syscalls_default/syscalls.o
                                      0x1ce7f (size before relaxing)
 .debug_str     0x000000000001cea5      0x36b /data/riotbuild/riotbase/ProyectoIARS/BotonesPrueba/bin/cc2538dk/core.a(sched.o)
                                      0x17d75 (size before relaxing)
 .debug_str     0x000000000001d210      0x248 /data/riotbuild/riotbase/ProyectoIARS/BotonesPrueba/bin/cc2538dk/cortexm_common.a(thread_arch.o)
                                      0x17bc3 (size before relaxing)
 .debug_str     0x000000000001d458      0x42f /data/riotbuild/riotbase/ProyectoIARS/BotonesPrueba/bin/cc2538dk/cortexm_common.a(vectors_cortexm.o)
                                      0x1b5e0 (size before relaxing)
 .debug_str     0x000000000001d887       0xd2 /data/riotbuild/riotbase/ProyectoIARS/BotonesPrueba/bin/cc2538dk/cortexm_common.a(irq_arch.o)
                                      0x17a57 (size before relaxing)
 .debug_str     0x000000000001d959      0x27e /data/riotbuild/riotbase/ProyectoIARS/BotonesPrueba/bin/cc2538dk/stdio_uart.a(stdio_uart.o)
                                      0x1c84d (size before relaxing)
 .debug_str     0x000000000001dbd7       0xab /data/riotbuild/riotbase/ProyectoIARS/BotonesPrueba/bin/cc2538dk/periph_common.a(pm.o)
                                      0x1a926 (size before relaxing)
 .debug_str     0x000000000001dc82       0xf3 /data/riotbuild/riotbase/ProyectoIARS/BotonesPrueba/bin/cc2538dk/board.a(board.o)
                                      0x1b118 (size before relaxing)
 .debug_str     0x000000000001dd75       0xb0 /data/riotbuild/riotbase/ProyectoIARS/BotonesPrueba/bin/cc2538dk/core.a(panic.o)
                                      0x1aa82 (size before relaxing)
 .debug_str     0x000000000001de25       0xe9 /data/riotbuild/riotbase/ProyectoIARS/BotonesPrueba/bin/cc2538dk/core.a(kernel_init.o)
                                      0x1afc4 (size before relaxing)
 .debug_str     0x000000000001df0e      0x16a /data/riotbuild/riotbase/ProyectoIARS/BotonesPrueba/bin/cc2538dk/core.a(thread.o)
                                      0x181cd (size before relaxing)
 .debug_str     0x000000000001e078      0x35f /data/riotbuild/riotbase/ProyectoIARS/BotonesPrueba/bin/cc2538dk/cpu.a(cpu.o)
                                      0x17d47 (size before relaxing)
 .debug_str     0x000000000001e3d7      0x517 /data/riotbuild/riotbase/ProyectoIARS/BotonesPrueba/bin/cc2538dk/periph.a(uart.o)
                                      0x1bc0c (size before relaxing)
 .debug_str     0x000000000001e8ee       0x5c /data/riotbuild/riotbase/ProyectoIARS/BotonesPrueba/bin/cc2538dk/periph.a(pm.o)
                                      0x1a7c3 (size before relaxing)
 .debug_str     0x000000000001e94a      0x241 /data/riotbuild/riotbase/ProyectoIARS/BotonesPrueba/bin/cc2538dk/periph.a(gpio.o)
                                      0x1b6ea (size before relaxing)
 .debug_str     0x000000000001eb8b       0x82 /data/riotbuild/riotbase/ProyectoIARS/BotonesPrueba/bin/cc2538dk/periph_common.a(init.o)
                                       0x2fcf (size before relaxing)
 .debug_str     0x000000000001ec0d      0x15f /data/riotbuild/riotbase/ProyectoIARS/BotonesPrueba/bin/cc2538dk/application_BotonesPrueba.a(main.o)
                                      0x1b261 (size before relaxing)
 .debug_str     0x000000000001ed6c       0xa8 /data/riotbuild/riotbase/ProyectoIARS/BotonesPrueba/bin/cc2538dk/auto_init.a(auto_init.o)
                                      0x17abb (size before relaxing)
 .debug_str     0x000000000001ee14      0x154 /data/riotbuild/riotbase/ProyectoIARS/BotonesPrueba/bin/cc2538dk/cortexm_common.a(cortexm_init.o)
                                      0x17e60 (size before relaxing)

.comment        0x0000000000000000       0x7f
 .comment       0x0000000000000000       0x7f /data/riotbuild/riotbase/ProyectoIARS/BotonesPrueba/bin/cc2538dk/cpu/vectors.o
                                         0x80 (size before relaxing)
 .comment       0x000000000000007f       0x80 /data/riotbuild/riotbase/ProyectoIARS/BotonesPrueba/bin/cc2538dk/newlib_syscalls_default/syscalls.o
 .comment       0x000000000000007f       0x80 /data/riotbuild/riotbase/ProyectoIARS/BotonesPrueba/bin/cc2538dk/core.a(sched.o)
 .comment       0x000000000000007f       0x80 /data/riotbuild/riotbase/ProyectoIARS/BotonesPrueba/bin/cc2538dk/cortexm_common.a(thread_arch.o)
 .comment       0x000000000000007f       0x80 /data/riotbuild/riotbase/ProyectoIARS/BotonesPrueba/bin/cc2538dk/cortexm_common.a(vectors_cortexm.o)
 .comment       0x000000000000007f       0x80 /data/riotbuild/riotbase/ProyectoIARS/BotonesPrueba/bin/cc2538dk/cortexm_common.a(irq_arch.o)
 .comment       0x000000000000007f       0x80 /data/riotbuild/riotbase/ProyectoIARS/BotonesPrueba/bin/cc2538dk/stdio_uart.a(stdio_uart.o)
 .comment       0x000000000000007f       0x80 /data/riotbuild/riotbase/ProyectoIARS/BotonesPrueba/bin/cc2538dk/periph_common.a(pm.o)
 .comment       0x000000000000007f       0x80 /data/riotbuild/riotbase/ProyectoIARS/BotonesPrueba/bin/cc2538dk/board.a(board.o)
 .comment       0x000000000000007f       0x80 /data/riotbuild/riotbase/ProyectoIARS/BotonesPrueba/bin/cc2538dk/core.a(panic.o)
 .comment       0x000000000000007f       0x80 /data/riotbuild/riotbase/ProyectoIARS/BotonesPrueba/bin/cc2538dk/core.a(kernel_init.o)
 .comment       0x000000000000007f       0x80 /data/riotbuild/riotbase/ProyectoIARS/BotonesPrueba/bin/cc2538dk/core.a(thread.o)
 .comment       0x000000000000007f       0x80 /data/riotbuild/riotbase/ProyectoIARS/BotonesPrueba/bin/cc2538dk/cpu.a(cpu.o)
 .comment       0x000000000000007f       0x80 /data/riotbuild/riotbase/ProyectoIARS/BotonesPrueba/bin/cc2538dk/periph.a(uart.o)
 .comment       0x000000000000007f       0x80 /data/riotbuild/riotbase/ProyectoIARS/BotonesPrueba/bin/cc2538dk/periph.a(pm.o)
 .comment       0x000000000000007f       0x80 /data/riotbuild/riotbase/ProyectoIARS/BotonesPrueba/bin/cc2538dk/periph.a(gpio.o)
 .comment       0x000000000000007f       0x80 /data/riotbuild/riotbase/ProyectoIARS/BotonesPrueba/bin/cc2538dk/periph_common.a(init.o)
 .comment       0x000000000000007f       0x80 /data/riotbuild/riotbase/ProyectoIARS/BotonesPrueba/bin/cc2538dk/application_BotonesPrueba.a(main.o)
 .comment       0x000000000000007f       0x80 /data/riotbuild/riotbase/ProyectoIARS/BotonesPrueba/bin/cc2538dk/auto_init.a(auto_init.o)
 .comment       0x000000000000007f       0x80 /data/riotbuild/riotbase/ProyectoIARS/BotonesPrueba/bin/cc2538dk/cortexm_common.a(cortexm_init.o)

.ARM.attributes
                0x0000000000000000       0x33
 .ARM.attributes
                0x0000000000000000       0x33 /data/riotbuild/riotbase/ProyectoIARS/BotonesPrueba/bin/cc2538dk/cpu/vectors.o
 .ARM.attributes
                0x0000000000000033       0x33 /data/riotbuild/riotbase/ProyectoIARS/BotonesPrueba/bin/cc2538dk/newlib_syscalls_default/syscalls.o
 .ARM.attributes
                0x0000000000000066       0x33 /data/riotbuild/riotbase/ProyectoIARS/BotonesPrueba/bin/cc2538dk/core.a(sched.o)
 .ARM.attributes
                0x0000000000000099       0x33 /data/riotbuild/riotbase/ProyectoIARS/BotonesPrueba/bin/cc2538dk/cortexm_common.a(thread_arch.o)
 .ARM.attributes
                0x00000000000000cc       0x33 /data/riotbuild/riotbase/ProyectoIARS/BotonesPrueba/bin/cc2538dk/cortexm_common.a(vectors_cortexm.o)
 .ARM.attributes
                0x00000000000000ff       0x33 /data/riotbuild/riotbase/ProyectoIARS/BotonesPrueba/bin/cc2538dk/cortexm_common.a(irq_arch.o)
 .ARM.attributes
                0x0000000000000132       0x33 /data/riotbuild/riotbase/ProyectoIARS/BotonesPrueba/bin/cc2538dk/stdio_uart.a(stdio_uart.o)
 .ARM.attributes
                0x0000000000000165       0x33 /data/riotbuild/riotbase/ProyectoIARS/BotonesPrueba/bin/cc2538dk/periph_common.a(pm.o)
 .ARM.attributes
                0x0000000000000198       0x33 /data/riotbuild/riotbase/ProyectoIARS/BotonesPrueba/bin/cc2538dk/board.a(board.o)
 .ARM.attributes
                0x00000000000001cb       0x33 /data/riotbuild/riotbase/ProyectoIARS/BotonesPrueba/bin/cc2538dk/core.a(panic.o)
 .ARM.attributes
                0x00000000000001fe       0x33 /data/riotbuild/riotbase/ProyectoIARS/BotonesPrueba/bin/cc2538dk/core.a(kernel_init.o)
 .ARM.attributes
                0x0000000000000231       0x33 /data/riotbuild/riotbase/ProyectoIARS/BotonesPrueba/bin/cc2538dk/core.a(thread.o)
 .ARM.attributes
                0x0000000000000264       0x33 /data/riotbuild/riotbase/ProyectoIARS/BotonesPrueba/bin/cc2538dk/cpu.a(cpu.o)
 .ARM.attributes
                0x0000000000000297       0x33 /data/riotbuild/riotbase/ProyectoIARS/BotonesPrueba/bin/cc2538dk/periph.a(uart.o)
 .ARM.attributes
                0x00000000000002ca       0x33 /data/riotbuild/riotbase/ProyectoIARS/BotonesPrueba/bin/cc2538dk/periph.a(pm.o)
 .ARM.attributes
                0x00000000000002fd       0x33 /data/riotbuild/riotbase/ProyectoIARS/BotonesPrueba/bin/cc2538dk/periph.a(gpio.o)
 .ARM.attributes
                0x0000000000000330       0x33 /data/riotbuild/riotbase/ProyectoIARS/BotonesPrueba/bin/cc2538dk/periph_common.a(init.o)
 .ARM.attributes
                0x0000000000000363       0x33 /data/riotbuild/riotbase/ProyectoIARS/BotonesPrueba/bin/cc2538dk/application_BotonesPrueba.a(main.o)
 .ARM.attributes
                0x0000000000000396       0x33 /data/riotbuild/riotbase/ProyectoIARS/BotonesPrueba/bin/cc2538dk/auto_init.a(auto_init.o)
 .ARM.attributes
                0x00000000000003c9       0x33 /data/riotbuild/riotbase/ProyectoIARS/BotonesPrueba/bin/cc2538dk/cortexm_common.a(cortexm_init.o)
 .ARM.attributes
                0x00000000000003fc       0x2d /opt/gcc-arm-none-eabi-7-2018-q2-update/bin/../lib/gcc/arm-none-eabi/7.3.1/../../../../arm-none-eabi/lib/thumb/v7-m/libc_nano.a(lib_a-impure.o)
 .ARM.attributes
                0x0000000000000429       0x2d /opt/gcc-arm-none-eabi-7-2018-q2-update/bin/../lib/gcc/arm-none-eabi/7.3.1/../../../../arm-none-eabi/lib/thumb/v7-m/libc_nano.a(lib_a-init.o)
 .ARM.attributes
                0x0000000000000456       0x2d /opt/gcc-arm-none-eabi-7-2018-q2-update/bin/../lib/gcc/arm-none-eabi/7.3.1/../../../../arm-none-eabi/lib/thumb/v7-m/libc_nano.a(lib_a-printf.o)
 .ARM.attributes
                0x0000000000000483       0x2d /opt/gcc-arm-none-eabi-7-2018-q2-update/bin/../lib/gcc/arm-none-eabi/7.3.1/../../../../arm-none-eabi/lib/thumb/v7-m/libc_nano.a(lib_a-puts.o)
 .ARM.attributes
                0x00000000000004b0       0x2d /opt/gcc-arm-none-eabi-7-2018-q2-update/bin/../lib/gcc/arm-none-eabi/7.3.1/../../../../arm-none-eabi/lib/thumb/v7-m/libc_nano.a(lib_a-wbuf.o)
 .ARM.attributes
                0x00000000000004dd       0x2d /opt/gcc-arm-none-eabi-7-2018-q2-update/bin/../lib/gcc/arm-none-eabi/7.3.1/../../../../arm-none-eabi/lib/thumb/v7-m/libc_nano.a(lib_a-wsetup.o)
 .ARM.attributes
                0x000000000000050a       0x2d /opt/gcc-arm-none-eabi-7-2018-q2-update/bin/../lib/gcc/arm-none-eabi/7.3.1/../../../../arm-none-eabi/lib/thumb/v7-m/libc_nano.a(lib_a-fflush.o)
 .ARM.attributes
                0x0000000000000537       0x2d /opt/gcc-arm-none-eabi-7-2018-q2-update/bin/../lib/gcc/arm-none-eabi/7.3.1/../../../../arm-none-eabi/lib/thumb/v7-m/libc_nano.a(lib_a-findfp.o)
 .ARM.attributes
                0x0000000000000564       0x2d /opt/gcc-arm-none-eabi-7-2018-q2-update/bin/../lib/gcc/arm-none-eabi/7.3.1/../../../../arm-none-eabi/lib/thumb/v7-m/libc_nano.a(lib_a-fwalk.o)
 .ARM.attributes
                0x0000000000000591       0x2d /opt/gcc-arm-none-eabi-7-2018-q2-update/bin/../lib/gcc/arm-none-eabi/7.3.1/../../../../arm-none-eabi/lib/thumb/v7-m/libc_nano.a(lib_a-makebuf.o)
 .ARM.attributes
                0x00000000000005be       0x2d /opt/gcc-arm-none-eabi-7-2018-q2-update/bin/../lib/gcc/arm-none-eabi/7.3.1/../../../../arm-none-eabi/lib/thumb/v7-m/libc_nano.a(lib_a-memset.o)
 .ARM.attributes
                0x00000000000005eb       0x2d /opt/gcc-arm-none-eabi-7-2018-q2-update/bin/../lib/gcc/arm-none-eabi/7.3.1/../../../../arm-none-eabi/lib/thumb/v7-m/libc_nano.a(lib_a-nano-freer.o)
 .ARM.attributes
                0x0000000000000618       0x2d /opt/gcc-arm-none-eabi-7-2018-q2-update/bin/../lib/gcc/arm-none-eabi/7.3.1/../../../../arm-none-eabi/lib/thumb/v7-m/libc_nano.a(lib_a-nano-mallocr.o)
 .ARM.attributes
                0x0000000000000645       0x2d /opt/gcc-arm-none-eabi-7-2018-q2-update/bin/../lib/gcc/arm-none-eabi/7.3.1/../../../../arm-none-eabi/lib/thumb/v7-m/libc_nano.a(lib_a-nano-vfprintf.o)
 .ARM.attributes
                0x0000000000000672       0x2d /opt/gcc-arm-none-eabi-7-2018-q2-update/bin/../lib/gcc/arm-none-eabi/7.3.1/../../../../arm-none-eabi/lib/thumb/v7-m/libc_nano.a(lib_a-nano-vfprintf_i.o)
 .ARM.attributes
                0x000000000000069f       0x2d /opt/gcc-arm-none-eabi-7-2018-q2-update/bin/../lib/gcc/arm-none-eabi/7.3.1/../../../../arm-none-eabi/lib/thumb/v7-m/libc_nano.a(lib_a-stdio.o)
 .ARM.attributes
                0x00000000000006cc       0x2d /opt/gcc-arm-none-eabi-7-2018-q2-update/bin/../lib/gcc/arm-none-eabi/7.3.1/../../../../arm-none-eabi/lib/thumb/v7-m/libc_nano.a(lib_a-memchr-stub.o)
 .ARM.attributes
                0x00000000000006f9       0x2d /opt/gcc-arm-none-eabi-7-2018-q2-update/bin/../lib/gcc/arm-none-eabi/7.3.1/../../../../arm-none-eabi/lib/thumb/v7-m/libc_nano.a(lib_a-mlock.o)

.debug_frame    0x0000000000000000      0xfac
 .debug_frame   0x0000000000000000       0x20 /data/riotbuild/riotbase/ProyectoIARS/BotonesPrueba/bin/cc2538dk/cpu/vectors.o
 .debug_frame   0x0000000000000020      0x16c /data/riotbuild/riotbase/ProyectoIARS/BotonesPrueba/bin/cc2538dk/newlib_syscalls_default/syscalls.o
 .debug_frame   0x000000000000018c       0x78 /data/riotbuild/riotbase/ProyectoIARS/BotonesPrueba/bin/cc2538dk/core.a(sched.o)
 .debug_frame   0x0000000000000204       0xbc /data/riotbuild/riotbase/ProyectoIARS/BotonesPrueba/bin/cc2538dk/cortexm_common.a(thread_arch.o)
 .debug_frame   0x00000000000002c0      0x118 /data/riotbuild/riotbase/ProyectoIARS/BotonesPrueba/bin/cc2538dk/cortexm_common.a(vectors_cortexm.o)
 .debug_frame   0x00000000000003d8       0x50 /data/riotbuild/riotbase/ProyectoIARS/BotonesPrueba/bin/cc2538dk/cortexm_common.a(irq_arch.o)
 .debug_frame   0x0000000000000428       0x48 /data/riotbuild/riotbase/ProyectoIARS/BotonesPrueba/bin/cc2538dk/stdio_uart.a(stdio_uart.o)
 .debug_frame   0x0000000000000470       0x28 /data/riotbuild/riotbase/ProyectoIARS/BotonesPrueba/bin/cc2538dk/periph_common.a(pm.o)
 .debug_frame   0x0000000000000498       0x2c /data/riotbuild/riotbase/ProyectoIARS/BotonesPrueba/bin/cc2538dk/board.a(board.o)
 .debug_frame   0x00000000000004c4       0x38 /data/riotbuild/riotbase/ProyectoIARS/BotonesPrueba/bin/cc2538dk/core.a(panic.o)
 .debug_frame   0x00000000000004fc       0x58 /data/riotbuild/riotbase/ProyectoIARS/BotonesPrueba/bin/cc2538dk/core.a(kernel_init.o)
 .debug_frame   0x0000000000000554      0x100 /data/riotbuild/riotbase/ProyectoIARS/BotonesPrueba/bin/cc2538dk/core.a(thread.o)
 .debug_frame   0x0000000000000654       0x2c /data/riotbuild/riotbase/ProyectoIARS/BotonesPrueba/bin/cc2538dk/cpu.a(cpu.o)
 .debug_frame   0x0000000000000680       0x9c /data/riotbuild/riotbase/ProyectoIARS/BotonesPrueba/bin/cc2538dk/periph.a(uart.o)
 .debug_frame   0x000000000000071c       0x20 /data/riotbuild/riotbase/ProyectoIARS/BotonesPrueba/bin/cc2538dk/periph.a(pm.o)
 .debug_frame   0x000000000000073c      0x16c /data/riotbuild/riotbase/ProyectoIARS/BotonesPrueba/bin/cc2538dk/periph.a(gpio.o)
 .debug_frame   0x00000000000008a8       0x20 /data/riotbuild/riotbase/ProyectoIARS/BotonesPrueba/bin/cc2538dk/periph_common.a(init.o)
 .debug_frame   0x00000000000008c8       0xa4 /data/riotbuild/riotbase/ProyectoIARS/BotonesPrueba/bin/cc2538dk/application_BotonesPrueba.a(main.o)
 .debug_frame   0x000000000000096c       0x20 /data/riotbuild/riotbase/ProyectoIARS/BotonesPrueba/bin/cc2538dk/auto_init.a(auto_init.o)
 .debug_frame   0x000000000000098c       0x38 /data/riotbuild/riotbase/ProyectoIARS/BotonesPrueba/bin/cc2538dk/cortexm_common.a(cortexm_init.o)
 .debug_frame   0x00000000000009c4       0x2c /opt/gcc-arm-none-eabi-7-2018-q2-update/bin/../lib/gcc/arm-none-eabi/7.3.1/../../../../arm-none-eabi/lib/thumb/v7-m/libc_nano.a(lib_a-init.o)
 .debug_frame   0x00000000000009f0       0x74 /opt/gcc-arm-none-eabi-7-2018-q2-update/bin/../lib/gcc/arm-none-eabi/7.3.1/../../../../arm-none-eabi/lib/thumb/v7-m/libc_nano.a(lib_a-printf.o)
 .debug_frame   0x0000000000000a64       0x3c /opt/gcc-arm-none-eabi-7-2018-q2-update/bin/../lib/gcc/arm-none-eabi/7.3.1/../../../../arm-none-eabi/lib/thumb/v7-m/libc_nano.a(lib_a-puts.o)
 .debug_frame   0x0000000000000aa0       0x40 /opt/gcc-arm-none-eabi-7-2018-q2-update/bin/../lib/gcc/arm-none-eabi/7.3.1/../../../../arm-none-eabi/lib/thumb/v7-m/libc_nano.a(lib_a-wbuf.o)
 .debug_frame   0x0000000000000ae0       0x2c /opt/gcc-arm-none-eabi-7-2018-q2-update/bin/../lib/gcc/arm-none-eabi/7.3.1/../../../../arm-none-eabi/lib/thumb/v7-m/libc_nano.a(lib_a-wsetup.o)
 .debug_frame   0x0000000000000b0c       0x68 /opt/gcc-arm-none-eabi-7-2018-q2-update/bin/../lib/gcc/arm-none-eabi/7.3.1/../../../../arm-none-eabi/lib/thumb/v7-m/libc_nano.a(lib_a-fflush.o)
 .debug_frame   0x0000000000000b74      0x11c /opt/gcc-arm-none-eabi-7-2018-q2-update/bin/../lib/gcc/arm-none-eabi/7.3.1/../../../../arm-none-eabi/lib/thumb/v7-m/libc_nano.a(lib_a-findfp.o)
 .debug_frame   0x0000000000000c90       0x54 /opt/gcc-arm-none-eabi-7-2018-q2-update/bin/../lib/gcc/arm-none-eabi/7.3.1/../../../../arm-none-eabi/lib/thumb/v7-m/libc_nano.a(lib_a-fwalk.o)
 .debug_frame   0x0000000000000ce4       0x58 /opt/gcc-arm-none-eabi-7-2018-q2-update/bin/../lib/gcc/arm-none-eabi/7.3.1/../../../../arm-none-eabi/lib/thumb/v7-m/libc_nano.a(lib_a-makebuf.o)
 .debug_frame   0x0000000000000d3c       0x20 /opt/gcc-arm-none-eabi-7-2018-q2-update/bin/../lib/gcc/arm-none-eabi/7.3.1/../../../../arm-none-eabi/lib/thumb/v7-m/libc_nano.a(lib_a-memset.o)
 .debug_frame   0x0000000000000d5c       0x38 /opt/gcc-arm-none-eabi-7-2018-q2-update/bin/../lib/gcc/arm-none-eabi/7.3.1/../../../../arm-none-eabi/lib/thumb/v7-m/libc_nano.a(lib_a-nano-freer.o)
 .debug_frame   0x0000000000000d94       0x2c /opt/gcc-arm-none-eabi-7-2018-q2-update/bin/../lib/gcc/arm-none-eabi/7.3.1/../../../../arm-none-eabi/lib/thumb/v7-m/libc_nano.a(lib_a-nano-mallocr.o)
 .debug_frame   0x0000000000000dc0       0xac /opt/gcc-arm-none-eabi-7-2018-q2-update/bin/../lib/gcc/arm-none-eabi/7.3.1/../../../../arm-none-eabi/lib/thumb/v7-m/libc_nano.a(lib_a-nano-vfprintf.o)
 .debug_frame   0x0000000000000e6c       0x60 /opt/gcc-arm-none-eabi-7-2018-q2-update/bin/../lib/gcc/arm-none-eabi/7.3.1/../../../../arm-none-eabi/lib/thumb/v7-m/libc_nano.a(lib_a-nano-vfprintf_i.o)
 .debug_frame   0x0000000000000ecc       0x88 /opt/gcc-arm-none-eabi-7-2018-q2-update/bin/../lib/gcc/arm-none-eabi/7.3.1/../../../../arm-none-eabi/lib/thumb/v7-m/libc_nano.a(lib_a-stdio.o)
 .debug_frame   0x0000000000000f54       0x28 /opt/gcc-arm-none-eabi-7-2018-q2-update/bin/../lib/gcc/arm-none-eabi/7.3.1/../../../../arm-none-eabi/lib/thumb/v7-m/libc_nano.a(lib_a-memchr-stub.o)
 .debug_frame   0x0000000000000f7c       0x30 /opt/gcc-arm-none-eabi-7-2018-q2-update/bin/../lib/gcc/arm-none-eabi/7.3.1/../../../../arm-none-eabi/lib/thumb/v7-m/libc_nano.a(lib_a-mlock.o)

.debug_loc      0x0000000000000000     0x1950
 .debug_loc     0x0000000000000000      0x3b8 /data/riotbuild/riotbase/ProyectoIARS/BotonesPrueba/bin/cc2538dk/newlib_syscalls_default/syscalls.o
 .debug_loc     0x00000000000003b8      0x185 /data/riotbuild/riotbase/ProyectoIARS/BotonesPrueba/bin/cc2538dk/core.a(sched.o)
 .debug_loc     0x000000000000053d      0x1ba /data/riotbuild/riotbase/ProyectoIARS/BotonesPrueba/bin/cc2538dk/cortexm_common.a(thread_arch.o)
 .debug_loc     0x00000000000006f7      0x29f /data/riotbuild/riotbase/ProyectoIARS/BotonesPrueba/bin/cc2538dk/cortexm_common.a(vectors_cortexm.o)
 .debug_loc     0x0000000000000996       0x13 /data/riotbuild/riotbase/ProyectoIARS/BotonesPrueba/bin/cc2538dk/cortexm_common.a(irq_arch.o)
 .debug_loc     0x00000000000009a9       0x76 /data/riotbuild/riotbase/ProyectoIARS/BotonesPrueba/bin/cc2538dk/stdio_uart.a(stdio_uart.o)
 .debug_loc     0x0000000000000a1f       0x52 /data/riotbuild/riotbase/ProyectoIARS/BotonesPrueba/bin/cc2538dk/core.a(panic.o)
 .debug_loc     0x0000000000000a71       0x42 /data/riotbuild/riotbase/ProyectoIARS/BotonesPrueba/bin/cc2538dk/core.a(kernel_init.o)
 .debug_loc     0x0000000000000ab3      0x4ec /data/riotbuild/riotbase/ProyectoIARS/BotonesPrueba/bin/cc2538dk/core.a(thread.o)
 .debug_loc     0x0000000000000f9f      0x29c /data/riotbuild/riotbase/ProyectoIARS/BotonesPrueba/bin/cc2538dk/periph.a(uart.o)
 .debug_loc     0x000000000000123b      0x5e3 /data/riotbuild/riotbase/ProyectoIARS/BotonesPrueba/bin/cc2538dk/periph.a(gpio.o)
 .debug_loc     0x000000000000181e       0x1f /data/riotbuild/riotbase/ProyectoIARS/BotonesPrueba/bin/cc2538dk/application_BotonesPrueba.a(main.o)
 .debug_loc     0x000000000000183d      0x113 /data/riotbuild/riotbase/ProyectoIARS/BotonesPrueba/bin/cc2538dk/cortexm_common.a(cortexm_init.o)